Archive member included to satisfy reference by file (symbol)

/home/rob/Projects/ChibiStudio/ChibiStudio_20/tools/GNU Tools ARM Embedded/9.2.1 2019q4/bin/../lib/gcc/arm-none-eabi/9.2.1/../../../../arm-none-eabi/lib/thumb/v7-m/nofp/libg.a(lib_a-atoi.o)
                              ./build/obj/comm.o (symbol from plugin) (atoi)
/home/rob/Projects/ChibiStudio/ChibiStudio_20/tools/GNU Tools ARM Embedded/9.2.1 2019q4/bin/../lib/gcc/arm-none-eabi/9.2.1/../../../../arm-none-eabi/lib/thumb/v7-m/nofp/libg.a(lib_a-ctype_.o)
                              ./build/obj/myStringfunctions.o (symbol from plugin) (_ctype_)
/home/rob/Projects/ChibiStudio/ChibiStudio_20/tools/GNU Tools ARM Embedded/9.2.1 2019q4/bin/../lib/gcc/arm-none-eabi/9.2.1/../../../../arm-none-eabi/lib/thumb/v7-m/nofp/libg.a(lib_a-strtol.o)
                              /home/rob/Projects/ChibiStudio/ChibiStudio_20/tools/GNU Tools ARM Embedded/9.2.1 2019q4/bin/../lib/gcc/arm-none-eabi/9.2.1/../../../../arm-none-eabi/lib/thumb/v7-m/nofp/libg.a(lib_a-atoi.o) (_strtol_r)
/home/rob/Projects/ChibiStudio/ChibiStudio_20/tools/GNU Tools ARM Embedded/9.2.1 2019q4/bin/../lib/gcc/arm-none-eabi/9.2.1/../../../../arm-none-eabi/lib/thumb/v7-m/nofp/libg.a(lib_a-impure.o)
                              /home/rob/Projects/ChibiStudio/ChibiStudio_20/tools/GNU Tools ARM Embedded/9.2.1 2019q4/bin/../lib/gcc/arm-none-eabi/9.2.1/../../../../arm-none-eabi/lib/thumb/v7-m/nofp/libg.a(lib_a-strtol.o) (_impure_ptr)
/home/rob/Projects/ChibiStudio/ChibiStudio_20/tools/GNU Tools ARM Embedded/9.2.1 2019q4/bin/../lib/gcc/arm-none-eabi/9.2.1/thumb/v7-m/nofp/libgcc.a(_arm_muldf3.o)
                              /tmp/ch.elf.rjpbtE.ltrans0.ltrans.o (__aeabi_dmul)
/home/rob/Projects/ChibiStudio/ChibiStudio_20/tools/GNU Tools ARM Embedded/9.2.1 2019q4/bin/../lib/gcc/arm-none-eabi/9.2.1/thumb/v7-m/nofp/libgcc.a(_arm_mulsf3.o)
                              /tmp/ch.elf.rjpbtE.ltrans0.ltrans.o (__aeabi_fmul)
/home/rob/Projects/ChibiStudio/ChibiStudio_20/tools/GNU Tools ARM Embedded/9.2.1 2019q4/bin/../lib/gcc/arm-none-eabi/9.2.1/thumb/v7-m/nofp/libgcc.a(_arm_addsubdf3.o)
                              /tmp/ch.elf.rjpbtE.ltrans0.ltrans.o (__aeabi_dsub)
/home/rob/Projects/ChibiStudio/ChibiStudio_20/tools/GNU Tools ARM Embedded/9.2.1 2019q4/bin/../lib/gcc/arm-none-eabi/9.2.1/thumb/v7-m/nofp/libgcc.a(_arm_muldivdf3.o)
                              /tmp/ch.elf.rjpbtE.ltrans0.ltrans.o (__aeabi_ddiv)
/home/rob/Projects/ChibiStudio/ChibiStudio_20/tools/GNU Tools ARM Embedded/9.2.1 2019q4/bin/../lib/gcc/arm-none-eabi/9.2.1/thumb/v7-m/nofp/libgcc.a(_arm_fixunsdfsi.o)
                              /tmp/ch.elf.rjpbtE.ltrans0.ltrans.o (__aeabi_d2uiz)
/home/rob/Projects/ChibiStudio/ChibiStudio_20/tools/GNU Tools ARM Embedded/9.2.1 2019q4/bin/../lib/gcc/arm-none-eabi/9.2.1/thumb/v7-m/nofp/libgcc.a(_arm_truncdfsf2.o)
                              /tmp/ch.elf.rjpbtE.ltrans0.ltrans.o (__aeabi_d2f)
/home/rob/Projects/ChibiStudio/ChibiStudio_20/tools/GNU Tools ARM Embedded/9.2.1 2019q4/bin/../lib/gcc/arm-none-eabi/9.2.1/thumb/v7-m/nofp/libgcc.a(_arm_addsubsf3.o)
                              /tmp/ch.elf.rjpbtE.ltrans0.ltrans.o (__aeabi_fadd)
/home/rob/Projects/ChibiStudio/ChibiStudio_20/tools/GNU Tools ARM Embedded/9.2.1 2019q4/bin/../lib/gcc/arm-none-eabi/9.2.1/thumb/v7-m/nofp/libgcc.a(_arm_muldivsf3.o)
                              /tmp/ch.elf.rjpbtE.ltrans0.ltrans.o (__aeabi_fdiv)
/home/rob/Projects/ChibiStudio/ChibiStudio_20/tools/GNU Tools ARM Embedded/9.2.1 2019q4/bin/../lib/gcc/arm-none-eabi/9.2.1/thumb/v7-m/nofp/libgcc.a(_arm_cmpsf2.o)
                              /tmp/ch.elf.rjpbtE.ltrans0.ltrans.o (__aeabi_fcmplt)
/home/rob/Projects/ChibiStudio/ChibiStudio_20/tools/GNU Tools ARM Embedded/9.2.1 2019q4/bin/../lib/gcc/arm-none-eabi/9.2.1/thumb/v7-m/nofp/libgcc.a(_arm_fixunssfsi.o)
                              /tmp/ch.elf.rjpbtE.ltrans0.ltrans.o (__aeabi_f2uiz)
/home/rob/Projects/ChibiStudio/ChibiStudio_20/tools/GNU Tools ARM Embedded/9.2.1 2019q4/bin/../lib/gcc/arm-none-eabi/9.2.1/thumb/v7-m/nofp/libgcc.a(_aeabi_ldivmod.o)
                              /tmp/ch.elf.rjpbtE.ltrans0.ltrans.o (__aeabi_ldivmod)
/home/rob/Projects/ChibiStudio/ChibiStudio_20/tools/GNU Tools ARM Embedded/9.2.1 2019q4/bin/../lib/gcc/arm-none-eabi/9.2.1/thumb/v7-m/nofp/libgcc.a(_aeabi_uldivmod.o)
                              /tmp/ch.elf.rjpbtE.ltrans0.ltrans.o (__aeabi_uldivmod)
/home/rob/Projects/ChibiStudio/ChibiStudio_20/tools/GNU Tools ARM Embedded/9.2.1 2019q4/bin/../lib/gcc/arm-none-eabi/9.2.1/thumb/v7-m/nofp/libgcc.a(_udivmoddi4.o)
                              /home/rob/Projects/ChibiStudio/ChibiStudio_20/tools/GNU Tools ARM Embedded/9.2.1 2019q4/bin/../lib/gcc/arm-none-eabi/9.2.1/thumb/v7-m/nofp/libgcc.a(_aeabi_ldivmod.o) (__udivmoddi4)
/home/rob/Projects/ChibiStudio/ChibiStudio_20/tools/GNU Tools ARM Embedded/9.2.1 2019q4/bin/../lib/gcc/arm-none-eabi/9.2.1/thumb/v7-m/nofp/libgcc.a(_dvmd_tls.o)
[...]
Memory Configuration

Name             Origin             Length             Attributes
flash0           0x0000000008000000 0x0000000000020000 xr
flash1           0x0000000000000000 0x0000000000000000 xr
flash2           0x0000000000000000 0x0000000000000000 xr
flash3           0x0000000000000000 0x0000000000000000 xr
flash4           0x0000000000000000 0x0000000000000000 xr
flash5           0x0000000000000000 0x0000000000000000 xr
flash6           0x0000000000000000 0x0000000000000000 xr
flash7           0x0000000000000000 0x0000000000000000 xr
ram0             0x0000000020000000 0x0000000000005000 xw
ram1             0x0000000000000000 0x0000000000000000 xw
ram2             0x0000000000000000 0x0000000000000000 xw
ram3             0x0000000000000000 0x0000000000000000 xw
ram4             0x0000000000000000 0x0000000000000000 xw
ram5             0x0000000000000000 0x0000000000000000 xw
ram6             0x0000000000000000 0x0000000000000000 xw
ram7             0x0000000000000000 0x0000000000000000 xw
*default*        0x0000000000000000 0xffffffffffffffff

Linker script and memory map

LOAD ./build/obj/crt0_v7m.o
LOAD ./build/obj/vectors.o
LOAD ./build/obj/chcoreasm_v7m.o
LOAD /tmp/ch.elf.rjpbtE.ltrans0.ltrans.o
LOAD /tmp/ccxcre9H.debug.temp.o
LOAD /tmp/ccWsdY7w.debug.temp.o
LOAD /tmp/ccUcHg6y.debug.temp.o
LOAD /tmp/ccKFNT6q.debug.temp.o
LOAD /tmp/ccV5ihLJ.debug.temp.o
LOAD /tmp/cc3QlS73.debug.temp.o
LOAD /tmp/cc4UlaUF.debug.temp.o
LOAD /tmp/ccM4HH2M.debug.temp.o
LOAD /tmp/ccj7sGMQ.debug.temp.o
LOAD /tmp/ccOcU7P2.debug.temp.o
LOAD /tmp/cc793Sft.debug.temp.o
LOAD /tmp/ccVyGInK.debug.temp.o
LOAD /tmp/cc9a5zPZ.debug.temp.o
LOAD /tmp/ccTEzPSm.debug.temp.o
LOAD /tmp/ccCYX1Ub.debug.temp.o
LOAD /tmp/ccMyssJr.debug.temp.o
LOAD /tmp/ccQXCard.debug.temp.o
LOAD /tmp/ccHnaxHg.debug.temp.o
LOAD /tmp/ccP0P2jc.debug.temp.o
LOAD /tmp/ccSwd9n3.debug.temp.o
LOAD /tmp/cc47ZPlb.debug.temp.o
LOAD /tmp/ccTOPBJS.debug.temp.o
LOAD /tmp/ccuiumlP.debug.temp.o
LOAD /tmp/ccLSHbNJ.debug.temp.o
LOAD /tmp/cc9WbHfV.debug.temp.o
LOAD /tmp/cccLmp3I.debug.temp.o
LOAD /tmp/ccG9PEFm.debug.temp.o
LOAD /tmp/ccQ0upp6.debug.temp.o
LOAD /tmp/ccCLXuQz.debug.temp.o
LOAD /tmp/ccSuSefw.debug.temp.o
LOAD /tmp/ccM6RxNM.debug.temp.o
LOAD /tmp/cc1b5TF6.debug.temp.o
LOAD /tmp/cc5qo6ZH.debug.temp.o
LOAD /tmp/cc5MYBsd.debug.temp.o
LOAD /tmp/ccf0WMsS.debug.temp.o
LOAD /tmp/ccPUHwjD.debug.temp.o
LOAD /tmp/ccGahpkH.debug.temp.o
LOAD /tmp/ccXpKgjS.debug.temp.o
LOAD /tmp/ccsBcoHs.debug.temp.o
LOAD /tmp/ccYCsCpQ.debug.temp.o
LOAD /tmp/ccvcLuip.debug.temp.o
LOAD /tmp/ccjBs3KZ.debug.temp.o
LOAD /tmp/ccFn2KIh.debug.temp.o
LOAD /tmp/ccm41tfb.debug.temp.o
LOAD /tmp/ccLMuASC.debug.temp.o
LOAD /tmp/ccMjPLnC.debug.temp.o
LOAD /tmp/ccwFlGxH.debug.temp.o
LOAD /tmp/ccoeDPrj.debug.temp.o
LOAD /tmp/ccPzidrH.debug.temp.o
LOAD /tmp/cc7hNJqy.debug.temp.o
LOAD /tmp/ccqeQJQ5.debug.temp.o
LOAD /tmp/ccfluWEP.debug.temp.o
LOAD /tmp/ccbr0ikK.debug.temp.o
LOAD /tmp/ccQlCKL1.debug.temp.o
LOAD /tmp/ccP5aeFZ.debug.temp.o
LOAD /tmp/ccKJ8Ks4.debug.temp.o
LOAD /tmp/ccYu9tSm.debug.temp.o
LOAD /tmp/cc2Hp32s.debug.temp.o
LOAD /tmp/ccyLmKOd.debug.temp.o
LOAD /tmp/ccuB0OOo.debug.temp.o
LOAD /tmp/ccBgAX6q.debug.temp.o
LOAD /tmp/ccusb7k6.debug.temp.o
LOAD /tmp/cc6Emk2c.debug.temp.o

.mstack         0x0000000020000000      0x400
                0x0000000020000000                . = ALIGN (0x8)
                0x0000000020000000                __main_stack_base__ = .
                0x0000000020000400                . = (. + __main_stack_size__)
 *fill*         0x0000000020000000      0x400 
                0x0000000020000400                . = ALIGN (0x8)
                0x0000000020000400                __main_stack_end__ = .

.pstack         0x0000000020000400      0x400
                0x0000000020000400                . = ALIGN (0x8)
                0x0000000020000400                __process_stack_base__ = .
                0x0000000020000400                __main_thread_stack_base__ = .
                0x0000000020000800                . = (. + __process_stack_size__)
 *fill*         0x0000000020000400      0x400 
                0x0000000020000800                . = ALIGN (0x8)
                0x0000000020000800                __process_stack_end__ = .
                0x0000000020000800                __main_thread_stack_end__ = .

.vectors        0x0000000008000000      0x160
 *(.vectors)
 .vectors       0x0000000008000000      0x160 ./build/obj/vectors.o
                0x0000000008000000                _vectors

.xtors          0x0000000008000160        0x0
                0x0000000008000160                __init_array_base__ = .
 *(SORT_BY_NAME(.init_array.*))
 *(.init_array)
                0x0000000008000160                __init_array_end__ = .
                0x0000000008000160                __fini_array_base__ = .
 *(.fini_array)
 *(SORT_BY_NAME(.fini_array.*))
                0x0000000008000160                __fini_array_end__ = .

.text           0x0000000008000160     0x5f9c
                0x0000000008000160                __text_base__ = .
 *(.text)
 .text          0x0000000008000160       0xd8 ./build/obj/crt0_v7m.o
                0x0000000008000160                _crt0_entry
 .text          0x0000000008000238        0x8 ./build/obj/vectors.o
                0x0000000008000238                Reset_Handler
                0x000000000800023a                Vector58
                0x000000000800023a                VectorE8
                0x000000000800023a                Vector9C
                0x000000000800023a                DebugMon_Handler
                0x000000000800023a                Vector5C
                0x000000000800023a                Vector11C
                0x000000000800023a                HardFault_Handler
                0x000000000800023a                Vector8C
                0x000000000800023a                SysTick_Handler
                0x000000000800023a                VectorDC
                0x000000000800023a                PendSV_Handler
                0x000000000800023a                NMI_Handler
                0x000000000800023a                Vector110
                0x000000000800023a                Vector120
                0x000000000800023a                VectorC8
                0x000000000800023a                Vector94
                0x000000000800023a                VectorA8
                0x000000000800023a                UsageFault_Handler
                0x000000000800023a                VectorEC
                0x000000000800023a                Vector40
                0x000000000800023a                VectorF8
                0x000000000800023a                Vector108
                0x000000000800023a                Vector150
                0x000000000800023a                Vector124
                0x000000000800023a                Vector148
                0x000000000800023a                Vector118
                0x000000000800023a                Vector64
                0x000000000800023a                VectorCC
                0x000000000800023a                Vector54
                0x000000000800023a                Vector98
                0x000000000800023a                Vector138
                0x000000000800023a                Vector24
                0x000000000800023a                SecureFault_Handler
                0x000000000800023a                VectorD0
                0x000000000800023a                Vector140
                0x000000000800023a                VectorE4
                0x000000000800023a                Vector158
                0x000000000800023a                Vector130
                0x000000000800023a                Vector134
                0x000000000800023a                VectorF0
                0x000000000800023a                Vector12C
                0x000000000800023a                Vector13C
                0x000000000800023a                Vector100
                0x000000000800023a                VectorE0
                0x000000000800023a                VectorF4
                0x000000000800023a                MemManage_Handler
                0x000000000800023a                VectorA0
                0x000000000800023a                VectorC4
                0x000000000800023a                Vector90
                0x000000000800023a                Vector114
                0x000000000800023a                Vector60
                0x000000000800023a                Vector48
                0x000000000800023a                VectorD4
                0x000000000800023a                Vector4C
                0x000000000800023a                Vector144
                0x000000000800023a                Vector15C
                0x000000000800023a                Vector68
                0x000000000800023a                Vector88
                0x000000000800023a                Vector104
                0x000000000800023a                Vector10C
                0x000000000800023a                Vector14C
                0x000000000800023a                BusFault_Handler
                0x000000000800023a                Vector50
                0x000000000800023a                Vector154
                0x000000000800023a                Vector44
                0x000000000800023a                Vector28
                0x000000000800023a                VectorFC
                0x000000000800023a                Vector34
                0x000000000800023a                Vector128
                0x000000000800023a                Vector20
                0x000000000800023e                _unhandled_exception
 .text          0x0000000008000240       0x2a ./build/obj/chcoreasm_v7m.o
                0x0000000008000240                _port_switch
                0x0000000008000250                _port_thread_start
                0x0000000008000262                _port_switch_from_isr
                0x0000000008000266                _port_exit_from_isr
 *fill*         0x000000000800026a        0x2 
 .text          0x000000000800026c       0xec /home/rob/Projects/ChibiStudio/ChibiStudio_20/tools/GNU Tools ARM Embedded/9.2.1 2019q4/bin/../lib/gcc/arm-none-eabi/9.2.1/../../../../arm-none-eabi/lib/thumb/v7-m/nofp/libg.a(lib_a-memcpy.o)
                0x000000000800026c                memcpy
 .text          0x0000000008000358      0x1bc /home/rob/Projects/ChibiStudio/ChibiStudio_20/tools/GNU Tools ARM Embedded/9.2.1 2019q4/bin/../lib/gcc/arm-none-eabi/9.2.1/../../../../arm-none-eabi/lib/thumb/v7-m/nofp/libg.a(lib_a-strcmp.o)
                0x0000000008000358                strcmp
 .text          0x0000000008000514      0x378 /home/rob/Projects/ChibiStudio/ChibiStudio_20/tools/GNU Tools ARM Embedded/9.2.1 2019q4/bin/../lib/gcc/arm-none-eabi/9.2.1/thumb/v7-m/nofp/libgcc.a(_arm_addsubdf3.o)
                0x0000000008000514                __aeabi_drsub
                0x000000000800051c                __aeabi_dsub
                0x000000000800051c                __subdf3
                0x0000000008000520                __adddf3
                0x0000000008000520                __aeabi_dadd
                0x0000000008000798                __aeabi_ui2d
                0x0000000008000798                __floatunsidf
                0x00000000080007b8                __floatsidf
                0x00000000080007b8                __aeabi_i2d
                0x00000000080007dc                __extendsfdf2
                0x00000000080007dc                __aeabi_f2d
                0x0000000008000820                __aeabi_ul2d
                0x0000000008000820                __floatundidf
                0x0000000008000830                __floatdidf
                0x0000000008000830                __aeabi_l2d
 .text          0x000000000800088c      0x424 /home/rob/Projects/ChibiStudio/ChibiStudio_20/tools/GNU Tools ARM Embedded/9.2.1 2019q4/bin/../lib/gcc/arm-none-eabi/9.2.1/thumb/v7-m/nofp/libgcc.a(_arm_muldivdf3.o)
                0x000000000800088c                __aeabi_dmul
                0x000000000800088c                __muldf3
                0x0000000008000ae0                __aeabi_ddiv
                0x0000000008000ae0                __divdf3
 .text          0x0000000008000cb0       0x40 /home/rob/Projects/ChibiStudio/ChibiStudio_20/tools/GNU Tools ARM Embedded/9.2.1 2019q4/bin/../lib/gcc/arm-none-eabi/9.2.1/thumb/v7-m/nofp/libgcc.a(_arm_fixunsdfsi.o)
                0x0000000008000cb0                __fixunsdfsi
                0x0000000008000cb0                __aeabi_d2uiz
 .text          0x0000000008000cf0       0xa0 /home/rob/Projects/ChibiStudio/ChibiStudio_20/tools/GNU Tools ARM Embedded/9.2.1 2019q4/bin/../lib/gcc/arm-none-eabi/9.2.1/thumb/v7-m/nofp/libgcc.a(_arm_truncdfsf2.o)
                0x0000000008000cf0                __aeabi_d2f
                0x0000000008000cf0                __truncdfsf2
 .text          0x0000000008000d90      0x21c /home/rob/Projects/ChibiStudio/ChibiStudio_20/tools/GNU Tools ARM Embedded/9.2.1 2019q4/bin/../lib/gcc/arm-none-eabi/9.2.1/thumb/v7-m/nofp/libgcc.a(_arm_addsubsf3.o)
                0x0000000008000d90                __aeabi_frsub
                0x0000000008000d98                __subsf3
                0x0000000008000d98                __aeabi_fsub
                0x0000000008000d9c                __aeabi_fadd
                0x0000000008000d9c                __addsf3
                0x0000000008000efc                __aeabi_ui2f
                0x0000000008000efc                __floatunsisf
                0x0000000008000f04                __aeabi_i2f
                0x0000000008000f04                __floatsisf
                0x0000000008000f20                __floatundisf
                0x0000000008000f20                __aeabi_ul2f
                0x0000000008000f30                __floatdisf
                0x0000000008000f30                __aeabi_l2f
 .text          0x0000000008000fac      0x2a0 /home/rob/Projects/ChibiStudio/ChibiStudio_20/tools/GNU Tools ARM Embedded/9.2.1 2019q4/bin/../lib/gcc/arm-none-eabi/9.2.1/thumb/v7-m/nofp/libgcc.a(_arm_muldivsf3.o)
                0x0000000008000fac                __mulsf3
                0x0000000008000fac                __aeabi_fmul
                0x0000000008001114                __divsf3
                0x0000000008001114                __aeabi_fdiv
 .text          0x000000000800124c       0xec /home/rob/Projects/ChibiStudio/ChibiStudio_20/tools/GNU Tools ARM Embedded/9.2.1 2019q4/bin/../lib/gcc/arm-none-eabi/9.2.1/thumb/v7-m/nofp/libgcc.a(_arm_cmpsf2.o)
                0x000000000800124c                __gtsf2
                0x000000000800124c                __gesf2
                0x0000000008001254                __lesf2
                0x0000000008001254                __ltsf2
                0x000000000800125c                __nesf2
                0x000000000800125c                __eqsf2
                0x000000000800125c                __cmpsf2
                0x00000000080012bc                __aeabi_cfrcmple
                0x00000000080012c4                __aeabi_cfcmple
                0x00000000080012c4                __aeabi_cfcmpeq
                0x00000000080012d4                __aeabi_fcmpeq
                0x00000000080012e8                __aeabi_fcmplt
                0x00000000080012fc                __aeabi_fcmple
                0x0000000008001310                __aeabi_fcmpge
                0x0000000008001324                __aeabi_fcmpgt
 .text          0x0000000008001338       0x40 /home/rob/Projects/ChibiStudio/ChibiStudio_20/tools/GNU Tools ARM Embedded/9.2.1 2019q4/bin/../lib/gcc/arm-none-eabi/9.2.1/thumb/v7-m/nofp/libgcc.a(_arm_fixunssfsi.o)
                0x0000000008001338                __aeabi_f2uiz
                0x0000000008001338                __fixunssfsi
 .text          0x0000000008001378       0x30 /home/rob/Projects/ChibiStudio/ChibiStudio_20/tools/GNU Tools ARM Embedded/9.2.1 2019q4/bin/../lib/gcc/arm-none-eabi/9.2.1/thumb/v7-m/nofp/libgcc.a(_aeabi_uldivmod.o)
                0x0000000008001378                __aeabi_uldivmod
 .text          0x00000000080013a8      0x2c4 /home/rob/Projects/ChibiStudio/ChibiStudio_20/tools/GNU Tools ARM Embedded/9.2.1 2019q4/bin/../lib/gcc/arm-none-eabi/9.2.1/thumb/v7-m/nofp/libgcc.a(_udivmoddi4.o)
                0x00000000080013a8                __udivmoddi4
 .text          0x000000000800166c        0x4 /home/rob/Projects/ChibiStudio/ChibiStudio_20/tools/GNU Tools ARM Embedded/9.2.1 2019q4/bin/../lib/gcc/arm-none-eabi/9.2.1/thumb/v7-m/nofp/libgcc.a(_dvmd_tls.o)
                0x000000000800166c                __aeabi_ldiv0
                0x000000000800166c                __aeabi_idiv0
 *(.text.*)
 .text.dmaStreamAllocI.part.0.constprop.0
                0x0000000008001670       0xbc /tmp/ch.elf.rjpbtE.ltrans0.ltrans.o
 *fill*         0x000000000800172c        0x4 
 .text.get_pos_u16.constprop.0
                0x0000000008001730       0x90 /tmp/ch.elf.rjpbtE.ltrans0.ltrans.o
 .text.chCoreAllocFromTop
                0x00000000080017c0       0x3c /tmp/ch.elf.rjpbtE.ltrans0.ltrans.o
 *fill*         0x00000000080017fc        0x4 
 .text.notify2  0x0000000008001800       0x10 /tmp/ch.elf.rjpbtE.ltrans0.ltrans.o
 .text.ch_Speed
                0x0000000008001810       0x54 /tmp/ch.elf.rjpbtE.ltrans0.ltrans.o
 *fill*         0x0000000008001864        0xc 
 .text.icuoverflowcb
                0x0000000008001870       0x18 /tmp/ch.elf.rjpbtE.ltrans0.ltrans.o
 *fill*         0x0000000008001888        0x8 
 .text.icuperiodcb
                0x0000000008001890       0x28 /tmp/ch.elf.rjpbtE.ltrans0.ltrans.o
 *fill*         0x00000000080018b8        0x8 
 .text.eepfs_getposition
                0x00000000080018c0        0x4 /tmp/ch.elf.rjpbtE.ltrans0.ltrans.o
 *fill*         0x00000000080018c4        0xc 
 .text._port_irq_epilogue
                0x00000000080018d0       0x4c /tmp/ch.elf.rjpbtE.ltrans0.ltrans.o
 *fill*         0x000000000800191c        0x4 
 .text.chCoreAllocAlignedI
                0x0000000008001920       0x28 /tmp/ch.elf.rjpbtE.ltrans0.ltrans.o
 *fill*         0x0000000008001948        0x8 
 .text.chTMStopMeasurementX
                0x0000000008001950       0x44 /tmp/ch.elf.rjpbtE.ltrans0.ltrans.o
 *fill*         0x0000000008001994        0xc 
 .text.chTMStartMeasurementX
                0x00000000080019a0        0xc /tmp/ch.elf.rjpbtE.ltrans0.ltrans.o
 *fill*         0x00000000080019ac        0x4 
 .text.chThdCreateSuspendedI
                0x00000000080019b0       0x7c /tmp/ch.elf.rjpbtE.ltrans0.ltrans.o
 *fill*         0x0000000008001a2c        0x4 
 .text.wakeup   0x0000000008001a30       0x6c /tmp/ch.elf.rjpbtE.ltrans0.ltrans.o
 *fill*         0x0000000008001a9c        0x4 
 .text.chSchReadyI
                0x0000000008001aa0       0x24 /tmp/ch.elf.rjpbtE.ltrans0.ltrans.o
 *fill*         0x0000000008001ac4        0xc 
 .text.chEvtBroadcastFlagsI
                0x0000000008001ad0       0x58 /tmp/ch.elf.rjpbtE.ltrans0.ltrans.o
 *fill*         0x0000000008001b28        0x8 
 .text._idle_thread
                0x0000000008001b30        0x4 /tmp/ch.elf.rjpbtE.ltrans0.ltrans.o
 *fill*         0x0000000008001b34        0xc 
 .text.icu_lld_serve_interrupt
                0x0000000008001b40       0x8c /tmp/ch.elf.rjpbtE.ltrans0.ltrans.o
 *fill*         0x0000000008001bcc        0x4 
 .text.i2c_lld_serve_tx_end_irq
                0x0000000008001bd0       0x3c /tmp/ch.elf.rjpbtE.ltrans0.ltrans.o
 *fill*         0x0000000008001c0c        0x4 
 .text.i2c_lld_serve_rx_end_irq
                0x0000000008001c10       0x68 /tmp/ch.elf.rjpbtE.ltrans0.ltrans.o
 *fill*         0x0000000008001c78        0x8 
 .text._pal_lld_setgroupmode
                0x0000000008001c80       0x6c /tmp/ch.elf.rjpbtE.ltrans0.ltrans.o
 *fill*         0x0000000008001cec        0x4 
 .text.dmaServeInterrupt
                0x0000000008001cf0       0x3c /tmp/ch.elf.rjpbtE.ltrans0.ltrans.o
 *fill*         0x0000000008001d2c        0x4 
 .text.eepfs_get
                0x0000000008001d30        0x4 /tmp/ch.elf.rjpbtE.ltrans0.ltrans.o
 *fill*         0x0000000008001d34        0xc 
 .text.eepfs_put
                0x0000000008001d40        0x4 /tmp/ch.elf.rjpbtE.ltrans0.ltrans.o
 *fill*         0x0000000008001d44        0xc 
 .text.eepfs_geterror
                0x0000000008001d50        0x4 /tmp/ch.elf.rjpbtE.ltrans0.ltrans.o
 *fill*         0x0000000008001d54        0xc 
 .text.eepfs_close
                0x0000000008001d60       0x10 /tmp/ch.elf.rjpbtE.ltrans0.ltrans.o
 .text.eepfs_lseek
                0x0000000008001d70       0x18 /tmp/ch.elf.rjpbtE.ltrans0.ltrans.o
 *fill*         0x0000000008001d88        0x8 
 .text.eepfs_getsize
                0x0000000008001d90        0xc /tmp/ch.elf.rjpbtE.ltrans0.ltrans.o
 *fill*         0x0000000008001d9c        0x4 
 .text._ctl     0x0000000008001da0        0x4 /tmp/ch.elf.rjpbtE.ltrans0.ltrans.o
 *fill*         0x0000000008001da4        0xc 
 .text.chSchWakeupS.constprop.0
                0x0000000008001db0       0x58 /tmp/ch.elf.rjpbtE.ltrans0.ltrans.o
 *fill*         0x0000000008001e08        0x8 
 .text.chSchGoSleepS
                0x0000000008001e10       0x28 /tmp/ch.elf.rjpbtE.ltrans0.ltrans.o
 *fill*         0x0000000008001e38        0x8 
 .text.chMtxLock
                0x0000000008001e40       0xd0 /tmp/ch.elf.rjpbtE.ltrans0.ltrans.o
 .text.chThdExitS
                0x0000000008001f10       0x48 /tmp/ch.elf.rjpbtE.ltrans0.ltrans.o
 *fill*         0x0000000008001f58        0x8 
 .text.chSchGoSleepTimeoutS
                0x0000000008001f60      0x144 /tmp/ch.elf.rjpbtE.ltrans0.ltrans.o
 *fill*         0x00000000080020a4        0xc 
 .text.chThdEnqueueTimeoutS
                0x00000000080020b0       0x28 /tmp/ch.elf.rjpbtE.ltrans0.ltrans.o
 *fill*         0x00000000080020d8        0x8 
 .text.oqPutTimeout
                0x00000000080020e0       0x54 /tmp/ch.elf.rjpbtE.ltrans0.ltrans.o
 *fill*         0x0000000008002134        0xc 
 .text._putt    0x0000000008002140        0x8 /tmp/ch.elf.rjpbtE.ltrans0.ltrans.o
 *fill*         0x0000000008002148        0x8 
 .text._put     0x0000000008002150        0xc /tmp/ch.elf.rjpbtE.ltrans0.ltrans.o
 *fill*         0x000000000800215c        0x4 
 .text.iqGetTimeout
                0x0000000008002160       0x54 /tmp/ch.elf.rjpbtE.ltrans0.ltrans.o
 *fill*         0x00000000080021b4        0xc 
 .text._gett    0x00000000080021c0        0x8 /tmp/ch.elf.rjpbtE.ltrans0.ltrans.o
 *fill*         0x00000000080021c8        0x8 
 .text._get     0x00000000080021d0        0xc /tmp/ch.elf.rjpbtE.ltrans0.ltrans.o
 *fill*         0x00000000080021dc        0x4 
 .text.chThdSleep
                0x00000000080021e0       0x18 /tmp/ch.elf.rjpbtE.ltrans0.ltrans.o
 *fill*         0x00000000080021f8        0x8 
 .text.Thread1  0x0000000008002200       0xa0 /tmp/ch.elf.rjpbtE.ltrans0.ltrans.o
 .text.i2c_lld_master_transmit_timeout
                0x00000000080022a0       0xf8 /tmp/ch.elf.rjpbtE.ltrans0.ltrans.o
 *fill*         0x0000000008002398        0x8 
 .text.get_history
                0x00000000080023a0       0xf0 /tmp/ch.elf.rjpbtE.ltrans0.ltrans.o
 .text.oqWriteTimeout
                0x0000000008002490       0xd4 /tmp/ch.elf.rjpbtE.ltrans0.ltrans.o
 *fill*         0x0000000008002564        0xc 
 .text._writet  0x0000000008002570        0x8 /tmp/ch.elf.rjpbtE.ltrans0.ltrans.o
 *fill*         0x0000000008002578        0x8 
 .text._write   0x0000000008002580        0xc /tmp/ch.elf.rjpbtE.ltrans0.ltrans.o
 *fill*         0x000000000800258c        0x4 
 .text.iqReadTimeout
                0x0000000008002590       0xd8 /tmp/ch.elf.rjpbtE.ltrans0.ltrans.o
 *fill*         0x0000000008002668        0x8 
 .text._readt   0x0000000008002670        0x8 /tmp/ch.elf.rjpbtE.ltrans0.ltrans.o
 *fill*         0x0000000008002678        0x8 
 .text._read    0x0000000008002680        0xc /tmp/ch.elf.rjpbtE.ltrans0.ltrans.o
 *fill*         0x000000000800268c        0x4 
 .text.parse_arguments
                0x0000000008002690       0x54 /tmp/ch.elf.rjpbtE.ltrans0.ltrans.o
 *fill*         0x00000000080026e4        0xc 
 .text.chprintf
                0x00000000080026f0      0x4b4 /tmp/ch.elf.rjpbtE.ltrans0.ltrans.o
 *fill*         0x0000000008002ba4        0xc 
 .text.cmd_ch_inp_f
                0x0000000008002bb0      0x364 /tmp/ch.elf.rjpbtE.ltrans0.ltrans.o
 *fill*         0x0000000008002f14        0xc 
 .text.cmd_dir  0x0000000008002f20       0x78 /tmp/ch.elf.rjpbtE.ltrans0.ltrans.o
 *fill*         0x0000000008002f98        0x8 
 .text.cmd_dis  0x0000000008002fa0       0x44 /tmp/ch.elf.rjpbtE.ltrans0.ltrans.o
 *fill*         0x0000000008002fe4        0xc 
 .text.cmd_per  0x0000000008002ff0       0x30 /tmp/ch.elf.rjpbtE.ltrans0.ltrans.o
 .text.cmd_confwrt
                0x0000000008003020       0x54 /tmp/ch.elf.rjpbtE.ltrans0.ltrans.o
 *fill*         0x0000000008003074        0xc 
 .text.cmd_fillee
                0x0000000008003080       0xe0 /tmp/ch.elf.rjpbtE.ltrans0.ltrans.o
 .text.cmd_dumpvar
                0x0000000008003160       0x90 /tmp/ch.elf.rjpbtE.ltrans0.ltrans.o
 .text.cmd_writee
                0x00000000080031f0       0x94 /tmp/ch.elf.rjpbtE.ltrans0.ltrans.o
 *fill*         0x0000000008003284        0xc 
 .text.cmd_dumpee
                0x0000000008003290       0xf8 /tmp/ch.elf.rjpbtE.ltrans0.ltrans.o
 *fill*         0x0000000008003388        0x8 
 .text.cmd_ch_speed_cf
                0x0000000008003390       0x44 /tmp/ch.elf.rjpbtE.ltrans0.ltrans.o
 *fill*         0x00000000080033d4        0xc 
 .text.cmd_ch_fspeed
                0x00000000080033e0       0x3c /tmp/ch.elf.rjpbtE.ltrans0.ltrans.o
 *fill*         0x000000000800341c        0x4 
 .text.cmd_ch_speed
                0x0000000008003420       0x40 /tmp/ch.elf.rjpbtE.ltrans0.ltrans.o
 .text.cmd_ch_pwm
                0x0000000008003460       0x5c /tmp/ch.elf.rjpbtE.ltrans0.ltrans.o
 *fill*         0x00000000080034bc        0x4 
 .text.cmd_scf  0x00000000080034c0      0x14c /tmp/ch.elf.rjpbtE.ltrans0.ltrans.o
 *fill*         0x000000000800360c        0x4 
 .text.cmd_smm  0x0000000008003610       0xf0 /tmp/ch.elf.rjpbtE.ltrans0.ltrans.o
 .text.cmd_stl  0x0000000008003700       0x5c /tmp/ch.elf.rjpbtE.ltrans0.ltrans.o
 *fill*         0x000000000800375c        0x4 
 .text.cmd_status
                0x0000000008003760       0x38 /tmp/ch.elf.rjpbtE.ltrans0.ltrans.o
 *fill*         0x0000000008003798        0x8 
 .text.shellModifyu16
                0x00000000080037a0      0x144 /tmp/ch.elf.rjpbtE.ltrans0.ltrans.o
 *fill*         0x00000000080038e4        0xc 
 .text.cmd_tune_speed
                0x00000000080038f0      0x178 /tmp/ch.elf.rjpbtE.ltrans0.ltrans.o
 *fill*         0x0000000008003a68        0x8 
 .text.cmd_modify
                0x0000000008003a70      0x36c /tmp/ch.elf.rjpbtE.ltrans0.ltrans.o
 *fill*         0x0000000008003ddc        0x4 
 .text.configParameterRead
                0x0000000008003de0       0xd8 /tmp/ch.elf.rjpbtE.ltrans0.ltrans.o
 *fill*         0x0000000008003eb8        0x8 
 .text.cmd_confrd
                0x0000000008003ec0       0x24 /tmp/ch.elf.rjpbtE.ltrans0.ltrans.o
 *fill*         0x0000000008003ee4        0xc 
 .text.cmd_echo
                0x0000000008003ef0       0x20 /tmp/ch.elf.rjpbtE.ltrans0.ltrans.o
 .text.cmd_info
                0x0000000008003f10       0xbc /tmp/ch.elf.rjpbtE.ltrans0.ltrans.o
 *fill*         0x0000000008003fcc        0x4 
 .text.shellThread
                0x0000000008003fd0      0x42c /tmp/ch.elf.rjpbtE.ltrans0.ltrans.o
 *fill*         0x00000000080043fc        0x4 
 .text.SVC_Handler
                0x0000000008004400       0x14 /tmp/ch.elf.rjpbtE.ltrans0.ltrans.o
                0x0000000008004400                SVC_Handler
 *fill*         0x0000000008004414        0xc 
 .text.chThdExit
                0x0000000008004420        0xc /tmp/ch.elf.rjpbtE.ltrans0.ltrans.o
                0x0000000008004420                chThdExit
 *fill*         0x000000000800442c        0x4 
 .text.chSchDoRescheduleAhead
                0x0000000008004430       0x3c /tmp/ch.elf.rjpbtE.ltrans0.ltrans.o
                0x0000000008004430                chSchDoReschedule
 *fill*         0x000000000800446c        0x4 
 .text.chMtxUnlock
                0x0000000008004470       0x74 /tmp/ch.elf.rjpbtE.ltrans0.ltrans.o
 *fill*         0x00000000080044e4        0xc 
 .text.cmd_mem  0x00000000080044f0       0xa0 /tmp/ch.elf.rjpbtE.ltrans0.ltrans.o
 .text.chThdRelease
                0x0000000008004590       0xd4 /tmp/ch.elf.rjpbtE.ltrans0.ltrans.o
 *fill*         0x0000000008004664        0xc 
 .text.startup.main
                0x0000000008004670      0xc68 /tmp/ch.elf.rjpbtE.ltrans0.ltrans.o
                0x0000000008004670                main
 *fill*         0x00000000080052d8        0x8 
 .text.cmd_threads
                0x00000000080052e0       0xc4 /tmp/ch.elf.rjpbtE.ltrans0.ltrans.o
 *fill*         0x00000000080053a4        0xc 
 .text.__fitted_write
                0x00000000080053b0       0xe8 /tmp/ch.elf.rjpbtE.ltrans0.ltrans.o
 *fill*         0x0000000008005498        0x8 
 .text.write    0x00000000080054a0       0xb4 /tmp/ch.elf.rjpbtE.ltrans0.ltrans.o
 *fill*         0x0000000008005554        0xc 
 .text.read     0x0000000008005560      0x134 /tmp/ch.elf.rjpbtE.ltrans0.ltrans.o
 *fill*         0x0000000008005694        0xc 
 .text.__early_init
                0x00000000080056a0       0x7c /tmp/ch.elf.rjpbtE.ltrans0.ltrans.o
                0x00000000080056a0                __early_init
 *fill*         0x000000000800571c        0x4 
 .text.VectorD8
                0x0000000008005720      0x1c4 /tmp/ch.elf.rjpbtE.ltrans0.ltrans.o
                0x0000000008005720                VectorD8
 *fill*         0x00000000080058e4        0xc 
 .text.VectorB8
                0x00000000080058f0       0x64 /tmp/ch.elf.rjpbtE.ltrans0.ltrans.o
                0x00000000080058f0                VectorB8
 *fill*         0x0000000008005954        0xc 
 .text.VectorB0
                0x0000000008005960       0x14 /tmp/ch.elf.rjpbtE.ltrans0.ltrans.o
                0x0000000008005960                VectorB0
 *fill*         0x0000000008005974        0xc 
 .text.VectorA4
                0x0000000008005980       0x14 /tmp/ch.elf.rjpbtE.ltrans0.ltrans.o
                0x0000000008005980                VectorA4
 *fill*         0x0000000008005994        0xc 
 .text.VectorAC
                0x00000000080059a0        0x4 /tmp/ch.elf.rjpbtE.ltrans0.ltrans.o
                0x00000000080059a0                VectorAC
 *fill*         0x00000000080059a4        0xc 
 .text.VectorB4
                0x00000000080059b0       0xc0 /tmp/ch.elf.rjpbtE.ltrans0.ltrans.o
                0x00000000080059b0                VectorB4
 .text.VectorC0
                0x0000000008005a70       0xdc /tmp/ch.elf.rjpbtE.ltrans0.ltrans.o
                0x0000000008005a70                VectorC0
 *fill*         0x0000000008005b4c        0x4 
 .text.VectorBC
                0x0000000008005b50      0x124 /tmp/ch.elf.rjpbtE.ltrans0.ltrans.o
                0x0000000008005b50                VectorBC
 *fill*         0x0000000008005c74        0xc 
 .text.Vector84
                0x0000000008005c80       0x14 /tmp/ch.elf.rjpbtE.ltrans0.ltrans.o
                0x0000000008005c80                Vector84
 *fill*         0x0000000008005c94        0xc 
 .text.Vector80
                0x0000000008005ca0       0x14 /tmp/ch.elf.rjpbtE.ltrans0.ltrans.o
                0x0000000008005ca0                Vector80
 *fill*         0x0000000008005cb4        0xc 
 .text.Vector7C
                0x0000000008005cc0       0x14 /tmp/ch.elf.rjpbtE.ltrans0.ltrans.o
                0x0000000008005cc0                Vector7C
 *fill*         0x0000000008005cd4        0xc 
 .text.Vector78
                0x0000000008005ce0       0x14 /tmp/ch.elf.rjpbtE.ltrans0.ltrans.o
                0x0000000008005ce0                Vector78
 *fill*         0x0000000008005cf4        0xc 
 .text.Vector74
                0x0000000008005d00       0x14 /tmp/ch.elf.rjpbtE.ltrans0.ltrans.o
                0x0000000008005d00                Vector74
 *fill*         0x0000000008005d14        0xc 
 .text.Vector70
                0x0000000008005d20       0x14 /tmp/ch.elf.rjpbtE.ltrans0.ltrans.o
                0x0000000008005d20                Vector70
 *fill*         0x0000000008005d34        0xc 
 .text.Vector6C
                0x0000000008005d40       0x14 /tmp/ch.elf.rjpbtE.ltrans0.ltrans.o
                0x0000000008005d40                Vector6C
 *fill*         0x0000000008005d54        0xc 
 .text.__init_ram_areas
                0x0000000008005d60       0x68 /tmp/ch.elf.rjpbtE.ltrans0.ltrans.o
                0x0000000008005d60                __init_ram_areas
 *fill*         0x0000000008005dc8        0x8 
 .text.__default_exit
                0x0000000008005dd0        0x4 /tmp/ch.elf.rjpbtE.ltrans0.ltrans.o
                0x0000000008005dd0                __default_exit
 *fill*         0x0000000008005dd4        0xc 
 .text.__late_init
                0x0000000008005de0        0x4 /tmp/ch.elf.rjpbtE.ltrans0.ltrans.o
                0x0000000008005de0                __late_init
 *fill*         0x0000000008005de4        0xc 
 .text.__core_init
                0x0000000008005df0        0x4 /tmp/ch.elf.rjpbtE.ltrans0.ltrans.o
                0x0000000008005df0                __core_init
 .text.atoi     0x0000000008005df4        0x8 /home/rob/Projects/ChibiStudio/ChibiStudio_20/tools/GNU Tools ARM Embedded/9.2.1 2019q4/bin/../lib/gcc/arm-none-eabi/9.2.1/../../../../arm-none-eabi/lib/thumb/v7-m/nofp/libg.a(lib_a-atoi.o)
                0x0000000008005df4                atoi
 .text._strtol_l.isra.0
                0x0000000008005dfc      0x110 /home/rob/Projects/ChibiStudio/ChibiStudio_20/tools/GNU Tools ARM Embedded/9.2.1 2019q4/bin/../lib/gcc/arm-none-eabi/9.2.1/../../../../arm-none-eabi/lib/thumb/v7-m/nofp/libg.a(lib_a-strtol.o)
 .text.strtol   0x0000000008005f0c       0x18 /home/rob/Projects/ChibiStudio/ChibiStudio_20/tools/GNU Tools ARM Embedded/9.2.1 2019q4/bin/../lib/gcc/arm-none-eabi/9.2.1/../../../../arm-none-eabi/lib/thumb/v7-m/nofp/libg.a(lib_a-strtol.o)
                0x0000000008005f0c                strtol
 .text.memset   0x0000000008005f24       0xa0 /home/rob/Projects/ChibiStudio/ChibiStudio_20/tools/GNU Tools ARM Embedded/9.2.1 2019q4/bin/../lib/gcc/arm-none-eabi/9.2.1/../../../../arm-none-eabi/lib/thumb/v7-m/nofp/libg.a(lib_a-memset.o)
                0x0000000008005f24                memset
 .text.strchr   0x0000000008005fc4       0xd0 /home/rob/Projects/ChibiStudio/ChibiStudio_20/tools/GNU Tools ARM Embedded/9.2.1 2019q4/bin/../lib/gcc/arm-none-eabi/9.2.1/../../../../arm-none-eabi/lib/thumb/v7-m/nofp/libg.a(lib_a-strchr.o)
                0x0000000008005fc4                strchr
 .text.strpbrk  0x0000000008006094       0x38 /home/rob/Projects/ChibiStudio/ChibiStudio_20/tools/GNU Tools ARM Embedded/9.2.1 2019q4/bin/../lib/gcc/arm-none-eabi/9.2.1/../../../../arm-none-eabi/lib/thumb/v7-m/nofp/libg.a(lib_a-strpbrk.o)
                0x0000000008006094                strpbrk
 .text.strspn   0x00000000080060cc       0x30 /home/rob/Projects/ChibiStudio/ChibiStudio_20/tools/GNU Tools ARM Embedded/9.2.1 2019q4/bin/../lib/gcc/arm-none-eabi/9.2.1/../../../../arm-none-eabi/lib/thumb/v7-m/nofp/libg.a(lib_a-strspn.o)
                0x00000000080060cc                strspn
 *(.glue_7t)
 .glue_7t       0x00000000080060fc        0x0 linker stubs
 *(.glue_7)
 .glue_7        0x00000000080060fc        0x0 linker stubs
 *(.gcc*)
                0x00000000080060fc                __text_end__ = .

.vfp11_veneer   0x00000000080060fc        0x0
 .vfp11_veneer  0x00000000080060fc        0x0 linker stubs

.v4_bx          0x00000000080060fc        0x0
 .v4_bx         0x00000000080060fc        0x0 linker stubs

.iplt           0x00000000080060fc        0x0
 .iplt          0x00000000080060fc        0x0 ./build/obj/crt0_v7m.o

.rodata         0x0000000008006100     0x14a8
                0x0000000008006100                __rodata_base__ = .
 *(.rodata)
 .rodata        0x0000000008006100       0x78 /tmp/ch.elf.rjpbtE.ltrans0.ltrans.o
 *(.rodata.*)
 .rodata.i2c_lld_serve_tx_end_irq.str1.4
                0x0000000008006178        0xc /tmp/ch.elf.rjpbtE.ltrans0.ltrans.o
 .rodata.Thread1.str1.4
                0x0000000008006184        0x8 /tmp/ch.elf.rjpbtE.ltrans0.ltrans.o
 .rodata.parse_arguments.str1.4
                0x000000000800618c        0x3 /tmp/ch.elf.rjpbtE.ltrans0.ltrans.o
 *fill*         0x000000000800618f        0x1 
 .rodata.chprintf.str1.4
                0x0000000008006190        0x7 /tmp/ch.elf.rjpbtE.ltrans0.ltrans.o
 *fill*         0x0000000008006197        0x1 
 .rodata.cmd_ch_inp_f.str1.4
                0x0000000008006198       0x50 /tmp/ch.elf.rjpbtE.ltrans0.ltrans.o
 .rodata.cmd_dir.str1.4
                0x00000000080061e8       0x7f /tmp/ch.elf.rjpbtE.ltrans0.ltrans.o
 *fill*         0x0000000008006267        0x1 
 .rodata.cmd_dis.str1.4
                0x0000000008006268       0x90 /tmp/ch.elf.rjpbtE.ltrans0.ltrans.o
 .rodata.cmd_per.str1.4
                0x00000000080062f8       0x2f /tmp/ch.elf.rjpbtE.ltrans0.ltrans.o
 *fill*         0x0000000008006327        0x1 
 .rodata.cmd_confwrt.str1.4
                0x0000000008006328       0x62 /tmp/ch.elf.rjpbtE.ltrans0.ltrans.o
 *fill*         0x000000000800638a        0x2 
 .rodata.cmd_fillee.str1.4
                0x000000000800638c       0xc4 /tmp/ch.elf.rjpbtE.ltrans0.ltrans.o
 .rodata.cmd_dumpvar.str1.4
                0x0000000008006450       0x5a /tmp/ch.elf.rjpbtE.ltrans0.ltrans.o
                                         0x5f (size before relaxing)
 *fill*         0x00000000080064aa        0x2 
 .rodata.cmd_writee.str1.4
                0x00000000080064ac       0x4e /tmp/ch.elf.rjpbtE.ltrans0.ltrans.o
 *fill*         0x00000000080064fa        0x2 
 .rodata.cmd_dumpee.str1.4
                0x00000000080064fc       0x94 /tmp/ch.elf.rjpbtE.ltrans0.ltrans.o
 .rodata.cmd_ch_speed_cf.str1.4
                0x0000000008006590       0x61 /tmp/ch.elf.rjpbtE.ltrans0.ltrans.o
 *fill*         0x00000000080065f1        0x3 
 .rodata.cmd_ch_fspeed.str1.4
                0x00000000080065f4       0x4c /tmp/ch.elf.rjpbtE.ltrans0.ltrans.o
 .rodata.cmd_ch_speed.str1.4
                0x0000000008006640       0x31 /tmp/ch.elf.rjpbtE.ltrans0.ltrans.o
 *fill*         0x0000000008006671        0x3 
 .rodata.cmd_ch_pwm.str1.4
                0x0000000008006674       0x2e /tmp/ch.elf.rjpbtE.ltrans0.ltrans.o
 *fill*         0x00000000080066a2        0x2 
 .rodata.cmd_scf.str1.4
                0x00000000080066a4       0xf6 /tmp/ch.elf.rjpbtE.ltrans0.ltrans.o
 *fill*         0x000000000800679a        0x2 
 .rodata.cmd_smm.str1.4
                0x000000000800679c       0x4c /tmp/ch.elf.rjpbtE.ltrans0.ltrans.o
 .rodata.cmd_stl.str1.4
                0x00000000080067e8       0x8c /tmp/ch.elf.rjpbtE.ltrans0.ltrans.o
 .rodata.cmd_status.str1.4
                0x0000000008006874       0x26 /tmp/ch.elf.rjpbtE.ltrans0.ltrans.o
 *fill*         0x000000000800689a        0x2 
 .rodata.shellModifyu16.str1.4
                0x000000000800689c      0x141 /tmp/ch.elf.rjpbtE.ltrans0.ltrans.o
 *fill*         0x00000000080069dd        0x3 
 .rodata.cmd_tune_speed.str1.4
                0x00000000080069e0      0x1bc /tmp/ch.elf.rjpbtE.ltrans0.ltrans.o
 .rodata.cmd_modify.str1.4
                0x0000000008006b9c       0xe3 /tmp/ch.elf.rjpbtE.ltrans0.ltrans.o
                                         0xeb (size before relaxing)
 *fill*         0x0000000008006c7f        0x1 
 .rodata.configParameterRead.str1.4
                0x0000000008006c80       0xb0 /tmp/ch.elf.rjpbtE.ltrans0.ltrans.o
 .rodata.cmd_confrd.str1.4
                0x0000000008006d30       0x3c /tmp/ch.elf.rjpbtE.ltrans0.ltrans.o
 .rodata.cmd_echo.str1.4
                0x0000000008006d6c       0x21 /tmp/ch.elf.rjpbtE.ltrans0.ltrans.o
 *fill*         0x0000000008006d8d        0x3 
 .rodata.cmd_info.str1.4
                0x0000000008006d90      0x179 /tmp/ch.elf.rjpbtE.ltrans0.ltrans.o
 *fill*         0x0000000008006f09        0x3 
 .rodata.shellThread.str1.4
                0x0000000008006f0c       0x79 /tmp/ch.elf.rjpbtE.ltrans0.ltrans.o
 *fill*         0x0000000008006f85        0x3 
 .rodata.cmd_mem.str1.4
                0x0000000008006f88       0x7a /tmp/ch.elf.rjpbtE.ltrans0.ltrans.o
 *fill*         0x0000000008007002        0x2 
 .rodata.main.str1.4
                0x0000000008007004       0x43 /tmp/ch.elf.rjpbtE.ltrans0.ltrans.o
 *fill*         0x0000000008007047        0x1 
 .rodata.cmd_threads.str1.4
                0x0000000008007048       0x6f /tmp/ch.elf.rjpbtE.ltrans0.ltrans.o
                                         0x73 (size before relaxing)
 *fill*         0x00000000080070b7        0x1 
 .rodata.str1.4
                0x00000000080070b8      0x11d /tmp/ch.elf.rjpbtE.ltrans0.ltrans.o
 *fill*         0x00000000080071d5        0x3 
 .rodata._stm32_dma_streams
                0x00000000080071d8       0x70 /tmp/ch.elf.rjpbtE.ltrans0.ltrans.o
 .rodata.cfgtab.7774
                0x0000000008007248       0x12 /tmp/ch.elf.rjpbtE.ltrans0.ltrans.o
 *fill*         0x000000000800725a        0x2 
 .rodata.ch_debug
                0x000000000800725c       0x16 /tmp/ch.elf.rjpbtE.ltrans0.ltrans.o
 *fill*         0x0000000008007272        0x2 
 .rodata.commands
                0x0000000008007274       0xa8 /tmp/ch.elf.rjpbtE.ltrans0.ltrans.o
 .rodata.eeCfg  0x000000000800731c       0x1c /tmp/ch.elf.rjpbtE.ltrans0.ltrans.o
 .rodata.i2cfg1
                0x0000000008007338        0xc /tmp/ch.elf.rjpbtE.ltrans0.ltrans.o
 .rodata.idle_descriptor.6623
                0x0000000008007344       0x18 /tmp/ch.elf.rjpbtE.ltrans0.ltrans.o
 .rodata.ram_areas
                0x000000000800735c       0x80 /tmp/ch.elf.rjpbtE.ltrans0.ltrans.o
 .rodata.shell_cfg1
                0x00000000080073dc       0x10 /tmp/ch.elf.rjpbtE.ltrans0.ltrans.o
 .rodata.shell_local_commands
                0x00000000080073ec       0x28 /tmp/ch.elf.rjpbtE.ltrans0.ltrans.o
 .rodata.states.8241
                0x0000000008007414       0x40 /tmp/ch.elf.rjpbtE.ltrans0.ltrans.o
 .rodata.vmt.lto_priv.0
                0x0000000008007454       0x28 /tmp/ch.elf.rjpbtE.ltrans0.ltrans.o
 .rodata.vmt.lto_priv.1
                0x000000000800747c       0x28 /tmp/ch.elf.rjpbtE.ltrans0.ltrans.o
 .rodata._ctype_
                0x00000000080074a4      0x101 /home/rob/Projects/ChibiStudio/ChibiStudio_20/tools/GNU Tools ARM Embedded/9.2.1 2019q4/bin/../lib/gcc/arm-none-eabi/9.2.1/../../../../arm-none-eabi/lib/thumb/v7-m/nofp/libg.a(lib_a-ctype_.o)
                0x00000000080074a4                _ctype_
                0x00000000080075a8                . = ALIGN (0x4)
 *fill*         0x00000000080075a5        0x3 
                0x00000000080075a8                __rodata_end__ = .

.ARM.extab
 *(.ARM.extab* .gnu.linkonce.armextab.*)

.ARM.exidx      0x00000000080075a8        0x8
                0x00000000080075a8                __exidx_base__ = .
                0x00000000080075a8                __exidx_start = .
 *(.ARM.exidx* .gnu.linkonce.armexidx.*)
 .ARM.exidx     0x00000000080075a8        0x8 /home/rob/Projects/ChibiStudio/ChibiStudio_20/tools/GNU Tools ARM Embedded/9.2.1 2019q4/bin/../lib/gcc/arm-none-eabi/9.2.1/thumb/v7-m/nofp/libgcc.a(_udivmoddi4.o)
                0x00000000080075b0                __exidx_end__ = .
                0x00000000080075b0                __exidx_end = .

.rel.dyn        0x00000000080075b0        0x0
 .rel.iplt      0x00000000080075b0        0x0 ./build/obj/crt0_v7m.o

.eh_frame_hdr
 *(.eh_frame_hdr)

.eh_frame
 *(.eh_frame)

.data           0x0000000020000800      0x530 load address 0x00000000080075b0
                [!provide]                        PROVIDE (_textdata = LOADADDR (.data))
                [!provide]                        PROVIDE (_data = .)
                0x00000000080075b0                __textdata_base__ = LOADADDR (.data)
                0x0000000020000800                __data_base__ = .
 *(.data)
 *(.data.*)
 .data.cudata   0x0000000020000800       0x94 /tmp/ch.elf.rjpbtE.ltrans0.ltrans.o
 .data.eepdev_24xx
                0x0000000020000894        0x8 /tmp/ch.elf.rjpbtE.ltrans0.ltrans.o
 .data.f_enable
                0x000000002000089c        0x2 /tmp/ch.elf.rjpbtE.ltrans0.ltrans.o
 *fill*         0x000000002000089e        0x2 
 .data.four     0x00000000200008a0        0x4 /tmp/ch.elf.rjpbtE.ltrans0.ltrans.o
 .data.icucfg   0x00000000200008a4       0x20 /tmp/ch.elf.rjpbtE.ltrans0.ltrans.o
 .data.one      0x00000000200008c4        0x2 /tmp/ch.elf.rjpbtE.ltrans0.ltrans.o
 *fill*         0x00000000200008c6        0x2 
 .data.pwmcfg   0x00000000200008c8       0x34 /tmp/ch.elf.rjpbtE.ltrans0.ltrans.o
 .data.three    0x00000000200008fc        0x4 /tmp/ch.elf.rjpbtE.ltrans0.ltrans.o
 .data.two      0x0000000020000900        0x2 /tmp/ch.elf.rjpbtE.ltrans0.ltrans.o
 *fill*         0x0000000020000902        0x2 
 .data._impure_ptr
                0x0000000020000904        0x4 /home/rob/Projects/ChibiStudio/ChibiStudio_20/tools/GNU Tools ARM Embedded/9.2.1 2019q4/bin/../lib/gcc/arm-none-eabi/9.2.1/../../../../arm-none-eabi/lib/thumb/v7-m/nofp/libg.a(lib_a-impure.o)
                0x0000000020000904                _impure_ptr
 .data.impure_data
                0x0000000020000908      0x428 /home/rob/Projects/ChibiStudio/ChibiStudio_20/tools/GNU Tools ARM Embedded/9.2.1 2019q4/bin/../lib/gcc/arm-none-eabi/9.2.1/../../../../arm-none-eabi/lib/thumb/v7-m/nofp/libg.a(lib_a-impure.o)
 *(.ramtext)
                0x0000000020000d30                . = ALIGN (0x4)
                [!provide]                        PROVIDE (_edata = .)
                0x0000000020000d30                __data_end__ = .

.igot.plt       0x0000000020000d30        0x0 load address 0x0000000008007ae0
 .igot.plt      0x0000000020000d30        0x0 ./build/obj/crt0_v7m.o

.bss            0x0000000020000d30      0x698 load address 0x0000000008007ae0
                0x0000000020000d30                __bss_base__ = .
 *(.bss)
 *(.bss.*)
 .bss.I2CD1     0x0000000020000d30       0x38 /tmp/ch.elf.rjpbtE.ltrans0.ltrans.o
 .bss.ICUD1     0x0000000020000d68       0x18 /tmp/ch.elf.rjpbtE.ltrans0.ltrans.o
 .bss.ICUD2     0x0000000020000d80       0x18 /tmp/ch.elf.rjpbtE.ltrans0.ltrans.o
 .bss.PWMD4     0x0000000020000d98       0x1c /tmp/ch.elf.rjpbtE.ltrans0.ltrans.o
 .bss.SD2       0x0000000020000db4       0x7c /tmp/ch.elf.rjpbtE.ltrans0.ltrans.o
 .bss.ch        0x0000000020000e30       0x74 /tmp/ch.elf.rjpbtE.ltrans0.ltrans.o
 .bss.ch_factory
                0x0000000020000ea4       0x48 /tmp/ch.elf.rjpbtE.ltrans0.ltrans.o
 *fill*         0x0000000020000eec        0x4 
 .bss.ch_idle_thread_wa
                0x0000000020000ef0       0xd8 /tmp/ch.elf.rjpbtE.ltrans0.ltrans.o
 .bss.ch_memcore
                0x0000000020000fc8        0x8 /tmp/ch.elf.rjpbtE.ltrans0.ltrans.o
 .bss.cnt       0x0000000020000fd0        0x2 /tmp/ch.elf.rjpbtE.ltrans0.ltrans.o
 .bss.cnt.8841  0x0000000020000fd2        0x2 /tmp/ch.elf.rjpbtE.ltrans0.ltrans.o
 .bss.default_heap
                0x0000000020000fd4       0x1c /tmp/ch.elf.rjpbtE.ltrans0.ltrans.o
 .bss.direction
                0x0000000020000ff0        0x1 /tmp/ch.elf.rjpbtE.ltrans0.ltrans.o
 *fill*         0x0000000020000ff1        0x3 
 .bss.dma       0x0000000020000ff4       0x40 /tmp/ch.elf.rjpbtE.ltrans0.ltrans.o
 .bss.eeFS      0x0000000020001034        0x4 /tmp/ch.elf.rjpbtE.ltrans0.ltrans.o
 .bss.eeFile    0x0000000020001038       0x10 /tmp/ch.elf.rjpbtE.ltrans0.ltrans.o
 .bss.eeprom_buf
                0x0000000020001048       0x22 /tmp/ch.elf.rjpbtE.ltrans0.ltrans.o
 *fill*         0x000000002000106a        0x2 
 .bss.history_buffer
                0x000000002000106c      0x200 /tmp/ch.elf.rjpbtE.ltrans0.ltrans.o
 .bss.last_period
                0x000000002000126c        0x4 /tmp/ch.elf.rjpbtE.ltrans0.ltrans.o
 .bss.real_freq
                0x0000000020001270        0x2 /tmp/ch.elf.rjpbtE.ltrans0.ltrans.o
 *fill*         0x0000000020001272        0x2 
 .bss.shell_terminated
                0x0000000020001274        0x4 /tmp/ch.elf.rjpbtE.ltrans0.ltrans.o
 .bss.speed     0x0000000020001278        0x2 /tmp/ch.elf.rjpbtE.ltrans0.ltrans.o
 *fill*         0x000000002000127a        0x2 
 .bss.speed_in  0x000000002000127c        0x4 /tmp/ch.elf.rjpbtE.ltrans0.ltrans.o
 .bss.waThread1
                0x0000000020001280      0x148 /tmp/ch.elf.rjpbtE.ltrans0.ltrans.o
 *(COMMON)
                0x00000000200013c8                . = ALIGN (0x4)
                0x00000000200013c8                __bss_end__ = .
                [!provide]                        PROVIDE (end = .)
                0x0000000020000000                __ram0_base__ = ORIGIN (ram0)
                0x0000000000005000                __ram0_size__ = LENGTH (ram0)
                0x0000000020005000                __ram0_end__ = (__ram0_base__ + __ram0_size__)
                0x0000000000000000                __ram1_base__ = ORIGIN (ram1)
                0x0000000000000000                __ram1_size__ = LENGTH (ram1)
                0x0000000000000000                __ram1_end__ = (__ram1_base__ + __ram1_size__)
                0x0000000000000000                __ram2_base__ = ORIGIN (ram2)
                0x0000000000000000                __ram2_size__ = LENGTH (ram2)
                0x0000000000000000                __ram2_end__ = (__ram2_base__ + __ram2_size__)
                0x0000000000000000                __ram3_base__ = ORIGIN (ram3)
                0x0000000000000000                __ram3_size__ = LENGTH (ram3)
                0x0000000000000000                __ram3_end__ = (__ram3_base__ + __ram3_size__)
                0x0000000000000000                __ram4_base__ = ORIGIN (ram4)
                0x0000000000000000                __ram4_size__ = LENGTH (ram4)
                0x0000000000000000                __ram4_end__ = (__ram4_base__ + __ram4_size__)
                0x0000000000000000                __ram5_base__ = ORIGIN (ram5)
                0x0000000000000000                __ram5_size__ = LENGTH (ram5)
                0x0000000000000000                __ram5_end__ = (__ram5_base__ + __ram5_size__)
                0x0000000000000000                __ram6_base__ = ORIGIN (ram6)
                0x0000000000000000                __ram6_size__ = LENGTH (ram6)
                0x0000000000000000                __ram6_end__ = (__ram6_base__ + __ram6_size__)
                0x0000000000000000                __ram7_base__ = ORIGIN (ram7)
                0x0000000000000000                __ram7_size__ = LENGTH (ram7)
                0x0000000000000000                __ram7_end__ = (__ram7_base__ + __ram7_size__)
                0x0000000008000000                __flash0_base__ = ORIGIN (flash0)
                0x0000000000020000                __flash0_size__ = LENGTH (flash0)
                0x0000000008020000                __flash0_end__ = (__flash0_base__ + __flash0_size__)
                0x0000000000000000                __flash1_base__ = ORIGIN (flash1)
                0x0000000000000000                __flash1_size__ = LENGTH (flash1)
                0x0000000000000000                __flash1_end__ = (__flash1_base__ + __flash1_size__)
                0x0000000000000000                __flash2_base__ = ORIGIN (flash2)
                0x0000000000000000                __flash2_size__ = LENGTH (flash2)
                0x0000000000000000                __flash2_end__ = (__flash2_base__ + __flash2_size__)
                0x0000000000000000                __flash3_base__ = ORIGIN (flash3)
                0x0000000000000000                __flash3_size__ = LENGTH (flash3)
                0x0000000000000000                __flash3_end__ = (__flash3_base__ + __flash3_size__)
                0x0000000000000000                __flash4_base__ = ORIGIN (flash4)
                0x0000000000000000                __flash4_size__ = LENGTH (flash4)
                0x0000000000000000                __flash4_end__ = (__flash4_base__ + __flash4_size__)
                0x0000000000000000                __flash5_base__ = ORIGIN (flash5)
                0x0000000000000000                __flash5_size__ = LENGTH (flash5)
                0x0000000000000000                __flash5_end__ = (__flash5_base__ + __flash5_size__)
                0x0000000000000000                __flash6_base__ = ORIGIN (flash6)
                0x0000000000000000                __flash6_size__ = LENGTH (flash6)
                0x0000000000000000                __flash6_end__ = (__flash6_base__ + __flash6_size__)
                0x0000000000000000                __flash7_base__ = ORIGIN (flash7)
                0x0000000000000000                __flash7_size__ = LENGTH (flash7)
                0x0000000000000000                __flash7_end__ = (__flash7_base__ + __flash7_size__)

.ram0_init      0x00000000200013c8        0x0 load address 0x0000000008007ae0
                0x0000000008007ae0                __ram0_init_text__ = LOADADDR (.ram0_init)
                0x00000000200013c8                __ram0_init__ = .
 *(.ram0_init)
 *(.ram0_init.*)
                0x00000000200013c8                . = ALIGN (0x4)

.ram0           0x00000000200013c8        0x0 load address 0x0000000008007ae0
                0x00000000200013c8                __ram0_clear__ = .
 *(.ram0_clear)
 *(.ram0_clear.*)
                0x00000000200013c8                . = ALIGN (0x4)
                0x00000000200013c8                __ram0_noinit__ = .
 *(.ram0)
 *(.ram0.*)
                0x00000000200013c8                . = ALIGN (0x4)
                0x00000000200013c8                __ram0_free__ = .

.ram1_init      0x0000000000000000        0x0 load address 0x0000000008007ae0
                0x0000000008007ae0                __ram1_init_text__ = LOADADDR (.ram1_init)
                0x0000000000000000                __ram1_init__ = .
 *(.ram1_init)
 *(.ram1_init.*)
                0x0000000000000000                . = ALIGN (0x4)

.ram1           0x0000000000000000        0x0 load address 0x0000000008007ae0
                0x0000000000000000                __ram1_clear__ = .
 *(.ram1_clear)
 *(.ram1_clear.*)
                0x0000000000000000                . = ALIGN (0x4)
                0x0000000000000000                __ram1_noinit__ = .
 *(.ram1)
 *(.ram1.*)
                0x0000000000000000                . = ALIGN (0x4)
                0x0000000000000000                __ram1_free__ = .

.ram2_init      0x0000000000000000        0x0 load address 0x0000000008007ae0
                0x0000000008007ae0                __ram2_init_text__ = LOADADDR (.ram2_init)
                0x0000000000000000                __ram2_init__ = .
 *(.ram2_init)
 *(.ram2_init.*)
                0x0000000000000000                . = ALIGN (0x4)

.ram2           0x0000000000000000        0x0 load address 0x0000000008007ae0
                0x0000000000000000                __ram2_clear__ = .
 *(.ram2_clear)
 *(.ram2_clear.*)
                0x0000000000000000                . = ALIGN (0x4)
                0x0000000000000000                __ram2_noinit__ = .
 *(.ram2)
 *(.ram2.*)
                0x0000000000000000                . = ALIGN (0x4)
                0x0000000000000000                __ram2_free__ = .

.ram3_init      0x0000000000000000        0x0 load address 0x0000000008007ae0
                0x0000000008007ae0                __ram3_init_text__ = LOADADDR (.ram3_init)
                0x0000000000000000                __ram3_init__ = .
 *(.ram3_init)
 *(.ram3_init.*)
                0x0000000000000000                . = ALIGN (0x4)

.ram3           0x0000000000000000        0x0 load address 0x0000000008007ae0
                0x0000000000000000                __ram3_clear__ = .
 *(.ram3_clear)
 *(.ram3_clear.*)
                0x0000000000000000                . = ALIGN (0x4)
                0x0000000000000000                __ram3_noinit__ = .
 *(.ram3)
 *(.ram3.*)
                0x0000000000000000                . = ALIGN (0x4)
                0x0000000000000000                __ram3_free__ = .

.ram4_init      0x0000000000000000        0x0 load address 0x0000000008007ae0
                0x0000000008007ae0                __ram4_init_text__ = LOADADDR (.ram4_init)
                0x0000000000000000                __ram4_init__ = .
 *(.ram4_init)
 *(.ram4_init.*)
                0x0000000000000000                . = ALIGN (0x4)

.ram4           0x0000000000000000        0x0 load address 0x0000000008007ae0
                0x0000000000000000                __ram4_clear__ = .
 *(.ram4_clear)
 *(.ram4_clear.*)
                0x0000000000000000                . = ALIGN (0x4)
                0x0000000000000000                __ram4_noinit__ = .
 *(.ram4)
 *(.ram4.*)
                0x0000000000000000                . = ALIGN (0x4)
                0x0000000000000000                __ram4_free__ = .

.ram5_init      0x0000000000000000        0x0 load address 0x0000000008007ae0
                0x0000000008007ae0                __ram5_init_text__ = LOADADDR (.ram5_init)
                0x0000000000000000                __ram5_init__ = .
 *(.ram5_init)
 *(.ram5_init.*)
                0x0000000000000000                . = ALIGN (0x4)

.ram5           0x0000000000000000        0x0 load address 0x0000000008007ae0
                0x0000000000000000                __ram5_clear__ = .
 *(.ram5_clear)
 *(.ram5_clear.*)
                0x0000000000000000                . = ALIGN (0x4)
                0x0000000000000000                __ram5_noinit__ = .
 *(.ram5)
 *(.ram5.*)
                0x0000000000000000                . = ALIGN (0x4)
                0x0000000000000000                __ram5_free__ = .

.ram6_init      0x0000000000000000        0x0 load address 0x0000000008007ae0
                0x0000000008007ae0                __ram6_init_text__ = LOADADDR (.ram6_init)
                0x0000000000000000                __ram6_init__ = .
 *(.ram6_init)
 *(.ram6_init.*)
                0x0000000000000000                . = ALIGN (0x4)

.ram6           0x0000000000000000        0x0 load address 0x0000000008007ae0
                0x0000000000000000                __ram6_clear__ = .
 *(.ram6_clear)
 *(.ram6_clear.*)
                0x0000000000000000                . = ALIGN (0x4)
                0x0000000000000000                __ram6_noinit__ = .
 *(.ram6)
 *(.ram6.*)
                0x0000000000000000                . = ALIGN (0x4)
                0x0000000000000000                __ram6_free__ = .

.ram7_init      0x0000000000000000        0x0 load address 0x0000000008007ae0
                0x0000000008007ae0                __ram7_init_text__ = LOADADDR (.ram7_init)
                0x0000000000000000                __ram7_init__ = .
 *(.ram7_init)
 *(.ram7_init.*)
                0x0000000000000000                . = ALIGN (0x4)

.ram7           0x0000000000000000        0x0 load address 0x0000000008007ae0
                0x0000000000000000                __ram7_clear__ = .
 *(.ram7_clear)
 *(.ram7_clear.*)
                0x0000000000000000                . = ALIGN (0x4)
                0x0000000000000000                __ram7_noinit__ = .
 *(.ram7)
 *(.ram7.*)
                0x0000000000000000                . = ALIGN (0x4)
                0x0000000000000000                __ram7_free__ = .

.flash0         0x0000000008007ae0        0x0
                0x0000000008007ae0                __flash0_init__ = .
 *(.flash0_init)
 *(.flash0_init.*)
                0x0000000008007ae0                __flash0_free__ = .

.flash1         0x0000000000000000        0x0
                0x0000000000000000                __flash1_init__ = .
 *(.flash1_init)
 *(.flash1_init.*)
                0x0000000000000000                __flash1_free__ = .

.flash2         0x0000000000000000        0x0
                0x0000000000000000                __flash2_init__ = .
 *(.flash2_init)
 *(.flash2_init.*)
                0x0000000000000000                __flash2_free__ = .

.flash3         0x0000000000000000        0x0
                0x0000000000000000                __flash3_init__ = .
 *(.flash3_init)
 *(.flash3_init.*)
                0x0000000000000000                __flash3_free__ = .

.flash4         0x0000000000000000        0x0
                0x0000000000000000                __flash4_init__ = .
 *(.flash4_init)
 *(.flash4_init.*)
                0x0000000000000000                __flash4_free__ = .

.flash5         0x0000000000000000        0x0
                0x0000000000000000                __flash5_init__ = .
 *(.flash5_init)
 *(.flash5_init.*)
                0x0000000000000000                __flash5_free__ = .

.flash6         0x0000000000000000        0x0
                0x0000000000000000                __flash6_init__ = .
 *(.flash6_init)
 *(.flash6_init.*)
                0x0000000000000000                __flash6_free__ = .

.flash7         0x0000000000000000        0x0
                0x0000000000000000                __flash7_init__ = .
 *(.flash7_init)
 *(.flash7_init.*)
                0x0000000000000000                __flash7_free__ = .

.heap           0x00000000200013c8     0x3c38
                0x00000000200013c8                . = ALIGN (0x8)
                0x00000000200013c8                __heap_base__ = .
                0x0000000020005000                . = (ORIGIN (HEAP_RAM) + LENGTH (HEAP_RAM))
 *fill*         0x00000000200013c8     0x3c38 
                0x0000000020005000                __heap_end__ = .
                0x0000000000000400                __process_stack_size__ = 0x400
                0x0000000000000400                __main_stack_size__ = 0x400
START GROUP
LOAD /home/rob/Projects/ChibiStudio/ChibiStudio_20/tools/GNU Tools ARM Embedded/9.2.1 2019q4/bin/../lib/gcc/arm-none-eabi/9.2.1/thumb/v7-m/nofp/libgcc.a
LOAD /home/rob/Projects/ChibiStudio/ChibiStudio_20/tools/GNU Tools ARM Embedded/9.2.1 2019q4/bin/../lib/gcc/arm-none-eabi/9.2.1/../../../../arm-none-eabi/lib/thumb/v7-m/nofp/libg.a
LOAD /home/rob/Projects/ChibiStudio/ChibiStudio_20/tools/GNU Tools ARM Embedded/9.2.1 2019q4/bin/../lib/gcc/arm-none-eabi/9.2.1/../../../../arm-none-eabi/lib/thumb/v7-m/nofp/libc.a
END GROUP
OUTPUT(build/ch.elf elf32-littlearm)

.ARM.attributes
                0x0000000000000000       0x2f
 .ARM.attributes
                0x0000000000000000       0x21 ./build/obj/crt0_v7m.o
 .ARM.attributes
                0x0000000000000021       0x21 ./build/obj/vectors.o
 .ARM.attributes
                0x0000000000000042       0x21 ./build/obj/chcoreasm_v7m.o
 .ARM.attributes
                0x0000000000000063       0x2b /tmp/ch.elf.rjpbtE.ltrans0.ltrans.o
 .ARM.attributes
                0x000000000000008e       0x2d /home/rob/Projects/ChibiStudio/ChibiStudio_20/tools/GNU Tools ARM Embedded/9.2.1 2019q4/bin/../lib/gcc/arm-none-eabi/9.2.1/../../../../arm-none-eabi/lib/thumb/v7-m/nofp/libg.a(lib_a-atoi.o)
 .ARM.attributes
                0x00000000000000bb       0x2d /home/rob/Projects/ChibiStudio/ChibiStudio_20/tools/GNU Tools ARM Embedded/9.2.1 2019q4/bin/../lib/gcc/arm-none-eabi/9.2.1/../../../../arm-none-eabi/lib/thumb/v7-m/nofp/libg.a(lib_a-ctype_.o)
 .ARM.attributes
                0x00000000000000e8       0x2d /home/rob/Projects/ChibiStudio/ChibiStudio_20/tools/GNU Tools ARM Embedded/9.2.1 2019q4/bin/../lib/gcc/arm-none-eabi/9.2.1/../../../../arm-none-eabi/lib/thumb/v7-m/nofp/libg.a(lib_a-strtol.o)
 .ARM.attributes
                0x0000000000000115       0x2d /home/rob/Projects/ChibiStudio/ChibiStudio_20/tools/GNU Tools ARM Embedded/9.2.1 2019q4/bin/../lib/gcc/arm-none-eabi/9.2.1/../../../../arm-none-eabi/lib/thumb/v7-m/nofp/libg.a(lib_a-impure.o)
 .ARM.attributes
                0x0000000000000142       0x1b /home/rob/Projects/ChibiStudio/ChibiStudio_20/tools/GNU Tools ARM Embedded/9.2.1 2019q4/bin/../lib/gcc/arm-none-eabi/9.2.1/../../../../arm-none-eabi/lib/thumb/v7-m/nofp/libg.a(lib_a-memcpy.o)
 .ARM.attributes
                0x000000000000015d       0x2d /home/rob/Projects/ChibiStudio/ChibiStudio_20/tools/GNU Tools ARM Embedded/9.2.1 2019q4/bin/../lib/gcc/arm-none-eabi/9.2.1/../../../../arm-none-eabi/lib/thumb/v7-m/nofp/libg.a(lib_a-memset.o)
 .ARM.attributes
                0x000000000000018a       0x2d /home/rob/Projects/ChibiStudio/ChibiStudio_20/tools/GNU Tools ARM Embedded/9.2.1 2019q4/bin/../lib/gcc/arm-none-eabi/9.2.1/../../../../arm-none-eabi/lib/thumb/v7-m/nofp/libg.a(lib_a-strchr.o)
 .ARM.attributes
                0x00000000000001b7       0x1b /home/rob/Projects/ChibiStudio/ChibiStudio_20/tools/GNU Tools ARM Embedded/9.2.1 2019q4/bin/../lib/gcc/arm-none-eabi/9.2.1/../../../../arm-none-eabi/lib/thumb/v7-m/nofp/libg.a(lib_a-strcmp.o)
 .ARM.attributes
                0x00000000000001d2       0x2d /home/rob/Projects/ChibiStudio/ChibiStudio_20/tools/GNU Tools ARM Embedded/9.2.1 2019q4/bin/../lib/gcc/arm-none-eabi/9.2.1/../../../../arm-none-eabi/lib/thumb/v7-m/nofp/libg.a(lib_a-strpbrk.o)
 .ARM.attributes
                0x00000000000001ff       0x2d /home/rob/Projects/ChibiStudio/ChibiStudio_20/tools/GNU Tools ARM Embedded/9.2.1 2019q4/bin/../lib/gcc/arm-none-eabi/9.2.1/../../../../arm-none-eabi/lib/thumb/v7-m/nofp/libg.a(lib_a-strspn.o)
 .ARM.attributes
                0x000000000000022c       0x1d /home/rob/Projects/ChibiStudio/ChibiStudio_20/tools/GNU Tools ARM Embedded/9.2.1 2019q4/bin/../lib/gcc/arm-none-eabi/9.2.1/thumb/v7-m/nofp/libgcc.a(_arm_addsubdf3.o)
 .ARM.attributes
                0x0000000000000249       0x1d /home/rob/Projects/ChibiStudio/ChibiStudio_20/tools/GNU Tools ARM Embedded/9.2.1 2019q4/bin/../lib/gcc/arm-none-eabi/9.2.1/thumb/v7-m/nofp/libgcc.a(_arm_muldivdf3.o)
 .ARM.attributes
                0x0000000000000266       0x1d /home/rob/Projects/ChibiStudio/ChibiStudio_20/tools/GNU Tools ARM Embedded/9.2.1 2019q4/bin/../lib/gcc/arm-none-eabi/9.2.1/thumb/v7-m/nofp/libgcc.a(_arm_fixunsdfsi.o)
 .ARM.attributes
                0x0000000000000283       0x1d /home/rob/Projects/ChibiStudio/ChibiStudio_20/tools/GNU Tools ARM Embedded/9.2.1 2019q4/bin/../lib/gcc/arm-none-eabi/9.2.1/thumb/v7-m/nofp/libgcc.a(_arm_truncdfsf2.o)
 .ARM.attributes
                0x00000000000002a0       0x1d /home/rob/Projects/ChibiStudio/ChibiStudio_20/tools/GNU Tools ARM Embedded/9.2.1 2019q4/bin/../lib/gcc/arm-none-eabi/9.2.1/thumb/v7-m/nofp/libgcc.a(_arm_addsubsf3.o)
 .ARM.attributes
                0x00000000000002bd       0x1d /home/rob/Projects/ChibiStudio/ChibiStudio_20/tools/GNU Tools ARM Embedded/9.2.1 2019q4/bin/../lib/gcc/arm-none-eabi/9.2.1/thumb/v7-m/nofp/libgcc.a(_arm_muldivsf3.o)
 .ARM.attributes
                0x00000000000002da       0x1d /home/rob/Projects/ChibiStudio/ChibiStudio_20/tools/GNU Tools ARM Embedded/9.2.1 2019q4/bin/../lib/gcc/arm-none-eabi/9.2.1/thumb/v7-m/nofp/libgcc.a(_arm_cmpsf2.o)
 .ARM.attributes
                0x00000000000002f7       0x1d /home/rob/Projects/ChibiStudio/ChibiStudio_20/tools/GNU Tools ARM Embedded/9.2.1 2019q4/bin/../lib/gcc/arm-none-eabi/9.2.1/thumb/v7-m/nofp/libgcc.a(_arm_fixunssfsi.o)
 .ARM.attributes
                0x0000000000000314       0x1d /home/rob/Projects/ChibiStudio/ChibiStudio_20/tools/GNU Tools ARM Embedded/9.2.1 2019q4/bin/../lib/gcc/arm-none-eabi/9.2.1/thumb/v7-m/nofp/libgcc.a(_aeabi_uldivmod.o)
 .ARM.attributes
                0x0000000000000331       0x2d /home/rob/Projects/ChibiStudio/ChibiStudio_20/tools/GNU Tools ARM Embedded/9.2.1 2019q4/bin/../lib/gcc/arm-none-eabi/9.2.1/thumb/v7-m/nofp/libgcc.a(_udivmoddi4.o)
 .ARM.attributes
                0x000000000000035e       0x1d /home/rob/Projects/ChibiStudio/ChibiStudio_20/tools/GNU Tools ARM Embedded/9.2.1 2019q4/bin/../lib/gcc/arm-none-eabi/9.2.1/thumb/v7-m/nofp/libgcc.a(_dvmd_tls.o)

.comment        0x0000000000000000       0x79
 .comment       0x0000000000000000       0x79 /tmp/ch.elf.rjpbtE.ltrans0.ltrans.o
                                         0x7a (size before relaxing)

.debug_line     0x0000000000000000    0x1837f
 .debug_line    0x0000000000000000       0xd0 ./build/obj/crt0_v7m.o
 .debug_line    0x00000000000000d0       0x7a ./build/obj/vectors.o
 .debug_line    0x000000000000014a       0x91 ./build/obj/chcoreasm_v7m.o
 .debug_line    0x00000000000001db     0x7ca4 /tmp/ch.elf.rjpbtE.ltrans0.ltrans.o
 .debug_line    0x0000000000007e7f      0x1f8 /tmp/ccxcre9H.debug.temp.o
 .debug_line    0x0000000000008077      0x5f0 /tmp/ccWsdY7w.debug.temp.o
 .debug_line    0x0000000000008667      0x5d2 /tmp/ccUcHg6y.debug.temp.o
 .debug_line    0x0000000000008c39      0x648 /tmp/ccKFNT6q.debug.temp.o
 .debug_line    0x0000000000009281      0x636 /tmp/ccV5ihLJ.debug.temp.o
 .debug_line    0x00000000000098b7      0x605 /tmp/cc3QlS73.debug.temp.o
 .debug_line    0x0000000000009ebc      0x603 /tmp/ccM4HH2M.debug.temp.o
 .debug_line    0x000000000000a4bf      0x603 /tmp/ccj7sGMQ.debug.temp.o
 .debug_line    0x000000000000aac2      0x64a /tmp/ccOcU7P2.debug.temp.o
 .debug_line    0x000000000000b10c      0x603 /tmp/cc793Sft.debug.temp.o
 .debug_line    0x000000000000b70f      0x606 /tmp/ccVyGInK.debug.temp.o
 .debug_line    0x000000000000bd15      0x5d3 /tmp/cc9a5zPZ.debug.temp.o
 .debug_line    0x000000000000c2e8      0x63d /tmp/ccTEzPSm.debug.temp.o
 .debug_line    0x000000000000c925      0x64d /tmp/ccCYX1Ub.debug.temp.o
 .debug_line    0x000000000000cf72      0x5d0 /tmp/ccMyssJr.debug.temp.o
 .debug_line    0x000000000000d542      0x5d7 /tmp/ccQXCard.debug.temp.o
 .debug_line    0x000000000000db19      0x5d5 /tmp/ccHnaxHg.debug.temp.o
 .debug_line    0x000000000000e0ee      0x5e6 /tmp/ccSwd9n3.debug.temp.o
 .debug_line    0x000000000000e6d4      0x5a8 /tmp/cc47ZPlb.debug.temp.o
 .debug_line    0x000000000000ec7c      0x604 /tmp/ccTOPBJS.debug.temp.o
 .debug_line    0x000000000000f280      0x5e7 /tmp/ccuiumlP.debug.temp.o
 .debug_line    0x000000000000f867      0x5e8 /tmp/ccLSHbNJ.debug.temp.o
 .debug_line    0x000000000000fe4f      0x5a8 /tmp/cc9WbHfV.debug.temp.o
 .debug_line    0x00000000000103f7      0x5eb /tmp/cccLmp3I.debug.temp.o
 .debug_line    0x00000000000109e2      0x5d9 /tmp/ccG9PEFm.debug.temp.o
 .debug_line    0x0000000000010fbb      0x40e /tmp/ccCLXuQz.debug.temp.o
 .debug_line    0x00000000000113c9      0x3e4 /tmp/cc1b5TF6.debug.temp.o
 .debug_line    0x00000000000117ad      0x3e3 /tmp/cc5qo6ZH.debug.temp.o
 .debug_line    0x0000000000011b90      0x407 /tmp/cc5MYBsd.debug.temp.o
 .debug_line    0x0000000000011f97      0x3c8 /tmp/ccf0WMsS.debug.temp.o
 .debug_line    0x000000000001235f      0x40d /tmp/ccPUHwjD.debug.temp.o
 .debug_line    0x000000000001276c      0x3d8 /tmp/ccXpKgjS.debug.temp.o
 .debug_line    0x0000000000012b44      0x3e9 /tmp/ccYCsCpQ.debug.temp.o
 .debug_line    0x0000000000012f2d      0x3fb /tmp/ccjBs3KZ.debug.temp.o
 .debug_line    0x0000000000013328      0x3df /tmp/ccm41tfb.debug.temp.o
 .debug_line    0x0000000000013707      0x3e1 /tmp/ccLMuASC.debug.temp.o
 .debug_line    0x0000000000013ae8      0x3e0 /tmp/ccMjPLnC.debug.temp.o
 .debug_line    0x0000000000013ec8      0x417 /tmp/ccPzidrH.debug.temp.o
 .debug_line    0x00000000000142df      0x42c /tmp/cc7hNJqy.debug.temp.o
 .debug_line    0x000000000001470b      0x3f1 /tmp/ccfluWEP.debug.temp.o
 .debug_line    0x0000000000014afc      0x607 /tmp/ccbr0ikK.debug.temp.o
 .debug_line    0x0000000000015103      0x662 /tmp/ccKJ8Ks4.debug.temp.o
 .debug_line    0x0000000000015765      0x617 /tmp/ccYu9tSm.debug.temp.o
 .debug_line    0x0000000000015d7c      0x66a /tmp/cc2Hp32s.debug.temp.o
 .debug_line    0x00000000000163e6      0x664 /tmp/ccyLmKOd.debug.temp.o
 .debug_line    0x0000000000016a4a      0x70c /tmp/ccuB0OOo.debug.temp.o
 .debug_line    0x0000000000017156      0x5c9 /tmp/ccBgAX6q.debug.temp.o
 .debug_line    0x000000000001771f      0x5ad /tmp/ccusb7k6.debug.temp.o
 .debug_line    0x0000000000017ccc      0x6b3 /tmp/cc6Emk2c.debug.temp.o

.debug_info     0x0000000000000000    0x57713
 .debug_info    0x0000000000000000       0x26 ./build/obj/crt0_v7m.o
 .debug_info    0x0000000000000026       0x26 ./build/obj/vectors.o
 .debug_info    0x000000000000004c       0x26 ./build/obj/chcoreasm_v7m.o
 .debug_info    0x0000000000000072     0xa7f1 /tmp/ch.elf.rjpbtE.ltrans0.ltrans.o
 .debug_info    0x000000000000a863      0x35d /tmp/ccxcre9H.debug.temp.o
                0x000000000000a863                crt1.c.167fc036
 .debug_info    0x000000000000abc0     0x17e0 /tmp/ccWsdY7w.debug.temp.o
                0x000000000000abc0                hal.c.2b6cbd2d
 .debug_info    0x000000000000c3a0     0x18e5 /tmp/ccUcHg6y.debug.temp.o
                0x000000000000c3a0                hal_st.c.deb0ab96
 .debug_info    0x000000000000dc85     0x281e /tmp/ccKFNT6q.debug.temp.o
                0x000000000000dc85                hal_buffers.c.4fa5a769
 .debug_info    0x00000000000104a3     0x2637 /tmp/ccV5ihLJ.debug.temp.o
                0x00000000000104a3                hal_queues.c.2715b263
 .debug_info    0x0000000000012ada     0x1ba3 /tmp/cc3QlS73.debug.temp.o
                0x0000000000012ada                hal_flash.c.b0c23ba9
 .debug_info    0x000000000001467d     0x1acc /tmp/ccM4HH2M.debug.temp.o
                0x000000000001467d                hal_i2c.c.0dca8d6d
 .debug_info    0x0000000000016149     0x19e8 /tmp/ccj7sGMQ.debug.temp.o
                0x0000000000016149                hal_icu.c.f7f6ee1c
 .debug_info    0x0000000000017b31     0x1994 /tmp/ccOcU7P2.debug.temp.o
                0x0000000000017b31                hal_pal.c.913f9a6a
 .debug_info    0x00000000000194c5     0x1a94 /tmp/cc793Sft.debug.temp.o
                0x00000000000194c5                hal_pwm.c.1b985e51
 .debug_info    0x000000000001af59     0x1cb6 /tmp/ccVyGInK.debug.temp.o
                0x000000000001af59                hal_serial.c.e4b968f4
 .debug_info    0x000000000001cc0f     0x17d7 /tmp/cc9a5zPZ.debug.temp.o
                0x000000000001cc0f                hal_community.c.c9afff19
 .debug_info    0x000000000001e3e6     0x2531 /tmp/ccTEzPSm.debug.temp.o
                0x000000000001e3e6                hal_eeprom.c.6106a059
 .debug_info    0x0000000000020917     0x25e4 /tmp/ccCYX1Ub.debug.temp.o
                0x0000000000020917                hal_ee24xx.c.cc687b69
 .debug_info    0x0000000000022efb     0x1bd8 /tmp/ccMyssJr.debug.temp.o
                0x0000000000022efb                nvic.c.88e9e44e
 .debug_info    0x0000000000024ad3     0x1926 /tmp/ccQXCard.debug.temp.o
                0x0000000000024ad3                stm32_isr.c.5a94b155
 .debug_info    0x00000000000263f9     0x1958 /tmp/ccHnaxHg.debug.temp.o
                0x00000000000263f9                hal_lld.c.5de9a421
 .debug_info    0x0000000000027d51     0x1b6c /tmp/ccSwd9n3.debug.temp.o
                0x0000000000027d51                stm32_dma.c.68180f65
 .debug_info    0x00000000000298bd     0x19cb /tmp/cc47ZPlb.debug.temp.o
                0x00000000000298bd                hal_pal_lld.c.361c7099
 .debug_info    0x000000000002b288     0x1fa7 /tmp/ccTOPBJS.debug.temp.o
                0x000000000002b288                hal_i2c_lld.c.d9a8b440
 .debug_info    0x000000000002d22f     0x1946 /tmp/ccuiumlP.debug.temp.o
                0x000000000002d22f                hal_st_lld.c.2ab6ccf4
 .debug_info    0x000000000002eb75     0x1a69 /tmp/ccLSHbNJ.debug.temp.o
                0x000000000002eb75                hal_icu_lld.c.41f245c2
 .debug_info    0x00000000000305de     0x1a1e /tmp/cc9WbHfV.debug.temp.o
                0x00000000000305de                hal_pwm_lld.c.2f3de246
 .debug_info    0x0000000000031ffc     0x1ab9 /tmp/cccLmp3I.debug.temp.o
                0x0000000000031ffc                hal_serial_lld.c.f46737e1
 .debug_info    0x0000000000033ab5     0x17e7 /tmp/ccG9PEFm.debug.temp.o
                0x0000000000033ab5                board.c.934990a5
 .debug_info    0x000000000003529c      0xfde /tmp/ccCLXuQz.debug.temp.o
                0x000000000003529c                chsys.c.7dc5b481
 .debug_info    0x000000000003627a      0xbc1 /tmp/cc1b5TF6.debug.temp.o
                0x000000000003627a                chvt.c.ffc3d1f0
 .debug_info    0x0000000000036e3b      0xd3f /tmp/cc5qo6ZH.debug.temp.o
                0x0000000000036e3b                chschd.c.4126cc0e
 .debug_info    0x0000000000037b7a     0x12bd /tmp/cc5MYBsd.debug.temp.o
                0x0000000000037b7a                chthreads.c.3fd98461
 .debug_info    0x0000000000038e37      0xcd9 /tmp/ccf0WMsS.debug.temp.o
                0x0000000000038e37                chtm.c.862e56b0
 .debug_info    0x0000000000039b10     0x1427 /tmp/ccPUHwjD.debug.temp.o
                0x0000000000039b10                chregistry.c.e5d0e764
 .debug_info    0x000000000003af37      0xd74 /tmp/ccXpKgjS.debug.temp.o
                0x000000000003af37                chmtx.c.9510885f
 .debug_info    0x000000000003bcab      0xf8a /tmp/ccYCsCpQ.debug.temp.o
                0x000000000003bcab                chevents.c.7288100d
 .debug_info    0x000000000003cc35      0xcf9 /tmp/ccjBs3KZ.debug.temp.o
                0x000000000003cc35                chdynamic.c.a81e28bf
 .debug_info    0x000000000003d92e      0xc20 /tmp/ccm41tfb.debug.temp.o
                0x000000000003d92e                chmemcore.c.fb97857e
 .debug_info    0x000000000003e54e      0xd16 /tmp/ccLMuASC.debug.temp.o
                0x000000000003e54e                chmemheaps.c.74363021
 .debug_info    0x000000000003f264      0xdcb /tmp/ccMjPLnC.debug.temp.o
                0x000000000003f264                chmempools.c.ba9e2937
 .debug_info    0x000000000004002f      0xe4b /tmp/ccPzidrH.debug.temp.o
                0x000000000004002f                chdelegates.c.356bb8fb
 .debug_info    0x0000000000040e7a     0x1cd3 /tmp/cc7hNJqy.debug.temp.o
                0x0000000000040e7a                chfactory.c.27898793
 .debug_info    0x0000000000042b4d     0x1a5b /tmp/ccfluWEP.debug.temp.o
                0x0000000000042b4d                chcore_v7m.c.aaa84049
 .debug_info    0x00000000000445a8     0x1bbd /tmp/ccbr0ikK.debug.temp.o
                0x00000000000445a8                chprintf.c.d48df084
 .debug_info    0x0000000000046165     0x2630 /tmp/ccKJ8Ks4.debug.temp.o
                0x0000000000046165                shell.c.60b17d1e
 .debug_info    0x0000000000048795     0x2279 /tmp/ccYu9tSm.debug.temp.o
                0x0000000000048795                shell_cmd.c.791a13b3
 .debug_info    0x000000000004aa0e     0x229a /tmp/cc2Hp32s.debug.temp.o
                0x000000000004aa0e                myStringfunctions.c.63665597
 .debug_info    0x000000000004cca8     0x24bf /tmp/ccyLmKOd.debug.temp.o
                0x000000000004cca8                eeprom.c.8504aa21
 .debug_info    0x000000000004f167     0x2c41 /tmp/ccuB0OOo.debug.temp.o
                0x000000000004f167                comm.c.83e6b598
 .debug_info    0x0000000000051da8     0x1b7b /tmp/ccBgAX6q.debug.temp.o
                0x0000000000051da8                table.c.384ee25b
 .debug_info    0x0000000000053923     0x185d /tmp/ccusb7k6.debug.temp.o
                0x0000000000053923                hc05.c.106afea4
 .debug_info    0x0000000000055180     0x2593 /tmp/cc6Emk2c.debug.temp.o
                0x0000000000055180                main.c.e1a480c8

.debug_abbrev   0x0000000000000000     0x7935
 .debug_abbrev  0x0000000000000000       0x14 ./build/obj/crt0_v7m.o
 .debug_abbrev  0x0000000000000014       0x14 ./build/obj/vectors.o
 .debug_abbrev  0x0000000000000028       0x14 ./build/obj/chcoreasm_v7m.o
 .debug_abbrev  0x000000000000003c      0x360 /tmp/ch.elf.rjpbtE.ltrans0.ltrans.o
 .debug_abbrev  0x000000000000039c       0xff /tmp/ccxcre9H.debug.temp.o
 .debug_abbrev  0x000000000000049b      0x1cd /tmp/ccWsdY7w.debug.temp.o
 .debug_abbrev  0x0000000000000668      0x253 /tmp/ccUcHg6y.debug.temp.o
 .debug_abbrev  0x00000000000008bb      0x31b /tmp/ccKFNT6q.debug.temp.o
 .debug_abbrev  0x0000000000000bd6      0x32e /tmp/ccV5ihLJ.debug.temp.o
 .debug_abbrev  0x0000000000000f04      0x21d /tmp/cc3QlS73.debug.temp.o
 .debug_abbrev  0x0000000000001121      0x26f /tmp/ccM4HH2M.debug.temp.o
 .debug_abbrev  0x0000000000001390      0x24d /tmp/ccj7sGMQ.debug.temp.o
 .debug_abbrev  0x00000000000015dd      0x212 /tmp/ccOcU7P2.debug.temp.o
 .debug_abbrev  0x00000000000017ef      0x23c /tmp/cc793Sft.debug.temp.o
 .debug_abbrev  0x0000000000001a2b      0x29e /tmp/ccVyGInK.debug.temp.o
 .debug_abbrev  0x0000000000001cc9      0x1be /tmp/cc9a5zPZ.debug.temp.o
 .debug_abbrev  0x0000000000001e87      0x290 /tmp/ccTEzPSm.debug.temp.o
 .debug_abbrev  0x0000000000002117      0x2d1 /tmp/ccCYX1Ub.debug.temp.o
 .debug_abbrev  0x00000000000023e8      0x248 /tmp/ccMyssJr.debug.temp.o
 .debug_abbrev  0x0000000000002630      0x1c7 /tmp/ccQXCard.debug.temp.o
 .debug_abbrev  0x00000000000027f7      0x1da /tmp/ccHnaxHg.debug.temp.o
 .debug_abbrev  0x00000000000029d1      0x26e /tmp/ccSwd9n3.debug.temp.o
 .debug_abbrev  0x0000000000002c3f      0x1ed /tmp/cc47ZPlb.debug.temp.o
 .debug_abbrev  0x0000000000002e2c      0x2d6 /tmp/ccTOPBJS.debug.temp.o
 .debug_abbrev  0x0000000000003102      0x21c /tmp/ccuiumlP.debug.temp.o
 .debug_abbrev  0x000000000000331e      0x2ab /tmp/ccLSHbNJ.debug.temp.o
 .debug_abbrev  0x00000000000035c9      0x216 /tmp/cc9WbHfV.debug.temp.o
 .debug_abbrev  0x00000000000037df      0x284 /tmp/cccLmp3I.debug.temp.o
 .debug_abbrev  0x0000000000003a63      0x1cb /tmp/ccG9PEFm.debug.temp.o
 .debug_abbrev  0x0000000000003c2e      0x303 /tmp/ccCLXuQz.debug.temp.o
 .debug_abbrev  0x0000000000003f31      0x252 /tmp/cc1b5TF6.debug.temp.o
 .debug_abbrev  0x0000000000004183      0x2ad /tmp/cc5qo6ZH.debug.temp.o
 .debug_abbrev  0x0000000000004430      0x29c /tmp/cc5MYBsd.debug.temp.o
 .debug_abbrev  0x00000000000046cc      0x1e0 /tmp/ccf0WMsS.debug.temp.o
 .debug_abbrev  0x00000000000048ac      0x2ae /tmp/ccPUHwjD.debug.temp.o
 .debug_abbrev  0x0000000000004b5a      0x28f /tmp/ccXpKgjS.debug.temp.o
 .debug_abbrev  0x0000000000004de9      0x284 /tmp/ccYCsCpQ.debug.temp.o
 .debug_abbrev  0x000000000000506d      0x20b /tmp/ccjBs3KZ.debug.temp.o
 .debug_abbrev  0x0000000000005278      0x22d /tmp/ccm41tfb.debug.temp.o
 .debug_abbrev  0x00000000000054a5      0x270 /tmp/ccLMuASC.debug.temp.o
 .debug_abbrev  0x0000000000005715      0x273 /tmp/ccMjPLnC.debug.temp.o
 .debug_abbrev  0x0000000000005988      0x259 /tmp/ccPzidrH.debug.temp.o
 .debug_abbrev  0x0000000000005be1      0x2f5 /tmp/cc7hNJqy.debug.temp.o
 .debug_abbrev  0x0000000000005ed6      0x2e9 /tmp/ccfluWEP.debug.temp.o
 .debug_abbrev  0x00000000000061bf      0x2a1 /tmp/ccbr0ikK.debug.temp.o
 .debug_abbrev  0x0000000000006460      0x33e /tmp/ccKJ8Ks4.debug.temp.o
 .debug_abbrev  0x000000000000679e      0x27e /tmp/ccYu9tSm.debug.temp.o
 .debug_abbrev  0x0000000000006a1c      0x2ee /tmp/cc2Hp32s.debug.temp.o
 .debug_abbrev  0x0000000000006d0a      0x261 /tmp/ccyLmKOd.debug.temp.o
 .debug_abbrev  0x0000000000006f6b      0x2f3 /tmp/ccuB0OOo.debug.temp.o
 .debug_abbrev  0x000000000000725e      0x238 /tmp/ccBgAX6q.debug.temp.o
 .debug_abbrev  0x0000000000007496      0x1be /tmp/ccusb7k6.debug.temp.o
 .debug_abbrev  0x0000000000007654      0x2e1 /tmp/cc6Emk2c.debug.temp.o

.debug_aranges  0x0000000000000000      0x3d0
 .debug_aranges
                0x0000000000000000       0x20 ./build/obj/crt0_v7m.o
 .debug_aranges
                0x0000000000000020       0x20 ./build/obj/vectors.o
 .debug_aranges
                0x0000000000000040       0x20 ./build/obj/chcoreasm_v7m.o
 .debug_aranges
                0x0000000000000060      0x370 /tmp/ch.elf.rjpbtE.ltrans0.ltrans.o

.debug_str      0x0000000000000000     0x4f33
 .debug_str     0x0000000000000000       0xb1 ./build/obj/crt0_v7m.o
 .debug_str     0x00000000000000b1       0x45 ./build/obj/vectors.o
                                         0xb0 (size before relaxing)
 .debug_str     0x00000000000000f6       0x49 ./build/obj/chcoreasm_v7m.o
                                         0xb4 (size before relaxing)
 .debug_str     0x000000000000013f      0x1bc /tmp/ch.elf.rjpbtE.ltrans0.ltrans.o
                                        0x241 (size before relaxing)
 .debug_str     0x00000000000002fb      0x422 /tmp/ccxcre9H.debug.temp.o
                                        0x50a (size before relaxing)
 .debug_str     0x000000000000071d      0x9f4 /tmp/ccWsdY7w.debug.temp.o
                                        0xd28 (size before relaxing)
 .debug_str     0x0000000000001111       0xfd /tmp/ccUcHg6y.debug.temp.o
                                        0xdef (size before relaxing)
 .debug_str     0x000000000000120e      0x6c8 /tmp/ccKFNT6q.debug.temp.o
                                       0x1425 (size before relaxing)
 .debug_str     0x00000000000018d6       0xd2 /tmp/ccV5ihLJ.debug.temp.o
                                       0x129d (size before relaxing)
 .debug_str     0x00000000000019a8      0x281 /tmp/cc3QlS73.debug.temp.o
                                        0xf8e (size before relaxing)
 .debug_str     0x0000000000001c29       0xfd /tmp/ccM4HH2M.debug.temp.o
                                        0xe5c (size before relaxing)
 .debug_str     0x0000000000001d26       0xb2 /tmp/ccj7sGMQ.debug.temp.o
                                        0xe10 (size before relaxing)
 .debug_str     0x0000000000001dd8       0xa5 /tmp/ccOcU7P2.debug.temp.o
                                        0xda5 (size before relaxing)
 .debug_str     0x0000000000001e7d      0x106 /tmp/cc793Sft.debug.temp.o
                                        0xe5d (size before relaxing)
 .debug_str     0x0000000000001f83      0x124 /tmp/ccVyGInK.debug.temp.o
                                        0xeaa (size before relaxing)
 .debug_str     0x00000000000020a7       0x4a /tmp/cc9a5zPZ.debug.temp.o
                                        0xd3c (size before relaxing)
 .debug_str     0x00000000000020f1      0x1bb /tmp/ccTEzPSm.debug.temp.o
                                       0x12e5 (size before relaxing)
 .debug_str     0x00000000000022ac       0xd6 /tmp/ccCYX1Ub.debug.temp.o
                                       0x12a7 (size before relaxing)
 .debug_str     0x0000000000002382      0x16c /tmp/ccMyssJr.debug.temp.o
                                        0xe70 (size before relaxing)
 .debug_str     0x00000000000024ee      0x324 /tmp/ccQXCard.debug.temp.o
                                       0x1016 (size before relaxing)
 .debug_str     0x0000000000002812       0xe3 /tmp/ccHnaxHg.debug.temp.o
                                        0xdda (size before relaxing)
 .debug_str     0x00000000000028f5      0x11d /tmp/ccSwd9n3.debug.temp.o
                                        0xec0 (size before relaxing)
 .debug_str     0x0000000000002a12       0x70 /tmp/cc47ZPlb.debug.temp.o
                                        0xdde (size before relaxing)
 .debug_str     0x0000000000002a82      0x2c3 /tmp/ccTOPBJS.debug.temp.o
                                       0x1384 (size before relaxing)
 .debug_str     0x0000000000002d45       0x99 /tmp/ccuiumlP.debug.temp.o
                                        0xe6a (size before relaxing)
 .debug_str     0x0000000000002dde      0x127 /tmp/ccLSHbNJ.debug.temp.o
                                        0xec9 (size before relaxing)
 .debug_str     0x0000000000002f05      0x150 /tmp/cc9WbHfV.debug.temp.o
                                        0xe95 (size before relaxing)
 .debug_str     0x0000000000003055       0x9c /tmp/cccLmp3I.debug.temp.o
                                        0xeb8 (size before relaxing)
 .debug_str     0x00000000000030f1       0x49 /tmp/ccG9PEFm.debug.temp.o
                                        0xd48 (size before relaxing)
 .debug_str     0x000000000000313a      0x2ce /tmp/ccCLXuQz.debug.temp.o
                                        0xaee (size before relaxing)
 .debug_str     0x0000000000003408       0x73 /tmp/cc1b5TF6.debug.temp.o
                                        0x821 (size before relaxing)
 .debug_str     0x000000000000347b      0x153 /tmp/cc5qo6ZH.debug.temp.o
                                        0x904 (size before relaxing)
 .debug_str     0x00000000000035ce      0x267 /tmp/cc5MYBsd.debug.temp.o
                                        0xa77 (size before relaxing)
 .debug_str     0x0000000000003835       0xc4 /tmp/ccf0WMsS.debug.temp.o
                                        0x8aa (size before relaxing)
 .debug_str     0x00000000000038f9       0xac /tmp/ccPUHwjD.debug.temp.o
                                        0xbf9 (size before relaxing)
 .debug_str     0x00000000000039a5       0xc4 /tmp/ccXpKgjS.debug.temp.o
                                        0x862 (size before relaxing)
 .debug_str     0x0000000000003a69      0x1a8 /tmp/ccYCsCpQ.debug.temp.o
                                        0x96c (size before relaxing)
 .debug_str     0x0000000000003c11       0xa5 /tmp/ccjBs3KZ.debug.temp.o
                                        0x845 (size before relaxing)
 .debug_str     0x0000000000003cb6       0xa9 /tmp/ccm41tfb.debug.temp.o
                                        0x810 (size before relaxing)
 .debug_str     0x0000000000003d5f       0xa7 /tmp/ccLMuASC.debug.temp.o
                                        0x825 (size before relaxing)
 .debug_str     0x0000000000003e06      0x147 /tmp/ccMjPLnC.debug.temp.o
                                        0x8c1 (size before relaxing)
 .debug_str     0x0000000000003f4d      0x186 /tmp/ccPzidrH.debug.temp.o
                                        0x8f7 (size before relaxing)
 .debug_str     0x00000000000040d3      0x3ed /tmp/cc7hNJqy.debug.temp.o
                                        0xfb8 (size before relaxing)
 .debug_str     0x00000000000044c0      0x13d /tmp/ccfluWEP.debug.temp.o
                                       0x10ce (size before relaxing)
 .debug_str     0x00000000000045fd      0x133 /tmp/ccbr0ikK.debug.temp.o
                                        0xe60 (size before relaxing)
 .debug_str     0x0000000000004730      0x1f5 /tmp/ccKJ8Ks4.debug.temp.o
                                       0x136c (size before relaxing)
 .debug_str     0x0000000000004925       0x6c /tmp/ccYu9tSm.debug.temp.o
                                       0x11cc (size before relaxing)
 .debug_str     0x0000000000004991       0xed /tmp/cc2Hp32s.debug.temp.o
                                       0x11d3 (size before relaxing)
 .debug_str     0x0000000000004a7e       0xee /tmp/ccyLmKOd.debug.temp.o
                                       0x12dd (size before relaxing)
 .debug_str     0x0000000000004b6c      0x1ae /tmp/ccuB0OOo.debug.temp.o
                                       0x1487 (size before relaxing)
 .debug_str     0x0000000000004d1a      0x123 /tmp/ccBgAX6q.debug.temp.o
                                        0xe3f (size before relaxing)
 .debug_str     0x0000000000004e3d       0x1f /tmp/ccusb7k6.debug.temp.o
                                        0xd35 (size before relaxing)
 .debug_str     0x0000000000004e5c       0xd7 /tmp/cc6Emk2c.debug.temp.o
                                       0x137c (size before relaxing)

.debug_loc      0x0000000000000000     0xa169
 .debug_loc     0x0000000000000000     0xa169 /tmp/ch.elf.rjpbtE.ltrans0.ltrans.o

.debug_ranges   0x0000000000000000     0x4860
 .debug_ranges  0x0000000000000000     0x4860 /tmp/ch.elf.rjpbtE.ltrans0.ltrans.o

.debug_frame    0x0000000000000000     0x12ac
 .debug_frame   0x0000000000000000      0xdd4 /tmp/ch.elf.rjpbtE.ltrans0.ltrans.o
 .debug_frame   0x0000000000000dd4       0x30 /home/rob/Projects/ChibiStudio/ChibiStudio_20/tools/GNU Tools ARM Embedded/9.2.1 2019q4/bin/../lib/gcc/arm-none-eabi/9.2.1/../../../../arm-none-eabi/lib/thumb/v7-m/nofp/libg.a(lib_a-atoi.o)
 .debug_frame   0x0000000000000e04       0x80 /home/rob/Projects/ChibiStudio/ChibiStudio_20/tools/GNU Tools ARM Embedded/9.2.1 2019q4/bin/../lib/gcc/arm-none-eabi/9.2.1/../../../../arm-none-eabi/lib/thumb/v7-m/nofp/libg.a(lib_a-strtol.o)
 .debug_frame   0x0000000000000e84       0x38 /home/rob/Projects/ChibiStudio/ChibiStudio_20/tools/GNU Tools ARM Embedded/9.2.1 2019q4/bin/../lib/gcc/arm-none-eabi/9.2.1/../../../../arm-none-eabi/lib/thumb/v7-m/nofp/libg.a(lib_a-memset.o)
 .debug_frame   0x0000000000000ebc       0x40 /home/rob/Projects/ChibiStudio/ChibiStudio_20/tools/GNU Tools ARM Embedded/9.2.1 2019q4/bin/../lib/gcc/arm-none-eabi/9.2.1/../../../../arm-none-eabi/lib/thumb/v7-m/nofp/libg.a(lib_a-strchr.o)
 .debug_frame   0x0000000000000efc       0x34 /home/rob/Projects/ChibiStudio/ChibiStudio_20/tools/GNU Tools ARM Embedded/9.2.1 2019q4/bin/../lib/gcc/arm-none-eabi/9.2.1/../../../../arm-none-eabi/lib/thumb/v7-m/nofp/libg.a(lib_a-strcmp.o)
 .debug_frame   0x0000000000000f30       0x34 /home/rob/Projects/ChibiStudio/ChibiStudio_20/tools/GNU Tools ARM Embedded/9.2.1 2019q4/bin/../lib/gcc/arm-none-eabi/9.2.1/../../../../arm-none-eabi/lib/thumb/v7-m/nofp/libg.a(lib_a-strpbrk.o)
 .debug_frame   0x0000000000000f64       0x34 /home/rob/Projects/ChibiStudio/ChibiStudio_20/tools/GNU Tools ARM Embedded/9.2.1 2019q4/bin/../lib/gcc/arm-none-eabi/9.2.1/../../../../arm-none-eabi/lib/thumb/v7-m/nofp/libg.a(lib_a-strspn.o)
 .debug_frame   0x0000000000000f98       0xac /home/rob/Projects/ChibiStudio/ChibiStudio_20/tools/GNU Tools ARM Embedded/9.2.1 2019q4/bin/../lib/gcc/arm-none-eabi/9.2.1/thumb/v7-m/nofp/libgcc.a(_arm_addsubdf3.o)
 .debug_frame   0x0000000000001044       0x50 /home/rob/Projects/ChibiStudio/ChibiStudio_20/tools/GNU Tools ARM Embedded/9.2.1 2019q4/bin/../lib/gcc/arm-none-eabi/9.2.1/thumb/v7-m/nofp/libgcc.a(_arm_muldivdf3.o)
 .debug_frame   0x0000000000001094       0x24 /home/rob/Projects/ChibiStudio/ChibiStudio_20/tools/GNU Tools ARM Embedded/9.2.1 2019q4/bin/../lib/gcc/arm-none-eabi/9.2.1/thumb/v7-m/nofp/libgcc.a(_arm_fixunsdfsi.o)
 .debug_frame   0x00000000000010b8       0x24 /home/rob/Projects/ChibiStudio/ChibiStudio_20/tools/GNU Tools ARM Embedded/9.2.1 2019q4/bin/../lib/gcc/arm-none-eabi/9.2.1/thumb/v7-m/nofp/libgcc.a(_arm_truncdfsf2.o)
 .debug_frame   0x00000000000010dc       0x4c /home/rob/Projects/ChibiStudio/ChibiStudio_20/tools/GNU Tools ARM Embedded/9.2.1 2019q4/bin/../lib/gcc/arm-none-eabi/9.2.1/thumb/v7-m/nofp/libgcc.a(_arm_addsubsf3.o)
 .debug_frame   0x0000000000001128       0x38 /home/rob/Projects/ChibiStudio/ChibiStudio_20/tools/GNU Tools ARM Embedded/9.2.1 2019q4/bin/../lib/gcc/arm-none-eabi/9.2.1/thumb/v7-m/nofp/libgcc.a(_arm_muldivsf3.o)
 .debug_frame   0x0000000000001160       0xc8 /home/rob/Projects/ChibiStudio/ChibiStudio_20/tools/GNU Tools ARM Embedded/9.2.1 2019q4/bin/../lib/gcc/arm-none-eabi/9.2.1/thumb/v7-m/nofp/libgcc.a(_arm_cmpsf2.o)
 .debug_frame   0x0000000000001228       0x24 /home/rob/Projects/ChibiStudio/ChibiStudio_20/tools/GNU Tools ARM Embedded/9.2.1 2019q4/bin/../lib/gcc/arm-none-eabi/9.2.1/thumb/v7-m/nofp/libgcc.a(_arm_fixunssfsi.o)