Archive member included to satisfy reference by file (symbol)

/home/rob/Data/rob/Projects/ChibiStudio/ChibiStudio_20/tools/GNU Tools ARM Embedded/9.2.1 2019q4/bin/../lib/gcc/arm-none-eabi/9.2.1/../../../../arm-none-eabi/lib/thumb/v7-m/nofp/libg.a(lib_a-atoi.o)
                              ./build/obj/comm.o (symbol from plugin) (atoi)
/home/rob/Data/rob/Projects/ChibiStudio/ChibiStudio_20/tools/GNU Tools ARM Embedded/9.2.1 2019q4/bin/../lib/gcc/arm-none-eabi/9.2.1/../../../../arm-none-eabi/lib/thumb/v7-m/nofp/libg.a(lib_a-ctype_.o)
                              ./build/obj/chscanf.o (symbol from plugin) (_ctype_)
/home/rob/Data/rob/Projects/ChibiStudio/ChibiStudio_20/tools/GNU Tools ARM Embedded/9.2.1 2019q4/bin/../lib/gcc/arm-none-eabi/9.2.1/../../../../arm-none-eabi/lib/thumb/v7-m/nofp/libg.a(lib_a-strtol.o)
                              /home/rob/Data/rob/Projects/ChibiStudio/ChibiStudio_20/tools/GNU Tools ARM Embedded/9.2.1 2019q4/bin/../lib/gcc/arm-none-eabi/9.2.1/../../../../arm-none-eabi/lib/thumb/v7-m/nofp/libg.a(lib_a-atoi.o) (_strtol_r)
/home/rob/Data/rob/Projects/ChibiStudio/ChibiStudio_20/tools/GNU Tools ARM Embedded/9.2.1 2019q4/bin/../lib/gcc/arm-none-eabi/9.2.1/../../../../arm-none-eabi/lib/thumb/v7-m/nofp/libg.a(lib_a-impure.o)
                              /home/rob/Data/rob/Projects/ChibiStudio/ChibiStudio_20/tools/GNU Tools ARM Embedded/9.2.1 2019q4/bin/../lib/gcc/arm-none-eabi/9.2.1/../../../../arm-none-eabi/lib/thumb/v7-m/nofp/libg.a(lib_a-strtol.o) (_impure_ptr)
/home/rob/Data/rob/Projects/ChibiStudio/ChibiStudio_20/tools/GNU Tools ARM Embedded/9.2.1 2019q4/bin/../lib/gcc/arm-none-eabi/9.2.1/thumb/v7-m/nofp/libgcc.a(_arm_muldf3.o)
                              /tmp/ch.elf.yKprcf.ltrans0.ltrans.o (__aeabi_dmul)
/home/rob/Data/rob/Projects/ChibiStudio/ChibiStudio_20/tools/GNU Tools ARM Embedded/9.2.1 2019q4/bin/../lib/gcc/arm-none-eabi/9.2.1/thumb/v7-m/nofp/libgcc.a(_arm_mulsf3.o)
                              /tmp/ch.elf.yKprcf.ltrans0.ltrans.o (__aeabi_fmul)
/home/rob/Data/rob/Projects/ChibiStudio/ChibiStudio_20/tools/GNU Tools ARM Embedded/9.2.1 2019q4/bin/../lib/gcc/arm-none-eabi/9.2.1/thumb/v7-m/nofp/libgcc.a(_arm_addsubdf3.o)
                              /tmp/ch.elf.yKprcf.ltrans0.ltrans.o (__aeabi_dsub)
/home/rob/Data/rob/Projects/ChibiStudio/ChibiStudio_20/tools/GNU Tools ARM Embedded/9.2.1 2019q4/bin/../lib/gcc/arm-none-eabi/9.2.1/thumb/v7-m/nofp/libgcc.a(_arm_muldivdf3.o)
                              /tmp/ch.elf.yKprcf.ltrans0.ltrans.o (__aeabi_ddiv)
/home/rob/Data/rob/Projects/ChibiStudio/ChibiStudio_20/tools/GNU Tools ARM Embedded/9.2.1 2019q4/bin/../lib/gcc/arm-none-eabi/9.2.1/thumb/v7-m/nofp/libgcc.a(_arm_fixunsdfsi.o)
                              /tmp/ch.elf.yKprcf.ltrans0.ltrans.o (__aeabi_d2uiz)
/home/rob/Data/rob/Projects/ChibiStudio/ChibiStudio_20/tools/GNU Tools ARM Embedded/9.2.1 2019q4/bin/../lib/gcc/arm-none-eabi/9.2.1/thumb/v7-m/nofp/libgcc.a(_arm_truncdfsf2.o)
                              /tmp/ch.elf.yKprcf.ltrans0.ltrans.o (__aeabi_d2f)
/home/rob/Data/rob/Projects/ChibiStudio/ChibiStudio_20/tools/GNU Tools ARM Embedded/9.2.1 2019q4/bin/../lib/gcc/arm-none-eabi/9.2.1/thumb/v7-m/nofp/libgcc.a(_arm_addsubsf3.o)
                              /tmp/ch.elf.yKprcf.ltrans0.ltrans.o (__aeabi_fsub)
/home/rob/Data/rob/Projects/ChibiStudio/ChibiStudio_20/tools/GNU Tools ARM Embedded/9.2.1 2019q4/bin/../lib/gcc/arm-none-eabi/9.2.1/thumb/v7-m/nofp/libgcc.a(_arm_muldivsf3.o)
                              /tmp/ch.elf.yKprcf.ltrans0.ltrans.o (__aeabi_fdiv)
/home/rob/Data/rob/Projects/ChibiStudio/ChibiStudio_20/tools/GNU Tools ARM Embedded/9.2.1 2019q4/bin/../lib/gcc/arm-none-eabi/9.2.1/thumb/v7-m/nofp/libgcc.a(_arm_cmpsf2.o)
                              /tmp/ch.elf.yKprcf.ltrans0.ltrans.o (__aeabi_fcmplt)
/home/rob/Data/rob/Projects/ChibiStudio/ChibiStudio_20/tools/GNU Tools ARM Embedded/9.2.1 2019q4/bin/../lib/gcc/arm-none-eabi/9.2.1/thumb/v7-m/nofp/libgcc.a(_arm_fixunssfsi.o)
                              /tmp/ch.elf.yKprcf.ltrans0.ltrans.o (__aeabi_f2uiz)
/home/rob/Data/rob/Projects/ChibiStudio/ChibiStudio_20/tools/GNU Tools ARM Embedded/9.2.1 2019q4/bin/../lib/gcc/arm-none-eabi/9.2.1/thumb/v7-m/nofp/libgcc.a(_aeabi_ldivmod.o)
                              /tmp/ch.elf.yKprcf.ltrans0.ltrans.o (__aeabi_ldivmod)
/home/rob/Data/rob/Projects/ChibiStudio/ChibiStudio_20/tools/GNU Tools ARM Embedded/9.2.1 2019q4/bin/../lib/gcc/arm-none-eabi/9.2.1/thumb/v7-m/nofp/libgcc.a(_aeabi_uldivmod.o)
                              /tmp/ch.elf.yKprcf.ltrans0.ltrans.o (__aeabi_uldivmod)
/home/rob/Data/rob/Projects/ChibiStudio/ChibiStudio_20/tools/GNU Tools ARM Embedded/9.2.1 2019q4/bin/../lib/gcc/arm-none-eabi/9.2.1/thumb/v7-m/nofp/libgcc.a(_udivmoddi4.o)
                              /home/rob/Data/rob/Projects/ChibiStudio/ChibiStudio_20/tools/GNU Tools ARM Embedded/9.2.1 2019q4/bin/../lib/gcc/arm-none-eabi/9.2.1/thumb/v7-m/nofp/libgcc.a(_aeabi_ldivmod.o) (__udivmoddi4)
[...]
Memory Configuration

Name             Origin             Length             Attributes
flash0           0x0000000008000000 0x0000000000020000 xr
flash1           0x0000000000000000 0x0000000000000000 xr
flash2           0x0000000000000000 0x0000000000000000 xr
flash3           0x0000000000000000 0x0000000000000000 xr
flash4           0x0000000000000000 0x0000000000000000 xr
flash5           0x0000000000000000 0x0000000000000000 xr
flash6           0x0000000000000000 0x0000000000000000 xr
flash7           0x0000000000000000 0x0000000000000000 xr
ram0             0x0000000020000000 0x0000000000005000 xw
ram1             0x0000000000000000 0x0000000000000000 xw
ram2             0x0000000000000000 0x0000000000000000 xw
ram3             0x0000000000000000 0x0000000000000000 xw
ram4             0x0000000000000000 0x0000000000000000 xw
ram5             0x0000000000000000 0x0000000000000000 xw
ram6             0x0000000000000000 0x0000000000000000 xw
ram7             0x0000000000000000 0x0000000000000000 xw
*default*        0x0000000000000000 0xffffffffffffffff

Linker script and memory map

LOAD ./build/obj/crt0_v7m.o
LOAD ./build/obj/vectors.o
LOAD ./build/obj/chcoreasm_v7m.o
LOAD /tmp/ch.elf.yKprcf.ltrans0.ltrans.o
LOAD /tmp/cckVrU0d.debug.temp.o
LOAD /tmp/cclC2Umf.debug.temp.o
LOAD /tmp/ccJKeLJc.debug.temp.o
LOAD /tmp/ccJBHeWc.debug.temp.o
LOAD /tmp/ccjrzcld.debug.temp.o
LOAD /tmp/ccYW8hCd.debug.temp.o
LOAD /tmp/ccme4Ejc.debug.temp.o
LOAD /tmp/cczy9B5f.debug.temp.o
LOAD /tmp/cciGwnff.debug.temp.o
LOAD /tmp/ccUiCzug.debug.temp.o
LOAD /tmp/ccnfazbe.debug.temp.o
LOAD /tmp/ccPfTLle.debug.temp.o
LOAD /tmp/ccKev4kf.debug.temp.o
LOAD /tmp/ccgeHAYf.debug.temp.o
LOAD /tmp/ccRuhRGg.debug.temp.o
LOAD /tmp/cc39Dseg.debug.temp.o
LOAD /tmp/ccKWJuSe.debug.temp.o
LOAD /tmp/ccg2nXId.debug.temp.o
LOAD /tmp/ccpb2Mxg.debug.temp.o
LOAD /tmp/ccvC2mvd.debug.temp.o
LOAD /tmp/ccfaOzFd.debug.temp.o
LOAD /tmp/cctueXmc.debug.temp.o
LOAD /tmp/ccSDaNIf.debug.temp.o
LOAD /tmp/ccprf1tf.debug.temp.o
LOAD /tmp/ccI258ee.debug.temp.o
LOAD /tmp/ccASYZxd.debug.temp.o
LOAD /tmp/ccfSS4hd.debug.temp.o
LOAD /tmp/ccblExbg.debug.temp.o
LOAD /tmp/ccsHfZMg.debug.temp.o
LOAD /tmp/cc4KDfcf.debug.temp.o
LOAD /tmp/ccUYjrVc.debug.temp.o
LOAD /tmp/ccv8uYrc.debug.temp.o
LOAD /tmp/ccMV9Qxf.debug.temp.o
LOAD /tmp/cczIoffc.debug.temp.o
LOAD /tmp/ccGxoFpf.debug.temp.o
LOAD /tmp/ccs59C3d.debug.temp.o
LOAD /tmp/ccyx4Fic.debug.temp.o
LOAD /tmp/ccuoKxDd.debug.temp.o
LOAD /tmp/ccVBmkmf.debug.temp.o
LOAD /tmp/cc2cXsYe.debug.temp.o
LOAD /tmp/ccvASmVc.debug.temp.o
LOAD /tmp/ccTJEhnc.debug.temp.o
LOAD /tmp/ccSSFZaf.debug.temp.o
LOAD /tmp/cc81pF0d.debug.temp.o
LOAD /tmp/ccim8BWe.debug.temp.o
LOAD /tmp/cc2r7D3c.debug.temp.o
LOAD /tmp/cc0CuQKd.debug.temp.o
LOAD /tmp/cce4lmUe.debug.temp.o
LOAD /tmp/ccX5tWxc.debug.temp.o
LOAD /tmp/ccxfnqqd.debug.temp.o
LOAD /tmp/ccDuEzXe.debug.temp.o
LOAD /tmp/ccPunF3f.debug.temp.o
LOAD /tmp/ccFlBO7e.debug.temp.o
LOAD /tmp/cc9Q1z2f.debug.temp.o
LOAD /tmp/cctvWbXd.debug.temp.o
LOAD /tmp/ccYEG0pf.debug.temp.o
LOAD /tmp/ccD7raVg.debug.temp.o
LOAD /tmp/ccxvKeSc.debug.temp.o
LOAD /tmp/ccSwJZse.debug.temp.o
LOAD /tmp/ccrrtOjd.debug.temp.o
LOAD /tmp/cccQ3CMe.debug.temp.o
LOAD /tmp/cctwmyrf.debug.temp.o
LOAD /tmp/cc5XPYGe.debug.temp.o
LOAD /tmp/cc2UYM2c.debug.temp.o
LOAD /tmp/cc830lGf.debug.temp.o
LOAD /tmp/cc1HF7bg.debug.temp.o

.mstack         0x0000000020000000      0x400
                0x0000000020000000                . = ALIGN (0x8)
                0x0000000020000000                __main_stack_base__ = .
                0x0000000020000400                . = (. + __main_stack_size__)
 *fill*         0x0000000020000000      0x400 
                0x0000000020000400                . = ALIGN (0x8)
                0x0000000020000400                __main_stack_end__ = .

.pstack         0x0000000020000400      0x400
                0x0000000020000400                . = ALIGN (0x8)
                0x0000000020000400                __process_stack_base__ = .
                0x0000000020000400                __main_thread_stack_base__ = .
                0x0000000020000800                . = (. + __process_stack_size__)
 *fill*         0x0000000020000400      0x400 
                0x0000000020000800                . = ALIGN (0x8)
                0x0000000020000800                __process_stack_end__ = .
                0x0000000020000800                __main_thread_stack_end__ = .

.vectors        0x0000000008000000      0x160
 *(.vectors)
 .vectors       0x0000000008000000      0x160 ./build/obj/vectors.o
                0x0000000008000000                _vectors

.xtors          0x0000000008000160        0x0
                0x0000000008000160                __init_array_base__ = .
 *(SORT_BY_NAME(.init_array.*))
 *(.init_array)
                0x0000000008000160                __init_array_end__ = .
                0x0000000008000160                __fini_array_base__ = .
 *(.fini_array)
 *(SORT_BY_NAME(.fini_array.*))
                0x0000000008000160                __fini_array_end__ = .

.text           0x0000000008000160     0x5fec
                0x0000000008000160                __text_base__ = .
 *(.text)
 .text          0x0000000008000160       0xd8 ./build/obj/crt0_v7m.o
                0x0000000008000160                _crt0_entry
 .text          0x0000000008000238        0x8 ./build/obj/vectors.o
                0x0000000008000238                Reset_Handler
                0x000000000800023a                Vector58
                0x000000000800023a                VectorE8
                0x000000000800023a                Vector9C
                0x000000000800023a                DebugMon_Handler
                0x000000000800023a                Vector5C
                0x000000000800023a                Vector11C
                0x000000000800023a                HardFault_Handler
                0x000000000800023a                Vector8C
                0x000000000800023a                SysTick_Handler
                0x000000000800023a                VectorDC
                0x000000000800023a                PendSV_Handler
                0x000000000800023a                NMI_Handler
                0x000000000800023a                Vector110
                0x000000000800023a                Vector120
                0x000000000800023a                VectorC8
                0x000000000800023a                Vector94
                0x000000000800023a                VectorA8
                0x000000000800023a                UsageFault_Handler
                0x000000000800023a                VectorEC
                0x000000000800023a                Vector40
                0x000000000800023a                VectorF8
                0x000000000800023a                Vector108
                0x000000000800023a                Vector150
                0x000000000800023a                Vector124
                0x000000000800023a                Vector148
                0x000000000800023a                Vector118
                0x000000000800023a                Vector64
                0x000000000800023a                VectorCC
                0x000000000800023a                Vector54
                0x000000000800023a                Vector98
                0x000000000800023a                Vector138
                0x000000000800023a                Vector24
                0x000000000800023a                SecureFault_Handler
                0x000000000800023a                VectorD0
                0x000000000800023a                Vector140
                0x000000000800023a                VectorE4
                0x000000000800023a                Vector158
                0x000000000800023a                Vector130
                0x000000000800023a                Vector134
                0x000000000800023a                VectorF0
                0x000000000800023a                Vector12C
                0x000000000800023a                Vector13C
                0x000000000800023a                Vector100
                0x000000000800023a                VectorE0
                0x000000000800023a                VectorF4
                0x000000000800023a                MemManage_Handler
                0x000000000800023a                VectorA0
                0x000000000800023a                VectorC4
                0x000000000800023a                Vector90
                0x000000000800023a                Vector114
                0x000000000800023a                Vector60
                0x000000000800023a                Vector48
                0x000000000800023a                VectorD4
                0x000000000800023a                Vector4C
                0x000000000800023a                Vector144
                0x000000000800023a                Vector15C
                0x000000000800023a                Vector68
                0x000000000800023a                Vector88
                0x000000000800023a                Vector104
                0x000000000800023a                Vector10C
                0x000000000800023a                Vector14C
                0x000000000800023a                BusFault_Handler
                0x000000000800023a                Vector50
                0x000000000800023a                Vector154
                0x000000000800023a                Vector44
                0x000000000800023a                Vector28
                0x000000000800023a                VectorFC
                0x000000000800023a                Vector34
                0x000000000800023a                Vector128
                0x000000000800023a                Vector20
                0x000000000800023e                _unhandled_exception
 .text          0x0000000008000240       0x2a ./build/obj/chcoreasm_v7m.o
                0x0000000008000240                _port_switch
                0x0000000008000250                _port_thread_start
                0x0000000008000262                _port_switch_from_isr
                0x0000000008000266                _port_exit_from_isr
 *fill*         0x000000000800026a        0x2 
 .text          0x000000000800026c       0xec /home/rob/Data/rob/Projects/ChibiStudio/ChibiStudio_20/tools/GNU Tools ARM Embedded/9.2.1 2019q4/bin/../lib/gcc/arm-none-eabi/9.2.1/../../../../arm-none-eabi/lib/thumb/v7-m/nofp/libg.a(lib_a-memcpy.o)
                0x000000000800026c                memcpy
 .text          0x0000000008000358      0x1bc /home/rob/Data/rob/Projects/ChibiStudio/ChibiStudio_20/tools/GNU Tools ARM Embedded/9.2.1 2019q4/bin/../lib/gcc/arm-none-eabi/9.2.1/../../../../arm-none-eabi/lib/thumb/v7-m/nofp/libg.a(lib_a-strcmp.o)
                0x0000000008000358                strcmp
 .text          0x0000000008000514      0x378 /home/rob/Data/rob/Projects/ChibiStudio/ChibiStudio_20/tools/GNU Tools ARM Embedded/9.2.1 2019q4/bin/../lib/gcc/arm-none-eabi/9.2.1/thumb/v7-m/nofp/libgcc.a(_arm_addsubdf3.o)
                0x0000000008000514                __aeabi_drsub
                0x000000000800051c                __aeabi_dsub
                0x000000000800051c                __subdf3
                0x0000000008000520                __adddf3
                0x0000000008000520                __aeabi_dadd
                0x0000000008000798                __aeabi_ui2d
                0x0000000008000798                __floatunsidf
                0x00000000080007b8                __floatsidf
                0x00000000080007b8                __aeabi_i2d
                0x00000000080007dc                __extendsfdf2
                0x00000000080007dc                __aeabi_f2d
                0x0000000008000820                __aeabi_ul2d
                0x0000000008000820                __floatundidf
                0x0000000008000830                __floatdidf
                0x0000000008000830                __aeabi_l2d
 .text          0x000000000800088c      0x424 /home/rob/Data/rob/Projects/ChibiStudio/ChibiStudio_20/tools/GNU Tools ARM Embedded/9.2.1 2019q4/bin/../lib/gcc/arm-none-eabi/9.2.1/thumb/v7-m/nofp/libgcc.a(_arm_muldivdf3.o)
                0x000000000800088c                __aeabi_dmul
                0x000000000800088c                __muldf3
                0x0000000008000ae0                __aeabi_ddiv
                0x0000000008000ae0                __divdf3
 .text          0x0000000008000cb0       0x40 /home/rob/Data/rob/Projects/ChibiStudio/ChibiStudio_20/tools/GNU Tools ARM Embedded/9.2.1 2019q4/bin/../lib/gcc/arm-none-eabi/9.2.1/thumb/v7-m/nofp/libgcc.a(_arm_fixunsdfsi.o)
                0x0000000008000cb0                __fixunsdfsi
                0x0000000008000cb0                __aeabi_d2uiz
 .text          0x0000000008000cf0       0xa0 /home/rob/Data/rob/Projects/ChibiStudio/ChibiStudio_20/tools/GNU Tools ARM Embedded/9.2.1 2019q4/bin/../lib/gcc/arm-none-eabi/9.2.1/thumb/v7-m/nofp/libgcc.a(_arm_truncdfsf2.o)
                0x0000000008000cf0                __aeabi_d2f
                0x0000000008000cf0                __truncdfsf2
 .text          0x0000000008000d90      0x21c /home/rob/Data/rob/Projects/ChibiStudio/ChibiStudio_20/tools/GNU Tools ARM Embedded/9.2.1 2019q4/bin/../lib/gcc/arm-none-eabi/9.2.1/thumb/v7-m/nofp/libgcc.a(_arm_addsubsf3.o)
                0x0000000008000d90                __aeabi_frsub
                0x0000000008000d98                __subsf3
                0x0000000008000d98                __aeabi_fsub
                0x0000000008000d9c                __aeabi_fadd
                0x0000000008000d9c                __addsf3
                0x0000000008000efc                __aeabi_ui2f
                0x0000000008000efc                __floatunsisf
                0x0000000008000f04                __aeabi_i2f
                0x0000000008000f04                __floatsisf
                0x0000000008000f20                __floatundisf
                0x0000000008000f20                __aeabi_ul2f
                0x0000000008000f30                __floatdisf
                0x0000000008000f30                __aeabi_l2f
 .text          0x0000000008000fac      0x2a0 /home/rob/Data/rob/Projects/ChibiStudio/ChibiStudio_20/tools/GNU Tools ARM Embedded/9.2.1 2019q4/bin/../lib/gcc/arm-none-eabi/9.2.1/thumb/v7-m/nofp/libgcc.a(_arm_muldivsf3.o)
                0x0000000008000fac                __mulsf3
                0x0000000008000fac                __aeabi_fmul
                0x0000000008001114                __divsf3
                0x0000000008001114                __aeabi_fdiv
 .text          0x000000000800124c       0xec /home/rob/Data/rob/Projects/ChibiStudio/ChibiStudio_20/tools/GNU Tools ARM Embedded/9.2.1 2019q4/bin/../lib/gcc/arm-none-eabi/9.2.1/thumb/v7-m/nofp/libgcc.a(_arm_cmpsf2.o)
                0x000000000800124c                __gtsf2
                0x000000000800124c                __gesf2
                0x0000000008001254                __lesf2
                0x0000000008001254                __ltsf2
                0x000000000800125c                __nesf2
                0x000000000800125c                __eqsf2
                0x000000000800125c                __cmpsf2
                0x00000000080012bc                __aeabi_cfrcmple
                0x00000000080012c4                __aeabi_cfcmple
                0x00000000080012c4                __aeabi_cfcmpeq
                0x00000000080012d4                __aeabi_fcmpeq
                0x00000000080012e8                __aeabi_fcmplt
                0x00000000080012fc                __aeabi_fcmple
                0x0000000008001310                __aeabi_fcmpge
                0x0000000008001324                __aeabi_fcmpgt
 .text          0x0000000008001338       0x40 /home/rob/Data/rob/Projects/ChibiStudio/ChibiStudio_20/tools/GNU Tools ARM Embedded/9.2.1 2019q4/bin/../lib/gcc/arm-none-eabi/9.2.1/thumb/v7-m/nofp/libgcc.a(_arm_fixunssfsi.o)
                0x0000000008001338                __aeabi_f2uiz
                0x0000000008001338                __fixunssfsi
 .text          0x0000000008001378       0x30 /home/rob/Data/rob/Projects/ChibiStudio/ChibiStudio_20/tools/GNU Tools ARM Embedded/9.2.1 2019q4/bin/../lib/gcc/arm-none-eabi/9.2.1/thumb/v7-m/nofp/libgcc.a(_aeabi_uldivmod.o)
                0x0000000008001378                __aeabi_uldivmod
 .text          0x00000000080013a8      0x2c4 /home/rob/Data/rob/Projects/ChibiStudio/ChibiStudio_20/tools/GNU Tools ARM Embedded/9.2.1 2019q4/bin/../lib/gcc/arm-none-eabi/9.2.1/thumb/v7-m/nofp/libgcc.a(_udivmoddi4.o)
                0x00000000080013a8                __udivmoddi4
 .text          0x000000000800166c        0x4 /home/rob/Data/rob/Projects/ChibiStudio/ChibiStudio_20/tools/GNU Tools ARM Embedded/9.2.1 2019q4/bin/../lib/gcc/arm-none-eabi/9.2.1/thumb/v7-m/nofp/libgcc.a(_dvmd_tls.o)
                0x000000000800166c                __aeabi_ldiv0
                0x000000000800166c                __aeabi_idiv0
 *(.text.*)
 .text.dmaStreamAllocI.part.0.constprop.0
                0x0000000008001670       0xbc /tmp/ch.elf.yKprcf.ltrans0.ltrans.o
 *fill*         0x000000000800172c        0x4 
 .text.read_table_u16.constprop.0
                0x0000000008001730       0xdc /tmp/ch.elf.yKprcf.ltrans0.ltrans.o
 *fill*         0x000000000800180c        0x4 
 .text.get_pos_u16.constprop.0
                0x0000000008001810       0x90 /tmp/ch.elf.yKprcf.ltrans0.ltrans.o
 .text.chCoreAllocFromTop
                0x00000000080018a0       0x3c /tmp/ch.elf.yKprcf.ltrans0.ltrans.o
 *fill*         0x00000000080018dc        0x4 
 .text.notify2  0x00000000080018e0       0x10 /tmp/ch.elf.yKprcf.ltrans0.ltrans.o
 .text.ch_PWM_Freq
                0x00000000080018f0       0x54 /tmp/ch.elf.yKprcf.ltrans0.ltrans.o
 *fill*         0x0000000008001944        0xc 
 .text.ch_Speed
                0x0000000008001950       0x10 /tmp/ch.elf.yKprcf.ltrans0.ltrans.o
 .text.icuoverflowcb
                0x0000000008001960       0x18 /tmp/ch.elf.yKprcf.ltrans0.ltrans.o
 *fill*         0x0000000008001978        0x8 
 .text.icuperiodcb
                0x0000000008001980       0x28 /tmp/ch.elf.yKprcf.ltrans0.ltrans.o
 *fill*         0x00000000080019a8        0x8 
 .text.eepfs_getposition
                0x00000000080019b0        0x4 /tmp/ch.elf.yKprcf.ltrans0.ltrans.o
 *fill*         0x00000000080019b4        0xc 
 .text._port_irq_epilogue
                0x00000000080019c0       0x4c /tmp/ch.elf.yKprcf.ltrans0.ltrans.o
 *fill*         0x0000000008001a0c        0x4 
 .text.chCoreAllocAlignedI
                0x0000000008001a10       0x28 /tmp/ch.elf.yKprcf.ltrans0.ltrans.o
 *fill*         0x0000000008001a38        0x8 
 .text.chTMStopMeasurementX
                0x0000000008001a40       0x44 /tmp/ch.elf.yKprcf.ltrans0.ltrans.o
 *fill*         0x0000000008001a84        0xc 
 .text.chTMStartMeasurementX
                0x0000000008001a90        0xc /tmp/ch.elf.yKprcf.ltrans0.ltrans.o
 *fill*         0x0000000008001a9c        0x4 
 .text.chThdCreateSuspendedI
                0x0000000008001aa0       0x7c /tmp/ch.elf.yKprcf.ltrans0.ltrans.o
 *fill*         0x0000000008001b1c        0x4 
 .text.wakeup   0x0000000008001b20       0x6c /tmp/ch.elf.yKprcf.ltrans0.ltrans.o
 *fill*         0x0000000008001b8c        0x4 
 .text.chSchReadyI
                0x0000000008001b90       0x24 /tmp/ch.elf.yKprcf.ltrans0.ltrans.o
 *fill*         0x0000000008001bb4        0xc 
 .text.chEvtBroadcastFlagsI
                0x0000000008001bc0       0x58 /tmp/ch.elf.yKprcf.ltrans0.ltrans.o
 *fill*         0x0000000008001c18        0x8 
 .text._idle_thread
                0x0000000008001c20        0x4 /tmp/ch.elf.yKprcf.ltrans0.ltrans.o
 *fill*         0x0000000008001c24        0xc 
 .text.icu_lld_serve_interrupt
                0x0000000008001c30       0x8c /tmp/ch.elf.yKprcf.ltrans0.ltrans.o
 *fill*         0x0000000008001cbc        0x4 
 .text.i2c_lld_serve_tx_end_irq
                0x0000000008001cc0       0x3c /tmp/ch.elf.yKprcf.ltrans0.ltrans.o
 *fill*         0x0000000008001cfc        0x4 
 .text.i2c_lld_serve_rx_end_irq
                0x0000000008001d00       0x68 /tmp/ch.elf.yKprcf.ltrans0.ltrans.o
 *fill*         0x0000000008001d68        0x8 
 .text._pal_lld_setgroupmode
                0x0000000008001d70       0x6c /tmp/ch.elf.yKprcf.ltrans0.ltrans.o
 *fill*         0x0000000008001ddc        0x4 
 .text.dmaServeInterrupt
                0x0000000008001de0       0x3c /tmp/ch.elf.yKprcf.ltrans0.ltrans.o
 *fill*         0x0000000008001e1c        0x4 
 .text.eepfs_get
                0x0000000008001e20        0x4 /tmp/ch.elf.yKprcf.ltrans0.ltrans.o
 *fill*         0x0000000008001e24        0xc 
 .text.eepfs_put
                0x0000000008001e30        0x4 /tmp/ch.elf.yKprcf.ltrans0.ltrans.o
 *fill*         0x0000000008001e34        0xc 
 .text.eepfs_geterror
                0x0000000008001e40        0x4 /tmp/ch.elf.yKprcf.ltrans0.ltrans.o
 *fill*         0x0000000008001e44        0xc 
 .text.eepfs_close
                0x0000000008001e50       0x10 /tmp/ch.elf.yKprcf.ltrans0.ltrans.o
 .text.eepfs_lseek
                0x0000000008001e60       0x18 /tmp/ch.elf.yKprcf.ltrans0.ltrans.o
 *fill*         0x0000000008001e78        0x8 
 .text.eepfs_getsize
                0x0000000008001e80        0xc /tmp/ch.elf.yKprcf.ltrans0.ltrans.o
 *fill*         0x0000000008001e8c        0x4 
 .text._ctl     0x0000000008001e90        0x4 /tmp/ch.elf.yKprcf.ltrans0.ltrans.o
 *fill*         0x0000000008001e94        0xc 
 .text.chSchWakeupS.constprop.0
                0x0000000008001ea0       0x58 /tmp/ch.elf.yKprcf.ltrans0.ltrans.o
 *fill*         0x0000000008001ef8        0x8 
 .text.chSchGoSleepS
                0x0000000008001f00       0x28 /tmp/ch.elf.yKprcf.ltrans0.ltrans.o
 *fill*         0x0000000008001f28        0x8 
 .text.chMtxLock
                0x0000000008001f30       0xd0 /tmp/ch.elf.yKprcf.ltrans0.ltrans.o
 .text.chThdExitS
                0x0000000008002000       0x48 /tmp/ch.elf.yKprcf.ltrans0.ltrans.o
 *fill*         0x0000000008002048        0x8 
 .text.chSchGoSleepTimeoutS
                0x0000000008002050      0x144 /tmp/ch.elf.yKprcf.ltrans0.ltrans.o
 *fill*         0x0000000008002194        0xc 
 .text.chThdEnqueueTimeoutS
                0x00000000080021a0       0x28 /tmp/ch.elf.yKprcf.ltrans0.ltrans.o
 *fill*         0x00000000080021c8        0x8 
 .text.oqPutTimeout
                0x00000000080021d0       0x54 /tmp/ch.elf.yKprcf.ltrans0.ltrans.o
 *fill*         0x0000000008002224        0xc 
 .text._putt    0x0000000008002230        0x8 /tmp/ch.elf.yKprcf.ltrans0.ltrans.o
 *fill*         0x0000000008002238        0x8 
 .text._put     0x0000000008002240        0xc /tmp/ch.elf.yKprcf.ltrans0.ltrans.o
 *fill*         0x000000000800224c        0x4 
 .text.iqGetTimeout
                0x0000000008002250       0x54 /tmp/ch.elf.yKprcf.ltrans0.ltrans.o
 *fill*         0x00000000080022a4        0xc 
 .text._gett    0x00000000080022b0        0x8 /tmp/ch.elf.yKprcf.ltrans0.ltrans.o
 *fill*         0x00000000080022b8        0x8 
 .text._get     0x00000000080022c0        0xc /tmp/ch.elf.yKprcf.ltrans0.ltrans.o
 *fill*         0x00000000080022cc        0x4 
 .text.chThdSleep
                0x00000000080022d0       0x18 /tmp/ch.elf.yKprcf.ltrans0.ltrans.o
 *fill*         0x00000000080022e8        0x8 
 .text.Thread1  0x00000000080022f0       0xa0 /tmp/ch.elf.yKprcf.ltrans0.ltrans.o
 .text.i2c_lld_master_transmit_timeout
                0x0000000008002390       0xf8 /tmp/ch.elf.yKprcf.ltrans0.ltrans.o
 *fill*         0x0000000008002488        0x8 
 .text.get_history
                0x0000000008002490       0xf0 /tmp/ch.elf.yKprcf.ltrans0.ltrans.o
 .text.oqWriteTimeout
                0x0000000008002580       0xd4 /tmp/ch.elf.yKprcf.ltrans0.ltrans.o
 *fill*         0x0000000008002654        0xc 
 .text._writet  0x0000000008002660        0x8 /tmp/ch.elf.yKprcf.ltrans0.ltrans.o
 *fill*         0x0000000008002668        0x8 
 .text._write   0x0000000008002670        0xc /tmp/ch.elf.yKprcf.ltrans0.ltrans.o
 *fill*         0x000000000800267c        0x4 
 .text.iqReadTimeout
                0x0000000008002680       0xd8 /tmp/ch.elf.yKprcf.ltrans0.ltrans.o
 *fill*         0x0000000008002758        0x8 
 .text._readt   0x0000000008002760        0x8 /tmp/ch.elf.yKprcf.ltrans0.ltrans.o
 *fill*         0x0000000008002768        0x8 
 .text._read    0x0000000008002770        0xc /tmp/ch.elf.yKprcf.ltrans0.ltrans.o
 *fill*         0x000000000800277c        0x4 
 .text.parse_arguments
                0x0000000008002780       0x54 /tmp/ch.elf.yKprcf.ltrans0.ltrans.o
 *fill*         0x00000000080027d4        0xc 
 .text.chprintf
                0x00000000080027e0      0x4b4 /tmp/ch.elf.yKprcf.ltrans0.ltrans.o
 *fill*         0x0000000008002c94        0xc 
 .text.cmd_ch_inp_f
                0x0000000008002ca0      0x364 /tmp/ch.elf.yKprcf.ltrans0.ltrans.o
 *fill*         0x0000000008003004        0xc 
 .text.cmd_dir  0x0000000008003010       0x58 /tmp/ch.elf.yKprcf.ltrans0.ltrans.o
 *fill*         0x0000000008003068        0x8 
 .text.cmd_dis  0x0000000008003070       0x44 /tmp/ch.elf.yKprcf.ltrans0.ltrans.o
 *fill*         0x00000000080030b4        0xc 
 .text.cmd_per  0x00000000080030c0       0x30 /tmp/ch.elf.yKprcf.ltrans0.ltrans.o
 .text.cmd_confwrt
                0x00000000080030f0       0x54 /tmp/ch.elf.yKprcf.ltrans0.ltrans.o
 *fill*         0x0000000008003144        0xc 
 .text.cmd_fillee
                0x0000000008003150       0xe0 /tmp/ch.elf.yKprcf.ltrans0.ltrans.o
 .text.cmd_dumpvar
                0x0000000008003230       0x90 /tmp/ch.elf.yKprcf.ltrans0.ltrans.o
 .text.cmd_writee
                0x00000000080032c0       0x94 /tmp/ch.elf.yKprcf.ltrans0.ltrans.o
 *fill*         0x0000000008003354        0xc 
 .text.cmd_dumpee
                0x0000000008003360       0xf8 /tmp/ch.elf.yKprcf.ltrans0.ltrans.o
 *fill*         0x0000000008003458        0x8 
 .text.cmd_ch_speed_cf
                0x0000000008003460       0x44 /tmp/ch.elf.yKprcf.ltrans0.ltrans.o
 *fill*         0x00000000080034a4        0xc 
 .text.cmd_ch_fspeed
                0x00000000080034b0       0x40 /tmp/ch.elf.yKprcf.ltrans0.ltrans.o
 .text.cmd_ch_speed
                0x00000000080034f0       0x40 /tmp/ch.elf.yKprcf.ltrans0.ltrans.o
 .text.cmd_ch_pwm
                0x0000000008003530       0x4c /tmp/ch.elf.yKprcf.ltrans0.ltrans.o
 *fill*         0x000000000800357c        0x4 
 .text.cmd_scf  0x0000000008003580      0x14c /tmp/ch.elf.yKprcf.ltrans0.ltrans.o
 *fill*         0x00000000080036cc        0x4 
 .text.cmd_smm  0x00000000080036d0       0xf0 /tmp/ch.elf.yKprcf.ltrans0.ltrans.o
 .text.cmd_stl  0x00000000080037c0       0x5c /tmp/ch.elf.yKprcf.ltrans0.ltrans.o
 *fill*         0x000000000800381c        0x4 
 .text.cmd_status
                0x0000000008003820       0x38 /tmp/ch.elf.yKprcf.ltrans0.ltrans.o
 *fill*         0x0000000008003858        0x8 
 .text.shellModifyu16
                0x0000000008003860      0x144 /tmp/ch.elf.yKprcf.ltrans0.ltrans.o
 *fill*         0x00000000080039a4        0xc 
 .text.cmd_tune_speed
                0x00000000080039b0      0x178 /tmp/ch.elf.yKprcf.ltrans0.ltrans.o
 *fill*         0x0000000008003b28        0x8 
 .text.cmd_modify
                0x0000000008003b30      0x36c /tmp/ch.elf.yKprcf.ltrans0.ltrans.o
 *fill*         0x0000000008003e9c        0x4 
 .text.configParameterRead
                0x0000000008003ea0       0xd8 /tmp/ch.elf.yKprcf.ltrans0.ltrans.o
 *fill*         0x0000000008003f78        0x8 
 .text.cmd_confrd
                0x0000000008003f80       0x24 /tmp/ch.elf.yKprcf.ltrans0.ltrans.o
 *fill*         0x0000000008003fa4        0xc 
 .text.cmd_echo
                0x0000000008003fb0       0x20 /tmp/ch.elf.yKprcf.ltrans0.ltrans.o
 .text.cmd_info
                0x0000000008003fd0       0xbc /tmp/ch.elf.yKprcf.ltrans0.ltrans.o
 *fill*         0x000000000800408c        0x4 
 .text.shellThread
                0x0000000008004090      0x42c /tmp/ch.elf.yKprcf.ltrans0.ltrans.o
 *fill*         0x00000000080044bc        0x4 
 .text.SVC_Handler
                0x00000000080044c0       0x14 /tmp/ch.elf.yKprcf.ltrans0.ltrans.o
                0x00000000080044c0                SVC_Handler
 *fill*         0x00000000080044d4        0xc 
 .text.chThdExit
                0x00000000080044e0        0xc /tmp/ch.elf.yKprcf.ltrans0.ltrans.o
                0x00000000080044e0                chThdExit
 *fill*         0x00000000080044ec        0x4 
 .text.chSchDoRescheduleAhead
                0x00000000080044f0       0x3c /tmp/ch.elf.yKprcf.ltrans0.ltrans.o
                0x00000000080044f0                chSchDoReschedule
 *fill*         0x000000000800452c        0x4 
 .text.chMtxUnlock
                0x0000000008004530       0x74 /tmp/ch.elf.yKprcf.ltrans0.ltrans.o
 *fill*         0x00000000080045a4        0xc 
 .text.cmd_mem  0x00000000080045b0       0xa0 /tmp/ch.elf.yKprcf.ltrans0.ltrans.o
 .text.chThdRelease
                0x0000000008004650       0xd4 /tmp/ch.elf.yKprcf.ltrans0.ltrans.o
 *fill*         0x0000000008004724        0xc 
 .text.startup.main
                0x0000000008004730      0xbf4 /tmp/ch.elf.yKprcf.ltrans0.ltrans.o
                0x0000000008004730                main
 *fill*         0x0000000008005324        0xc 
 .text.cmd_threads
                0x0000000008005330       0xc4 /tmp/ch.elf.yKprcf.ltrans0.ltrans.o
 *fill*         0x00000000080053f4        0xc 
 .text.read     0x0000000008005400      0x134 /tmp/ch.elf.yKprcf.ltrans0.ltrans.o
 *fill*         0x0000000008005534        0xc 
 .text.__fitted_write
                0x0000000008005540       0xe8 /tmp/ch.elf.yKprcf.ltrans0.ltrans.o
 *fill*         0x0000000008005628        0x8 
 .text.write    0x0000000008005630       0xb4 /tmp/ch.elf.yKprcf.ltrans0.ltrans.o
 *fill*         0x00000000080056e4        0xc 
 .text.__early_init
                0x00000000080056f0       0x7c /tmp/ch.elf.yKprcf.ltrans0.ltrans.o
                0x00000000080056f0                __early_init
 *fill*         0x000000000800576c        0x4 
 .text.VectorD8
                0x0000000008005770      0x1c4 /tmp/ch.elf.yKprcf.ltrans0.ltrans.o
                0x0000000008005770                VectorD8
 *fill*         0x0000000008005934        0xc 
 .text.VectorB8
                0x0000000008005940       0x64 /tmp/ch.elf.yKprcf.ltrans0.ltrans.o
                0x0000000008005940                VectorB8
 *fill*         0x00000000080059a4        0xc 
 .text.VectorB0
                0x00000000080059b0       0x14 /tmp/ch.elf.yKprcf.ltrans0.ltrans.o
                0x00000000080059b0                VectorB0
 *fill*         0x00000000080059c4        0xc 
 .text.VectorA4
                0x00000000080059d0       0x14 /tmp/ch.elf.yKprcf.ltrans0.ltrans.o
                0x00000000080059d0                VectorA4
 *fill*         0x00000000080059e4        0xc 
 .text.VectorAC
                0x00000000080059f0        0x4 /tmp/ch.elf.yKprcf.ltrans0.ltrans.o
                0x00000000080059f0                VectorAC
 *fill*         0x00000000080059f4        0xc 
 .text.VectorB4
                0x0000000008005a00       0xc0 /tmp/ch.elf.yKprcf.ltrans0.ltrans.o
                0x0000000008005a00                VectorB4
 .text.VectorC0
                0x0000000008005ac0       0xdc /tmp/ch.elf.yKprcf.ltrans0.ltrans.o
                0x0000000008005ac0                VectorC0
 *fill*         0x0000000008005b9c        0x4 
 .text.VectorBC
                0x0000000008005ba0      0x124 /tmp/ch.elf.yKprcf.ltrans0.ltrans.o
                0x0000000008005ba0                VectorBC
 *fill*         0x0000000008005cc4        0xc 
 .text.Vector84
                0x0000000008005cd0       0x14 /tmp/ch.elf.yKprcf.ltrans0.ltrans.o
                0x0000000008005cd0                Vector84
 *fill*         0x0000000008005ce4        0xc 
 .text.Vector80
                0x0000000008005cf0       0x14 /tmp/ch.elf.yKprcf.ltrans0.ltrans.o
                0x0000000008005cf0                Vector80
 *fill*         0x0000000008005d04        0xc 
 .text.Vector7C
                0x0000000008005d10       0x14 /tmp/ch.elf.yKprcf.ltrans0.ltrans.o
                0x0000000008005d10                Vector7C
 *fill*         0x0000000008005d24        0xc 
 .text.Vector78
                0x0000000008005d30       0x14 /tmp/ch.elf.yKprcf.ltrans0.ltrans.o
                0x0000000008005d30                Vector78
 *fill*         0x0000000008005d44        0xc 
 .text.Vector74
                0x0000000008005d50       0x14 /tmp/ch.elf.yKprcf.ltrans0.ltrans.o
                0x0000000008005d50                Vector74
 *fill*         0x0000000008005d64        0xc 
 .text.Vector70
                0x0000000008005d70       0x14 /tmp/ch.elf.yKprcf.ltrans0.ltrans.o
                0x0000000008005d70                Vector70
 *fill*         0x0000000008005d84        0xc 
 .text.Vector6C
                0x0000000008005d90       0x14 /tmp/ch.elf.yKprcf.ltrans0.ltrans.o
                0x0000000008005d90                Vector6C
 *fill*         0x0000000008005da4        0xc 
 .text.__init_ram_areas
                0x0000000008005db0       0x68 /tmp/ch.elf.yKprcf.ltrans0.ltrans.o
                0x0000000008005db0                __init_ram_areas
 *fill*         0x0000000008005e18        0x8 
 .text.__default_exit
                0x0000000008005e20        0x4 /tmp/ch.elf.yKprcf.ltrans0.ltrans.o
                0x0000000008005e20                __default_exit
 *fill*         0x0000000008005e24        0xc 
 .text.__late_init
                0x0000000008005e30        0x4 /tmp/ch.elf.yKprcf.ltrans0.ltrans.o
                0x0000000008005e30                __late_init
 *fill*         0x0000000008005e34        0xc 
 .text.__core_init
                0x0000000008005e40        0x4 /tmp/ch.elf.yKprcf.ltrans0.ltrans.o
                0x0000000008005e40                __core_init
 .text.atoi     0x0000000008005e44        0x8 /home/rob/Data/rob/Projects/ChibiStudio/ChibiStudio_20/tools/GNU Tools ARM Embedded/9.2.1 2019q4/bin/../lib/gcc/arm-none-eabi/9.2.1/../../../../arm-none-eabi/lib/thumb/v7-m/nofp/libg.a(lib_a-atoi.o)
                0x0000000008005e44                atoi
 .text._strtol_l.isra.0
                0x0000000008005e4c      0x110 /home/rob/Data/rob/Projects/ChibiStudio/ChibiStudio_20/tools/GNU Tools ARM Embedded/9.2.1 2019q4/bin/../lib/gcc/arm-none-eabi/9.2.1/../../../../arm-none-eabi/lib/thumb/v7-m/nofp/libg.a(lib_a-strtol.o)
 .text.strtol   0x0000000008005f5c       0x18 /home/rob/Data/rob/Projects/ChibiStudio/ChibiStudio_20/tools/GNU Tools ARM Embedded/9.2.1 2019q4/bin/../lib/gcc/arm-none-eabi/9.2.1/../../../../arm-none-eabi/lib/thumb/v7-m/nofp/libg.a(lib_a-strtol.o)
                0x0000000008005f5c                strtol
 .text.memset   0x0000000008005f74       0xa0 /home/rob/Data/rob/Projects/ChibiStudio/ChibiStudio_20/tools/GNU Tools ARM Embedded/9.2.1 2019q4/bin/../lib/gcc/arm-none-eabi/9.2.1/../../../../arm-none-eabi/lib/thumb/v7-m/nofp/libg.a(lib_a-memset.o)
                0x0000000008005f74                memset
 .text.strchr   0x0000000008006014       0xd0 /home/rob/Data/rob/Projects/ChibiStudio/ChibiStudio_20/tools/GNU Tools ARM Embedded/9.2.1 2019q4/bin/../lib/gcc/arm-none-eabi/9.2.1/../../../../arm-none-eabi/lib/thumb/v7-m/nofp/libg.a(lib_a-strchr.o)
                0x0000000008006014                strchr
 .text.strpbrk  0x00000000080060e4       0x38 /home/rob/Data/rob/Projects/ChibiStudio/ChibiStudio_20/tools/GNU Tools ARM Embedded/9.2.1 2019q4/bin/../lib/gcc/arm-none-eabi/9.2.1/../../../../arm-none-eabi/lib/thumb/v7-m/nofp/libg.a(lib_a-strpbrk.o)
                0x00000000080060e4                strpbrk
 .text.strspn   0x000000000800611c       0x30 /home/rob/Data/rob/Projects/ChibiStudio/ChibiStudio_20/tools/GNU Tools ARM Embedded/9.2.1 2019q4/bin/../lib/gcc/arm-none-eabi/9.2.1/../../../../arm-none-eabi/lib/thumb/v7-m/nofp/libg.a(lib_a-strspn.o)
                0x000000000800611c                strspn
 *(.glue_7t)
 .glue_7t       0x000000000800614c        0x0 linker stubs
 *(.glue_7)
 .glue_7        0x000000000800614c        0x0 linker stubs
 *(.gcc*)
                0x000000000800614c                __text_end__ = .

.vfp11_veneer   0x000000000800614c        0x0
 .vfp11_veneer  0x000000000800614c        0x0 linker stubs

.v4_bx          0x000000000800614c        0x0
 .v4_bx         0x000000000800614c        0x0 linker stubs

.iplt           0x000000000800614c        0x0
 .iplt          0x000000000800614c        0x0 ./build/obj/crt0_v7m.o

.rodata         0x0000000008006150     0x14b0
                0x0000000008006150                __rodata_base__ = .
 *(.rodata)
 .rodata        0x0000000008006150       0x78 /tmp/ch.elf.yKprcf.ltrans0.ltrans.o
 *(.rodata.*)
 .rodata.i2c_lld_serve_tx_end_irq.str1.4
                0x00000000080061c8        0xc /tmp/ch.elf.yKprcf.ltrans0.ltrans.o
 .rodata.Thread1.str1.4
                0x00000000080061d4        0x8 /tmp/ch.elf.yKprcf.ltrans0.ltrans.o
 .rodata.parse_arguments.str1.4
                0x00000000080061dc        0x3 /tmp/ch.elf.yKprcf.ltrans0.ltrans.o
 *fill*         0x00000000080061df        0x1 
 .rodata.chprintf.str1.4
                0x00000000080061e0        0x7 /tmp/ch.elf.yKprcf.ltrans0.ltrans.o
 *fill*         0x00000000080061e7        0x1 
 .rodata.cmd_ch_inp_f.str1.4
                0x00000000080061e8       0x50 /tmp/ch.elf.yKprcf.ltrans0.ltrans.o
 .rodata.cmd_dir.str1.4
                0x0000000008006238       0x6b /tmp/ch.elf.yKprcf.ltrans0.ltrans.o
 *fill*         0x00000000080062a3        0x1 
 .rodata.cmd_dis.str1.4
                0x00000000080062a4       0x90 /tmp/ch.elf.yKprcf.ltrans0.ltrans.o
 .rodata.cmd_per.str1.4
                0x0000000008006334       0x2f /tmp/ch.elf.yKprcf.ltrans0.ltrans.o
 *fill*         0x0000000008006363        0x1 
 .rodata.cmd_confwrt.str1.4
                0x0000000008006364       0x62 /tmp/ch.elf.yKprcf.ltrans0.ltrans.o
 *fill*         0x00000000080063c6        0x2 
 .rodata.cmd_fillee.str1.4
                0x00000000080063c8       0xc4 /tmp/ch.elf.yKprcf.ltrans0.ltrans.o
 .rodata.cmd_dumpvar.str1.4
                0x000000000800648c       0x5a /tmp/ch.elf.yKprcf.ltrans0.ltrans.o
                                         0x5f (size before relaxing)
 *fill*         0x00000000080064e6        0x2 
 .rodata.cmd_writee.str1.4
                0x00000000080064e8       0x4e /tmp/ch.elf.yKprcf.ltrans0.ltrans.o
 *fill*         0x0000000008006536        0x2 
 .rodata.cmd_dumpee.str1.4
                0x0000000008006538       0x94 /tmp/ch.elf.yKprcf.ltrans0.ltrans.o
 .rodata.cmd_ch_speed_cf.str1.4
                0x00000000080065cc       0x61 /tmp/ch.elf.yKprcf.ltrans0.ltrans.o
 *fill*         0x000000000800662d        0x3 
 .rodata.cmd_ch_fspeed.str1.4
                0x0000000008006630       0x4c /tmp/ch.elf.yKprcf.ltrans0.ltrans.o
 .rodata.cmd_ch_speed.str1.4
                0x000000000800667c       0x33 /tmp/ch.elf.yKprcf.ltrans0.ltrans.o
 *fill*         0x00000000080066af        0x1 
 .rodata.cmd_ch_pwm.str1.4
                0x00000000080066b0       0x63 /tmp/ch.elf.yKprcf.ltrans0.ltrans.o
 *fill*         0x0000000008006713        0x1 
 .rodata.cmd_scf.str1.4
                0x0000000008006714       0xf6 /tmp/ch.elf.yKprcf.ltrans0.ltrans.o
 *fill*         0x000000000800680a        0x2 
 .rodata.cmd_smm.str1.4
                0x000000000800680c       0x4c /tmp/ch.elf.yKprcf.ltrans0.ltrans.o
 .rodata.cmd_stl.str1.4
                0x0000000008006858       0x8c /tmp/ch.elf.yKprcf.ltrans0.ltrans.o
 .rodata.cmd_status.str1.4
                0x00000000080068e4       0x26 /tmp/ch.elf.yKprcf.ltrans0.ltrans.o
 *fill*         0x000000000800690a        0x2 
 .rodata.shellModifyu16.str1.4
                0x000000000800690c      0x141 /tmp/ch.elf.yKprcf.ltrans0.ltrans.o
 *fill*         0x0000000008006a4d        0x3 
 .rodata.cmd_tune_speed.str1.4
                0x0000000008006a50      0x1a8 /tmp/ch.elf.yKprcf.ltrans0.ltrans.o
 .rodata.cmd_modify.str1.4
                0x0000000008006bf8       0xe3 /tmp/ch.elf.yKprcf.ltrans0.ltrans.o
                                         0xeb (size before relaxing)
 *fill*         0x0000000008006cdb        0x1 
 .rodata.configParameterRead.str1.4
                0x0000000008006cdc       0xb0 /tmp/ch.elf.yKprcf.ltrans0.ltrans.o
 .rodata.cmd_confrd.str1.4
                0x0000000008006d8c       0x3c /tmp/ch.elf.yKprcf.ltrans0.ltrans.o
 .rodata.cmd_echo.str1.4
                0x0000000008006dc8       0x21 /tmp/ch.elf.yKprcf.ltrans0.ltrans.o
 *fill*         0x0000000008006de9        0x3 
 .rodata.cmd_info.str1.4
                0x0000000008006dec      0x175 /tmp/ch.elf.yKprcf.ltrans0.ltrans.o
 *fill*         0x0000000008006f61        0x3 
 .rodata.shellThread.str1.4
                0x0000000008006f64       0x79 /tmp/ch.elf.yKprcf.ltrans0.ltrans.o
 *fill*         0x0000000008006fdd        0x3 
 .rodata.cmd_mem.str1.4
                0x0000000008006fe0       0x7a /tmp/ch.elf.yKprcf.ltrans0.ltrans.o
 *fill*         0x000000000800705a        0x2 
 .rodata.main.str1.4
                0x000000000800705c       0x43 /tmp/ch.elf.yKprcf.ltrans0.ltrans.o
 *fill*         0x000000000800709f        0x1 
 .rodata.cmd_threads.str1.4
                0x00000000080070a0       0x6f /tmp/ch.elf.yKprcf.ltrans0.ltrans.o
                                         0x73 (size before relaxing)
 *fill*         0x000000000800710f        0x1 
 .rodata.str1.4
                0x0000000008007110      0x11d /tmp/ch.elf.yKprcf.ltrans0.ltrans.o
 *fill*         0x000000000800722d        0x3 
 .rodata._stm32_dma_streams
                0x0000000008007230       0x70 /tmp/ch.elf.yKprcf.ltrans0.ltrans.o
 .rodata.cfgtab.7798
                0x00000000080072a0       0x12 /tmp/ch.elf.yKprcf.ltrans0.ltrans.o
 *fill*         0x00000000080072b2        0x2 
 .rodata.ch_debug
                0x00000000080072b4       0x16 /tmp/ch.elf.yKprcf.ltrans0.ltrans.o
 *fill*         0x00000000080072ca        0x2 
 .rodata.commands
                0x00000000080072cc       0xa8 /tmp/ch.elf.yKprcf.ltrans0.ltrans.o
 .rodata.eeCfg  0x0000000008007374       0x1c /tmp/ch.elf.yKprcf.ltrans0.ltrans.o
 .rodata.i2cfg1
                0x0000000008007390        0xc /tmp/ch.elf.yKprcf.ltrans0.ltrans.o
 .rodata.idle_descriptor.6623
                0x000000000800739c       0x18 /tmp/ch.elf.yKprcf.ltrans0.ltrans.o
 .rodata.ram_areas
                0x00000000080073b4       0x80 /tmp/ch.elf.yKprcf.ltrans0.ltrans.o
 .rodata.shell_cfg1
                0x0000000008007434       0x10 /tmp/ch.elf.yKprcf.ltrans0.ltrans.o
 .rodata.shell_local_commands
                0x0000000008007444       0x28 /tmp/ch.elf.yKprcf.ltrans0.ltrans.o
 .rodata.states.8265
                0x000000000800746c       0x40 /tmp/ch.elf.yKprcf.ltrans0.ltrans.o
 .rodata.vmt.lto_priv.0
                0x00000000080074ac       0x28 /tmp/ch.elf.yKprcf.ltrans0.ltrans.o
 .rodata.vmt.lto_priv.1
                0x00000000080074d4       0x28 /tmp/ch.elf.yKprcf.ltrans0.ltrans.o
 .rodata._ctype_
                0x00000000080074fc      0x101 /home/rob/Data/rob/Projects/ChibiStudio/ChibiStudio_20/tools/GNU Tools ARM Embedded/9.2.1 2019q4/bin/../lib/gcc/arm-none-eabi/9.2.1/../../../../arm-none-eabi/lib/thumb/v7-m/nofp/libg.a(lib_a-ctype_.o)
                0x00000000080074fc                _ctype_
                0x0000000008007600                . = ALIGN (0x4)
 *fill*         0x00000000080075fd        0x3 
                0x0000000008007600                __rodata_end__ = .

.ARM.extab
 *(.ARM.extab* .gnu.linkonce.armextab.*)

.ARM.exidx      0x0000000008007600        0x8
                0x0000000008007600                __exidx_base__ = .
                0x0000000008007600                __exidx_start = .
 *(.ARM.exidx* .gnu.linkonce.armexidx.*)
 .ARM.exidx     0x0000000008007600        0x8 /home/rob/Data/rob/Projects/ChibiStudio/ChibiStudio_20/tools/GNU Tools ARM Embedded/9.2.1 2019q4/bin/../lib/gcc/arm-none-eabi/9.2.1/thumb/v7-m/nofp/libgcc.a(_udivmoddi4.o)
                0x0000000008007608                __exidx_end__ = .
                0x0000000008007608                __exidx_end = .

.rel.dyn        0x0000000008007608        0x0
 .rel.iplt      0x0000000008007608        0x0 ./build/obj/crt0_v7m.o

.eh_frame_hdr
 *(.eh_frame_hdr)

.eh_frame
 *(.eh_frame)

.data           0x0000000020000800      0x530 load address 0x0000000008007608
                [!provide]                        PROVIDE (_textdata = LOADADDR (.data))
                [!provide]                        PROVIDE (_data = .)
                0x0000000008007608                __textdata_base__ = LOADADDR (.data)
                0x0000000020000800                __data_base__ = .
 *(.data)
 *(.data.*)
 .data.cudata   0x0000000020000800       0x94 /tmp/ch.elf.yKprcf.ltrans0.ltrans.o
 .data.eepdev_24xx
                0x0000000020000894        0x8 /tmp/ch.elf.yKprcf.ltrans0.ltrans.o
 .data.four     0x000000002000089c        0x4 /tmp/ch.elf.yKprcf.ltrans0.ltrans.o
 .data.icucfg   0x00000000200008a0       0x20 /tmp/ch.elf.yKprcf.ltrans0.ltrans.o
 .data.one      0x00000000200008c0        0x2 /tmp/ch.elf.yKprcf.ltrans0.ltrans.o
 *fill*         0x00000000200008c2        0x2 
 .data.pwmcfg   0x00000000200008c4       0x34 /tmp/ch.elf.yKprcf.ltrans0.ltrans.o
 .data.three    0x00000000200008f8        0x4 /tmp/ch.elf.yKprcf.ltrans0.ltrans.o
 .data.two      0x00000000200008fc        0x2 /tmp/ch.elf.yKprcf.ltrans0.ltrans.o
 *fill*         0x00000000200008fe        0x2 
 .data._impure_ptr
                0x0000000020000900        0x4 /home/rob/Data/rob/Projects/ChibiStudio/ChibiStudio_20/tools/GNU Tools ARM Embedded/9.2.1 2019q4/bin/../lib/gcc/arm-none-eabi/9.2.1/../../../../arm-none-eabi/lib/thumb/v7-m/nofp/libg.a(lib_a-impure.o)
                0x0000000020000900                _impure_ptr
 *fill*         0x0000000020000904        0x4 
 .data.impure_data
                0x0000000020000908      0x428 /home/rob/Data/rob/Projects/ChibiStudio/ChibiStudio_20/tools/GNU Tools ARM Embedded/9.2.1 2019q4/bin/../lib/gcc/arm-none-eabi/9.2.1/../../../../arm-none-eabi/lib/thumb/v7-m/nofp/libg.a(lib_a-impure.o)
 *(.ramtext)
                0x0000000020000d30                . = ALIGN (0x4)
                [!provide]                        PROVIDE (_edata = .)
                0x0000000020000d30                __data_end__ = .

.igot.plt       0x0000000020000d30        0x0 load address 0x0000000008007b38
 .igot.plt      0x0000000020000d30        0x0 ./build/obj/crt0_v7m.o

.bss            0x0000000020000d30      0x698 load address 0x0000000008007b38
                0x0000000020000d30                __bss_base__ = .
 *(.bss)
 *(.bss.*)
 .bss.I2CD1     0x0000000020000d30       0x38 /tmp/ch.elf.yKprcf.ltrans0.ltrans.o
 .bss.ICUD1     0x0000000020000d68       0x18 /tmp/ch.elf.yKprcf.ltrans0.ltrans.o
 .bss.ICUD2     0x0000000020000d80       0x18 /tmp/ch.elf.yKprcf.ltrans0.ltrans.o
 .bss.PWMD4     0x0000000020000d98       0x1c /tmp/ch.elf.yKprcf.ltrans0.ltrans.o
 .bss.SD2       0x0000000020000db4       0x7c /tmp/ch.elf.yKprcf.ltrans0.ltrans.o
 .bss.ch        0x0000000020000e30       0x74 /tmp/ch.elf.yKprcf.ltrans0.ltrans.o
 .bss.ch_factory
                0x0000000020000ea4       0x48 /tmp/ch.elf.yKprcf.ltrans0.ltrans.o
 *fill*         0x0000000020000eec        0x4 
 .bss.ch_idle_thread_wa
                0x0000000020000ef0       0xd8 /tmp/ch.elf.yKprcf.ltrans0.ltrans.o
 .bss.ch_memcore
                0x0000000020000fc8        0x8 /tmp/ch.elf.yKprcf.ltrans0.ltrans.o
 .bss.cnt       0x0000000020000fd0        0x2 /tmp/ch.elf.yKprcf.ltrans0.ltrans.o
 .bss.cnt.8935  0x0000000020000fd2        0x2 /tmp/ch.elf.yKprcf.ltrans0.ltrans.o
 .bss.default_heap
                0x0000000020000fd4       0x1c /tmp/ch.elf.yKprcf.ltrans0.ltrans.o
 .bss.dma       0x0000000020000ff0       0x40 /tmp/ch.elf.yKprcf.ltrans0.ltrans.o
 .bss.eeFS      0x0000000020001030        0x4 /tmp/ch.elf.yKprcf.ltrans0.ltrans.o
 .bss.eeFile    0x0000000020001034       0x10 /tmp/ch.elf.yKprcf.ltrans0.ltrans.o
 .bss.eeprom_buf
                0x0000000020001044       0x22 /tmp/ch.elf.yKprcf.ltrans0.ltrans.o
 .bss.f_enable  0x0000000020001066        0x2 /tmp/ch.elf.yKprcf.ltrans0.ltrans.o
 .bss.history_buffer
                0x0000000020001068      0x200 /tmp/ch.elf.yKprcf.ltrans0.ltrans.o
 .bss.last_period
                0x0000000020001268        0x4 /tmp/ch.elf.yKprcf.ltrans0.ltrans.o
 .bss.pwm_in    0x000000002000126c        0x4 /tmp/ch.elf.yKprcf.ltrans0.ltrans.o
 .bss.real_freq
                0x0000000020001270        0x2 /tmp/ch.elf.yKprcf.ltrans0.ltrans.o
 *fill*         0x0000000020001272        0x2 
 .bss.shell_terminated
                0x0000000020001274        0x4 /tmp/ch.elf.yKprcf.ltrans0.ltrans.o
 .bss.speed     0x0000000020001278        0x2 /tmp/ch.elf.yKprcf.ltrans0.ltrans.o
 *fill*         0x000000002000127a        0x2 
 .bss.speed_in  0x000000002000127c        0x4 /tmp/ch.elf.yKprcf.ltrans0.ltrans.o
 .bss.waThread1
                0x0000000020001280      0x148 /tmp/ch.elf.yKprcf.ltrans0.ltrans.o
 *(COMMON)
                0x00000000200013c8                . = ALIGN (0x4)
                0x00000000200013c8                __bss_end__ = .
                [!provide]                        PROVIDE (end = .)
                0x0000000020000000                __ram0_base__ = ORIGIN (ram0)
                0x0000000000005000                __ram0_size__ = LENGTH (ram0)
                0x0000000020005000                __ram0_end__ = (__ram0_base__ + __ram0_size__)
                0x0000000000000000                __ram1_base__ = ORIGIN (ram1)
                0x0000000000000000                __ram1_size__ = LENGTH (ram1)
                0x0000000000000000                __ram1_end__ = (__ram1_base__ + __ram1_size__)
                0x0000000000000000                __ram2_base__ = ORIGIN (ram2)
                0x0000000000000000                __ram2_size__ = LENGTH (ram2)
                0x0000000000000000                __ram2_end__ = (__ram2_base__ + __ram2_size__)
                0x0000000000000000                __ram3_base__ = ORIGIN (ram3)
                0x0000000000000000                __ram3_size__ = LENGTH (ram3)
                0x0000000000000000                __ram3_end__ = (__ram3_base__ + __ram3_size__)
                0x0000000000000000                __ram4_base__ = ORIGIN (ram4)
                0x0000000000000000                __ram4_size__ = LENGTH (ram4)
                0x0000000000000000                __ram4_end__ = (__ram4_base__ + __ram4_size__)
                0x0000000000000000                __ram5_base__ = ORIGIN (ram5)
                0x0000000000000000                __ram5_size__ = LENGTH (ram5)
                0x0000000000000000                __ram5_end__ = (__ram5_base__ + __ram5_size__)
                0x0000000000000000                __ram6_base__ = ORIGIN (ram6)
                0x0000000000000000                __ram6_size__ = LENGTH (ram6)
                0x0000000000000000                __ram6_end__ = (__ram6_base__ + __ram6_size__)
                0x0000000000000000                __ram7_base__ = ORIGIN (ram7)
                0x0000000000000000                __ram7_size__ = LENGTH (ram7)
                0x0000000000000000                __ram7_end__ = (__ram7_base__ + __ram7_size__)
                0x0000000008000000                __flash0_base__ = ORIGIN (flash0)
                0x0000000000020000                __flash0_size__ = LENGTH (flash0)
                0x0000000008020000                __flash0_end__ = (__flash0_base__ + __flash0_size__)
                0x0000000000000000                __flash1_base__ = ORIGIN (flash1)
                0x0000000000000000                __flash1_size__ = LENGTH (flash1)
                0x0000000000000000                __flash1_end__ = (__flash1_base__ + __flash1_size__)
                0x0000000000000000                __flash2_base__ = ORIGIN (flash2)
                0x0000000000000000                __flash2_size__ = LENGTH (flash2)
                0x0000000000000000                __flash2_end__ = (__flash2_base__ + __flash2_size__)
                0x0000000000000000                __flash3_base__ = ORIGIN (flash3)
                0x0000000000000000                __flash3_size__ = LENGTH (flash3)
                0x0000000000000000                __flash3_end__ = (__flash3_base__ + __flash3_size__)
                0x0000000000000000                __flash4_base__ = ORIGIN (flash4)
                0x0000000000000000                __flash4_size__ = LENGTH (flash4)
                0x0000000000000000                __flash4_end__ = (__flash4_base__ + __flash4_size__)
                0x0000000000000000                __flash5_base__ = ORIGIN (flash5)
                0x0000000000000000                __flash5_size__ = LENGTH (flash5)
                0x0000000000000000                __flash5_end__ = (__flash5_base__ + __flash5_size__)
                0x0000000000000000                __flash6_base__ = ORIGIN (flash6)
                0x0000000000000000                __flash6_size__ = LENGTH (flash6)
                0x0000000000000000                __flash6_end__ = (__flash6_base__ + __flash6_size__)
                0x0000000000000000                __flash7_base__ = ORIGIN (flash7)
                0x0000000000000000                __flash7_size__ = LENGTH (flash7)
                0x0000000000000000                __flash7_end__ = (__flash7_base__ + __flash7_size__)

.ram0_init      0x00000000200013c8        0x0 load address 0x0000000008007b38
                0x0000000008007b38                __ram0_init_text__ = LOADADDR (.ram0_init)
                0x00000000200013c8                __ram0_init__ = .
 *(.ram0_init)
 *(.ram0_init.*)
                0x00000000200013c8                . = ALIGN (0x4)

.ram0           0x00000000200013c8        0x0 load address 0x0000000008007b38
                0x00000000200013c8                __ram0_clear__ = .
 *(.ram0_clear)
 *(.ram0_clear.*)
                0x00000000200013c8                . = ALIGN (0x4)
                0x00000000200013c8                __ram0_noinit__ = .
 *(.ram0)
 *(.ram0.*)
                0x00000000200013c8                . = ALIGN (0x4)
                0x00000000200013c8                __ram0_free__ = .

.ram1_init      0x0000000000000000        0x0 load address 0x0000000008007b38
                0x0000000008007b38                __ram1_init_text__ = LOADADDR (.ram1_init)
                0x0000000000000000                __ram1_init__ = .
 *(.ram1_init)
 *(.ram1_init.*)
                0x0000000000000000                . = ALIGN (0x4)

.ram1           0x0000000000000000        0x0 load address 0x0000000008007b38
                0x0000000000000000                __ram1_clear__ = .
 *(.ram1_clear)
 *(.ram1_clear.*)
                0x0000000000000000                . = ALIGN (0x4)
                0x0000000000000000                __ram1_noinit__ = .
 *(.ram1)
 *(.ram1.*)
                0x0000000000000000                . = ALIGN (0x4)
                0x0000000000000000                __ram1_free__ = .

.ram2_init      0x0000000000000000        0x0 load address 0x0000000008007b38
                0x0000000008007b38                __ram2_init_text__ = LOADADDR (.ram2_init)
                0x0000000000000000                __ram2_init__ = .
 *(.ram2_init)
 *(.ram2_init.*)
                0x0000000000000000                . = ALIGN (0x4)

.ram2           0x0000000000000000        0x0 load address 0x0000000008007b38
                0x0000000000000000                __ram2_clear__ = .
 *(.ram2_clear)
 *(.ram2_clear.*)
                0x0000000000000000                . = ALIGN (0x4)
                0x0000000000000000                __ram2_noinit__ = .
 *(.ram2)
 *(.ram2.*)
                0x0000000000000000                . = ALIGN (0x4)
                0x0000000000000000                __ram2_free__ = .

.ram3_init      0x0000000000000000        0x0 load address 0x0000000008007b38
                0x0000000008007b38                __ram3_init_text__ = LOADADDR (.ram3_init)
                0x0000000000000000                __ram3_init__ = .
 *(.ram3_init)
 *(.ram3_init.*)
                0x0000000000000000                . = ALIGN (0x4)

.ram3           0x0000000000000000        0x0 load address 0x0000000008007b38
                0x0000000000000000                __ram3_clear__ = .
 *(.ram3_clear)
 *(.ram3_clear.*)
                0x0000000000000000                . = ALIGN (0x4)
                0x0000000000000000                __ram3_noinit__ = .
 *(.ram3)
 *(.ram3.*)
                0x0000000000000000                . = ALIGN (0x4)
                0x0000000000000000                __ram3_free__ = .

.ram4_init      0x0000000000000000        0x0 load address 0x0000000008007b38
                0x0000000008007b38                __ram4_init_text__ = LOADADDR (.ram4_init)
                0x0000000000000000                __ram4_init__ = .
 *(.ram4_init)
 *(.ram4_init.*)
                0x0000000000000000                . = ALIGN (0x4)

.ram4           0x0000000000000000        0x0 load address 0x0000000008007b38
                0x0000000000000000                __ram4_clear__ = .
 *(.ram4_clear)
 *(.ram4_clear.*)
                0x0000000000000000                . = ALIGN (0x4)
                0x0000000000000000                __ram4_noinit__ = .
 *(.ram4)
 *(.ram4.*)
                0x0000000000000000                . = ALIGN (0x4)
                0x0000000000000000                __ram4_free__ = .

.ram5_init      0x0000000000000000        0x0 load address 0x0000000008007b38
                0x0000000008007b38                __ram5_init_text__ = LOADADDR (.ram5_init)
                0x0000000000000000                __ram5_init__ = .
 *(.ram5_init)
 *(.ram5_init.*)
                0x0000000000000000                . = ALIGN (0x4)

.ram5           0x0000000000000000        0x0 load address 0x0000000008007b38
                0x0000000000000000                __ram5_clear__ = .
 *(.ram5_clear)
 *(.ram5_clear.*)
                0x0000000000000000                . = ALIGN (0x4)
                0x0000000000000000                __ram5_noinit__ = .
 *(.ram5)
 *(.ram5.*)
                0x0000000000000000                . = ALIGN (0x4)
                0x0000000000000000                __ram5_free__ = .

.ram6_init      0x0000000000000000        0x0 load address 0x0000000008007b38
                0x0000000008007b38                __ram6_init_text__ = LOADADDR (.ram6_init)
                0x0000000000000000                __ram6_init__ = .
 *(.ram6_init)
 *(.ram6_init.*)
                0x0000000000000000                . = ALIGN (0x4)

.ram6           0x0000000000000000        0x0 load address 0x0000000008007b38
                0x0000000000000000                __ram6_clear__ = .
 *(.ram6_clear)
 *(.ram6_clear.*)
                0x0000000000000000                . = ALIGN (0x4)
                0x0000000000000000                __ram6_noinit__ = .
 *(.ram6)
 *(.ram6.*)
                0x0000000000000000                . = ALIGN (0x4)
                0x0000000000000000                __ram6_free__ = .

.ram7_init      0x0000000000000000        0x0 load address 0x0000000008007b38
                0x0000000008007b38                __ram7_init_text__ = LOADADDR (.ram7_init)
                0x0000000000000000                __ram7_init__ = .
 *(.ram7_init)
 *(.ram7_init.*)
                0x0000000000000000                . = ALIGN (0x4)

.ram7           0x0000000000000000        0x0 load address 0x0000000008007b38
                0x0000000000000000                __ram7_clear__ = .
 *(.ram7_clear)
 *(.ram7_clear.*)
                0x0000000000000000                . = ALIGN (0x4)
                0x0000000000000000                __ram7_noinit__ = .
 *(.ram7)
 *(.ram7.*)
                0x0000000000000000                . = ALIGN (0x4)
                0x0000000000000000                __ram7_free__ = .

.flash0         0x0000000008007b38        0x0
                0x0000000008007b38                __flash0_init__ = .
 *(.flash0_init)
 *(.flash0_init.*)
                0x0000000008007b38                __flash0_free__ = .

.flash1         0x0000000000000000        0x0
                0x0000000000000000                __flash1_init__ = .
 *(.flash1_init)
 *(.flash1_init.*)
                0x0000000000000000                __flash1_free__ = .

.flash2         0x0000000000000000        0x0
                0x0000000000000000                __flash2_init__ = .
 *(.flash2_init)
 *(.flash2_init.*)
                0x0000000000000000                __flash2_free__ = .

.flash3         0x0000000000000000        0x0
                0x0000000000000000                __flash3_init__ = .
 *(.flash3_init)
 *(.flash3_init.*)
                0x0000000000000000                __flash3_free__ = .

.flash4         0x0000000000000000        0x0
                0x0000000000000000                __flash4_init__ = .
 *(.flash4_init)
 *(.flash4_init.*)
                0x0000000000000000                __flash4_free__ = .

.flash5         0x0000000000000000        0x0
                0x0000000000000000                __flash5_init__ = .
 *(.flash5_init)
 *(.flash5_init.*)
                0x0000000000000000                __flash5_free__ = .

.flash6         0x0000000000000000        0x0
                0x0000000000000000                __flash6_init__ = .
 *(.flash6_init)
 *(.flash6_init.*)
                0x0000000000000000                __flash6_free__ = .

.flash7         0x0000000000000000        0x0
                0x0000000000000000                __flash7_init__ = .
 *(.flash7_init)
 *(.flash7_init.*)
                0x0000000000000000                __flash7_free__ = .

.heap           0x00000000200013c8     0x3c38
                0x00000000200013c8                . = ALIGN (0x8)
                0x00000000200013c8                __heap_base__ = .
                0x0000000020005000                . = (ORIGIN (HEAP_RAM) + LENGTH (HEAP_RAM))
 *fill*         0x00000000200013c8     0x3c38 
                0x0000000020005000                __heap_end__ = .
                0x0000000000000400                __process_stack_size__ = 0x400
                0x0000000000000400                __main_stack_size__ = 0x400
START GROUP
LOAD /home/rob/Data/rob/Projects/ChibiStudio/ChibiStudio_20/tools/GNU Tools ARM Embedded/9.2.1 2019q4/bin/../lib/gcc/arm-none-eabi/9.2.1/thumb/v7-m/nofp/libgcc.a
LOAD /home/rob/Data/rob/Projects/ChibiStudio/ChibiStudio_20/tools/GNU Tools ARM Embedded/9.2.1 2019q4/bin/../lib/gcc/arm-none-eabi/9.2.1/../../../../arm-none-eabi/lib/thumb/v7-m/nofp/libg.a
LOAD /home/rob/Data/rob/Projects/ChibiStudio/ChibiStudio_20/tools/GNU Tools ARM Embedded/9.2.1 2019q4/bin/../lib/gcc/arm-none-eabi/9.2.1/../../../../arm-none-eabi/lib/thumb/v7-m/nofp/libc.a
END GROUP
OUTPUT(build/ch.elf elf32-littlearm)

.ARM.attributes
                0x0000000000000000       0x2f
 .ARM.attributes
                0x0000000000000000       0x21 ./build/obj/crt0_v7m.o
 .ARM.attributes
                0x0000000000000021       0x21 ./build/obj/vectors.o
 .ARM.attributes
                0x0000000000000042       0x21 ./build/obj/chcoreasm_v7m.o
 .ARM.attributes
                0x0000000000000063       0x2b /tmp/ch.elf.yKprcf.ltrans0.ltrans.o
 .ARM.attributes
                0x000000000000008e       0x2d /home/rob/Data/rob/Projects/ChibiStudio/ChibiStudio_20/tools/GNU Tools ARM Embedded/9.2.1 2019q4/bin/../lib/gcc/arm-none-eabi/9.2.1/../../../../arm-none-eabi/lib/thumb/v7-m/nofp/libg.a(lib_a-atoi.o)
 .ARM.attributes
                0x00000000000000bb       0x2d /home/rob/Data/rob/Projects/ChibiStudio/ChibiStudio_20/tools/GNU Tools ARM Embedded/9.2.1 2019q4/bin/../lib/gcc/arm-none-eabi/9.2.1/../../../../arm-none-eabi/lib/thumb/v7-m/nofp/libg.a(lib_a-ctype_.o)
 .ARM.attributes
                0x00000000000000e8       0x2d /home/rob/Data/rob/Projects/ChibiStudio/ChibiStudio_20/tools/GNU Tools ARM Embedded/9.2.1 2019q4/bin/../lib/gcc/arm-none-eabi/9.2.1/../../../../arm-none-eabi/lib/thumb/v7-m/nofp/libg.a(lib_a-strtol.o)
 .ARM.attributes
                0x0000000000000115       0x2d /home/rob/Data/rob/Projects/ChibiStudio/ChibiStudio_20/tools/GNU Tools ARM Embedded/9.2.1 2019q4/bin/../lib/gcc/arm-none-eabi/9.2.1/../../../../arm-none-eabi/lib/thumb/v7-m/nofp/libg.a(lib_a-impure.o)
 .ARM.attributes
                0x0000000000000142       0x1b /home/rob/Data/rob/Projects/ChibiStudio/ChibiStudio_20/tools/GNU Tools ARM Embedded/9.2.1 2019q4/bin/../lib/gcc/arm-none-eabi/9.2.1/../../../../arm-none-eabi/lib/thumb/v7-m/nofp/libg.a(lib_a-memcpy.o)
 .ARM.attributes
                0x000000000000015d       0x2d /home/rob/Data/rob/Projects/ChibiStudio/ChibiStudio_20/tools/GNU Tools ARM Embedded/9.2.1 2019q4/bin/../lib/gcc/arm-none-eabi/9.2.1/../../../../arm-none-eabi/lib/thumb/v7-m/nofp/libg.a(lib_a-memset.o)
 .ARM.attributes
                0x000000000000018a       0x2d /home/rob/Data/rob/Projects/ChibiStudio/ChibiStudio_20/tools/GNU Tools ARM Embedded/9.2.1 2019q4/bin/../lib/gcc/arm-none-eabi/9.2.1/../../../../arm-none-eabi/lib/thumb/v7-m/nofp/libg.a(lib_a-strchr.o)
 .ARM.attributes
                0x00000000000001b7       0x1b /home/rob/Data/rob/Projects/ChibiStudio/ChibiStudio_20/tools/GNU Tools ARM Embedded/9.2.1 2019q4/bin/../lib/gcc/arm-none-eabi/9.2.1/../../../../arm-none-eabi/lib/thumb/v7-m/nofp/libg.a(lib_a-strcmp.o)
 .ARM.attributes
                0x00000000000001d2       0x2d /home/rob/Data/rob/Projects/ChibiStudio/ChibiStudio_20/tools/GNU Tools ARM Embedded/9.2.1 2019q4/bin/../lib/gcc/arm-none-eabi/9.2.1/../../../../arm-none-eabi/lib/thumb/v7-m/nofp/libg.a(lib_a-strpbrk.o)
 .ARM.attributes
                0x00000000000001ff       0x2d /home/rob/Data/rob/Projects/ChibiStudio/ChibiStudio_20/tools/GNU Tools ARM Embedded/9.2.1 2019q4/bin/../lib/gcc/arm-none-eabi/9.2.1/../../../../arm-none-eabi/lib/thumb/v7-m/nofp/libg.a(lib_a-strspn.o)
 .ARM.attributes
                0x000000000000022c       0x1d /home/rob/Data/rob/Projects/ChibiStudio/ChibiStudio_20/tools/GNU Tools ARM Embedded/9.2.1 2019q4/bin/../lib/gcc/arm-none-eabi/9.2.1/thumb/v7-m/nofp/libgcc.a(_arm_addsubdf3.o)
 .ARM.attributes
                0x0000000000000249       0x1d /home/rob/Data/rob/Projects/ChibiStudio/ChibiStudio_20/tools/GNU Tools ARM Embedded/9.2.1 2019q4/bin/../lib/gcc/arm-none-eabi/9.2.1/thumb/v7-m/nofp/libgcc.a(_arm_muldivdf3.o)
 .ARM.attributes
                0x0000000000000266       0x1d /home/rob/Data/rob/Projects/ChibiStudio/ChibiStudio_20/tools/GNU Tools ARM Embedded/9.2.1 2019q4/bin/../lib/gcc/arm-none-eabi/9.2.1/thumb/v7-m/nofp/libgcc.a(_arm_fixunsdfsi.o)
 .ARM.attributes
                0x0000000000000283       0x1d /home/rob/Data/rob/Projects/ChibiStudio/ChibiStudio_20/tools/GNU Tools ARM Embedded/9.2.1 2019q4/bin/../lib/gcc/arm-none-eabi/9.2.1/thumb/v7-m/nofp/libgcc.a(_arm_truncdfsf2.o)
 .ARM.attributes
                0x00000000000002a0       0x1d /home/rob/Data/rob/Projects/ChibiStudio/ChibiStudio_20/tools/GNU Tools ARM Embedded/9.2.1 2019q4/bin/../lib/gcc/arm-none-eabi/9.2.1/thumb/v7-m/nofp/libgcc.a(_arm_addsubsf3.o)
 .ARM.attributes
                0x00000000000002bd       0x1d /home/rob/Data/rob/Projects/ChibiStudio/ChibiStudio_20/tools/GNU Tools ARM Embedded/9.2.1 2019q4/bin/../lib/gcc/arm-none-eabi/9.2.1/thumb/v7-m/nofp/libgcc.a(_arm_muldivsf3.o)
 .ARM.attributes
                0x00000000000002da       0x1d /home/rob/Data/rob/Projects/ChibiStudio/ChibiStudio_20/tools/GNU Tools ARM Embedded/9.2.1 2019q4/bin/../lib/gcc/arm-none-eabi/9.2.1/thumb/v7-m/nofp/libgcc.a(_arm_cmpsf2.o)
 .ARM.attributes
                0x00000000000002f7       0x1d /home/rob/Data/rob/Projects/ChibiStudio/ChibiStudio_20/tools/GNU Tools ARM Embedded/9.2.1 2019q4/bin/../lib/gcc/arm-none-eabi/9.2.1/thumb/v7-m/nofp/libgcc.a(_arm_fixunssfsi.o)
 .ARM.attributes
                0x0000000000000314       0x1d /home/rob/Data/rob/Projects/ChibiStudio/ChibiStudio_20/tools/GNU Tools ARM Embedded/9.2.1 2019q4/bin/../lib/gcc/arm-none-eabi/9.2.1/thumb/v7-m/nofp/libgcc.a(_aeabi_uldivmod.o)
 .ARM.attributes
                0x0000000000000331       0x2d /home/rob/Data/rob/Projects/ChibiStudio/ChibiStudio_20/tools/GNU Tools ARM Embedded/9.2.1 2019q4/bin/../lib/gcc/arm-none-eabi/9.2.1/thumb/v7-m/nofp/libgcc.a(_udivmoddi4.o)
 .ARM.attributes
                0x000000000000035e       0x1d /home/rob/Data/rob/Projects/ChibiStudio/ChibiStudio_20/tools/GNU Tools ARM Embedded/9.2.1 2019q4/bin/../lib/gcc/arm-none-eabi/9.2.1/thumb/v7-m/nofp/libgcc.a(_dvmd_tls.o)

.comment        0x0000000000000000       0x79
 .comment       0x0000000000000000       0x79 /tmp/ch.elf.yKprcf.ltrans0.ltrans.o
                                         0x7a (size before relaxing)

.debug_line     0x0000000000000000    0x1f170
 .debug_line    0x0000000000000000       0xf8 ./build/obj/crt0_v7m.o
 .debug_line    0x00000000000000f8       0xa2 ./build/obj/vectors.o
 .debug_line    0x000000000000019a       0xb9 ./build/obj/chcoreasm_v7m.o
 .debug_line    0x0000000000000253     0x7f67 /tmp/ch.elf.yKprcf.ltrans0.ltrans.o
 .debug_line    0x00000000000081ba      0x282 /tmp/cckVrU0d.debug.temp.o
 .debug_line    0x000000000000843c      0x83b /tmp/cclC2Umf.debug.temp.o
 .debug_line    0x0000000000008c77      0x7f5 /tmp/ccJKeLJc.debug.temp.o
 .debug_line    0x000000000000946c      0x893 /tmp/ccJBHeWc.debug.temp.o
 .debug_line    0x0000000000009cff      0x881 /tmp/ccjrzcld.debug.temp.o
 .debug_line    0x000000000000a580      0x850 /tmp/ccYW8hCd.debug.temp.o
 .debug_line    0x000000000000add0      0x84e /tmp/cczy9B5f.debug.temp.o
 .debug_line    0x000000000000b61e      0x84e /tmp/cciGwnff.debug.temp.o
 .debug_line    0x000000000000be6c      0x876 /tmp/ccUiCzug.debug.temp.o
 .debug_line    0x000000000000c6e2      0x84e /tmp/ccnfazbe.debug.temp.o
 .debug_line    0x000000000000cf30      0x851 /tmp/ccPfTLle.debug.temp.o
 .debug_line    0x000000000000d781      0x7f6 /tmp/ccKev4kf.debug.temp.o
 .debug_line    0x000000000000df77      0x888 /tmp/ccgeHAYf.debug.temp.o
 .debug_line    0x000000000000e7ff      0x898 /tmp/ccRuhRGg.debug.temp.o
 .debug_line    0x000000000000f097      0x7f3 /tmp/cc39Dseg.debug.temp.o
 .debug_line    0x000000000000f88a      0x7fa /tmp/ccKWJuSe.debug.temp.o
 .debug_line    0x0000000000010084      0x7f8 /tmp/ccg2nXId.debug.temp.o
 .debug_line    0x000000000001087c      0x809 /tmp/ccvC2mvd.debug.temp.o
 .debug_line    0x0000000000011085      0x7a3 /tmp/ccfaOzFd.debug.temp.o
 .debug_line    0x0000000000011828      0x827 /tmp/cctueXmc.debug.temp.o
 .debug_line    0x000000000001204f      0x80a /tmp/ccSDaNIf.debug.temp.o
 .debug_line    0x0000000000012859      0x80b /tmp/ccprf1tf.debug.temp.o
 .debug_line    0x0000000000013064      0x7a3 /tmp/ccI258ee.debug.temp.o
 .debug_line    0x0000000000013807      0x80e /tmp/ccASYZxd.debug.temp.o
 .debug_line    0x0000000000014015      0x7fc /tmp/ccfSS4hd.debug.temp.o
 .debug_line    0x0000000000014811      0x541 /tmp/ccsHfZMg.debug.temp.o
 .debug_line    0x0000000000014d52      0x517 /tmp/ccv8uYrc.debug.temp.o
 .debug_line    0x0000000000015269      0x516 /tmp/ccMV9Qxf.debug.temp.o
 .debug_line    0x000000000001577f      0x53a /tmp/cczIoffc.debug.temp.o
 .debug_line    0x0000000000015cb9      0x4fb /tmp/ccGxoFpf.debug.temp.o
 .debug_line    0x00000000000161b4      0x540 /tmp/ccs59C3d.debug.temp.o
 .debug_line    0x00000000000166f4      0x50b /tmp/ccuoKxDd.debug.temp.o
 .debug_line    0x0000000000016bff      0x51c /tmp/cc2cXsYe.debug.temp.o
 .debug_line    0x000000000001711b      0x52e /tmp/ccTJEhnc.debug.temp.o
 .debug_line    0x0000000000017649      0x512 /tmp/cc81pF0d.debug.temp.o
 .debug_line    0x0000000000017b5b      0x514 /tmp/ccim8BWe.debug.temp.o
 .debug_line    0x000000000001806f      0x513 /tmp/cc2r7D3c.debug.temp.o
 .debug_line    0x0000000000018582      0x54a /tmp/ccX5tWxc.debug.temp.o
 .debug_line    0x0000000000018acc      0x55f /tmp/ccxfnqqd.debug.temp.o
 .debug_line    0x000000000001902b      0x4fc /tmp/ccPunF3f.debug.temp.o
 .debug_line    0x0000000000019527      0x82a /tmp/ccFlBO7e.debug.temp.o
 .debug_line    0x0000000000019d51      0x8ab /tmp/cc9Q1z2f.debug.temp.o
 .debug_line    0x000000000001a5fc      0x8ad /tmp/ccxvKeSc.debug.temp.o
 .debug_line    0x000000000001aea9      0x83a /tmp/ccSwJZse.debug.temp.o
 .debug_line    0x000000000001b6e3      0x86e /tmp/ccrrtOjd.debug.temp.o
 .debug_line    0x000000000001bf51      0x887 /tmp/cccQ3CMe.debug.temp.o
 .debug_line    0x000000000001c7d8      0x960 /tmp/cctwmyrf.debug.temp.o
 .debug_line    0x000000000001d138      0x7c4 /tmp/cc5XPYGe.debug.temp.o
 .debug_line    0x000000000001d8fc      0x7ed /tmp/cc2UYM2c.debug.temp.o
 .debug_line    0x000000000001e0e9      0x7a8 /tmp/cc830lGf.debug.temp.o
 .debug_line    0x000000000001e891      0x8df /tmp/cc1HF7bg.debug.temp.o

.debug_info     0x0000000000000000    0x5b55e
 .debug_info    0x0000000000000000       0x26 ./build/obj/crt0_v7m.o
 .debug_info    0x0000000000000026       0x26 ./build/obj/vectors.o
 .debug_info    0x000000000000004c       0x26 ./build/obj/chcoreasm_v7m.o
 .debug_info    0x0000000000000072     0xa4d6 /tmp/ch.elf.yKprcf.ltrans0.ltrans.o
 .debug_info    0x000000000000a548      0x35d /tmp/cckVrU0d.debug.temp.o
                0x000000000000a548                crt1.c.9f2294d0
 .debug_info    0x000000000000a8a5     0x17e0 /tmp/cclC2Umf.debug.temp.o
                0x000000000000a8a5                hal.c.fdd30db0
 .debug_info    0x000000000000c085     0x18e5 /tmp/ccJKeLJc.debug.temp.o
                0x000000000000c085                hal_st.c.2d8f4486
 .debug_info    0x000000000000d96a     0x281e /tmp/ccJBHeWc.debug.temp.o
                0x000000000000d96a                hal_buffers.c.fb5005f4
 .debug_info    0x0000000000010188     0x2637 /tmp/ccjrzcld.debug.temp.o
                0x0000000000010188                hal_queues.c.b798bfe7
 .debug_info    0x00000000000127bf     0x1ba3 /tmp/ccYW8hCd.debug.temp.o
                0x00000000000127bf                hal_flash.c.1a6aba4c
 .debug_info    0x0000000000014362     0x1acc /tmp/cczy9B5f.debug.temp.o
                0x0000000000014362                hal_i2c.c.c98ab5b7
 .debug_info    0x0000000000015e2e     0x19e8 /tmp/cciGwnff.debug.temp.o
                0x0000000000015e2e                hal_icu.c.0748049e
 .debug_info    0x0000000000017816     0x1994 /tmp/ccUiCzug.debug.temp.o
                0x0000000000017816                hal_pal.c.4112661a
 .debug_info    0x00000000000191aa     0x1a94 /tmp/ccnfazbe.debug.temp.o
                0x00000000000191aa                hal_pwm.c.4cc7fc70
 .debug_info    0x000000000001ac3e     0x1cb6 /tmp/ccPfTLle.debug.temp.o
                0x000000000001ac3e                hal_serial.c.56ee21bf
 .debug_info    0x000000000001c8f4     0x17d7 /tmp/ccKev4kf.debug.temp.o
                0x000000000001c8f4                hal_community.c.f4bf28ce
 .debug_info    0x000000000001e0cb     0x2531 /tmp/ccgeHAYf.debug.temp.o
                0x000000000001e0cb                hal_eeprom.c.f6ceebdd
 .debug_info    0x00000000000205fc     0x25e4 /tmp/ccRuhRGg.debug.temp.o
                0x00000000000205fc                hal_ee24xx.c.9d2e2a3f
 .debug_info    0x0000000000022be0     0x1bd8 /tmp/cc39Dseg.debug.temp.o
                0x0000000000022be0                nvic.c.076e99c8
 .debug_info    0x00000000000247b8     0x1926 /tmp/ccKWJuSe.debug.temp.o
                0x00000000000247b8                stm32_isr.c.69d2ea53
 .debug_info    0x00000000000260de     0x1958 /tmp/ccg2nXId.debug.temp.o
                0x00000000000260de                hal_lld.c.1b37c566
 .debug_info    0x0000000000027a36     0x1b6c /tmp/ccvC2mvd.debug.temp.o
                0x0000000000027a36                stm32_dma.c.0d998f98
 .debug_info    0x00000000000295a2     0x19cb /tmp/ccfaOzFd.debug.temp.o
                0x00000000000295a2                hal_pal_lld.c.4e438717
 .debug_info    0x000000000002af6d     0x1fa7 /tmp/cctueXmc.debug.temp.o
                0x000000000002af6d                hal_i2c_lld.c.27af9267
 .debug_info    0x000000000002cf14     0x1946 /tmp/ccSDaNIf.debug.temp.o
                0x000000000002cf14                hal_st_lld.c.61c0e0c5
 .debug_info    0x000000000002e85a     0x1a69 /tmp/ccprf1tf.debug.temp.o
                0x000000000002e85a                hal_icu_lld.c.0b241b20
 .debug_info    0x00000000000302c3     0x1a1e /tmp/ccI258ee.debug.temp.o
                0x00000000000302c3                hal_pwm_lld.c.1a02fbef
 .debug_info    0x0000000000031ce1     0x1ab9 /tmp/ccASYZxd.debug.temp.o
                0x0000000000031ce1                hal_serial_lld.c.292b3d84
 .debug_info    0x000000000003379a     0x17e7 /tmp/ccfSS4hd.debug.temp.o
                0x000000000003379a                board.c.6534d281
 .debug_info    0x0000000000034f81      0xfde /tmp/ccsHfZMg.debug.temp.o
                0x0000000000034f81                chsys.c.2bfb2544
 .debug_info    0x0000000000035f5f      0xbc1 /tmp/ccv8uYrc.debug.temp.o
                0x0000000000035f5f                chvt.c.b1c2528c
 .debug_info    0x0000000000036b20      0xd3f /tmp/ccMV9Qxf.debug.temp.o
                0x0000000000036b20                chschd.c.0cd0ce14
 .debug_info    0x000000000003785f     0x12bd /tmp/cczIoffc.debug.temp.o
                0x000000000003785f                chthreads.c.54e23fc4
 .debug_info    0x0000000000038b1c      0xcd9 /tmp/ccGxoFpf.debug.temp.o
                0x0000000000038b1c                chtm.c.5b528cac
 .debug_info    0x00000000000397f5     0x1427 /tmp/ccs59C3d.debug.temp.o
                0x00000000000397f5                chregistry.c.2fde1865
 .debug_info    0x000000000003ac1c      0xd74 /tmp/ccuoKxDd.debug.temp.o
                0x000000000003ac1c                chmtx.c.71a7c3b9
 .debug_info    0x000000000003b990      0xf8a /tmp/cc2cXsYe.debug.temp.o
                0x000000000003b990                chevents.c.afc6ad4c
 .debug_info    0x000000000003c91a      0xcf9 /tmp/ccTJEhnc.debug.temp.o
                0x000000000003c91a                chdynamic.c.56090a27
 .debug_info    0x000000000003d613      0xc20 /tmp/cc81pF0d.debug.temp.o
                0x000000000003d613                chmemcore.c.19741320
 .debug_info    0x000000000003e233      0xd16 /tmp/ccim8BWe.debug.temp.o
                0x000000000003e233                chmemheaps.c.f60cde3e
 .debug_info    0x000000000003ef49      0xdcb /tmp/cc2r7D3c.debug.temp.o
                0x000000000003ef49                chmempools.c.ebb1b7b0
 .debug_info    0x000000000003fd14      0xe4b /tmp/ccX5tWxc.debug.temp.o
                0x000000000003fd14                chdelegates.c.d30fae41
 .debug_info    0x0000000000040b5f     0x1cd3 /tmp/ccxfnqqd.debug.temp.o
                0x0000000000040b5f                chfactory.c.6b01d2e5
 .debug_info    0x0000000000042832     0x1a5b /tmp/ccPunF3f.debug.temp.o
                0x0000000000042832                chcore_v7m.c.4bc44274
 .debug_info    0x000000000004428d     0x1bbd /tmp/ccFlBO7e.debug.temp.o
                0x000000000004428d                chprintf.c.ad68f379
 .debug_info    0x0000000000045e4a     0x1b47 /tmp/cc9Q1z2f.debug.temp.o
                0x0000000000045e4a                chscanf.c.49d69e7a
 .debug_info    0x0000000000047991     0x2630 /tmp/ccxvKeSc.debug.temp.o
                0x0000000000047991                shell.c.ef3a7fed
 .debug_info    0x0000000000049fc1     0x2279 /tmp/ccSwJZse.debug.temp.o
                0x0000000000049fc1                shell_cmd.c.e0a894be
 .debug_info    0x000000000004c23a     0x229a /tmp/ccrrtOjd.debug.temp.o
                0x000000000004c23a                myStringfunctions.c.f5170504
 .debug_info    0x000000000004e4d4     0x24bf /tmp/cccQ3CMe.debug.temp.o
                0x000000000004e4d4                eeprom.c.5b9ce74a
 .debug_info    0x0000000000050993     0x2c41 /tmp/cctwmyrf.debug.temp.o
                0x0000000000050993                comm.c.7e60dc58
 .debug_info    0x00000000000535d4     0x1b7b /tmp/cc5XPYGe.debug.temp.o
                0x00000000000535d4                table.c.ddf3d6e8
 .debug_info    0x000000000005514f     0x262b /tmp/cc2UYM2c.debug.temp.o
                0x000000000005514f                i2c_local.c.39896252
 .debug_info    0x000000000005777a     0x185d /tmp/cc830lGf.debug.temp.o
                0x000000000005777a                hc05.c.f556d444
 .debug_info    0x0000000000058fd7     0x2587 /tmp/cc1HF7bg.debug.temp.o
                0x0000000000058fd7                main.c.6e4feae3

.debug_abbrev   0x0000000000000000     0x7e88
 .debug_abbrev  0x0000000000000000       0x14 ./build/obj/crt0_v7m.o
 .debug_abbrev  0x0000000000000014       0x14 ./build/obj/vectors.o
 .debug_abbrev  0x0000000000000028       0x14 ./build/obj/chcoreasm_v7m.o
 .debug_abbrev  0x000000000000003c      0x360 /tmp/ch.elf.yKprcf.ltrans0.ltrans.o
 .debug_abbrev  0x000000000000039c       0xff /tmp/cckVrU0d.debug.temp.o
 .debug_abbrev  0x000000000000049b      0x1cd /tmp/cclC2Umf.debug.temp.o
 .debug_abbrev  0x0000000000000668      0x253 /tmp/ccJKeLJc.debug.temp.o
 .debug_abbrev  0x00000000000008bb      0x31b /tmp/ccJBHeWc.debug.temp.o
 .debug_abbrev  0x0000000000000bd6      0x32e /tmp/ccjrzcld.debug.temp.o
 .debug_abbrev  0x0000000000000f04      0x21d /tmp/ccYW8hCd.debug.temp.o
 .debug_abbrev  0x0000000000001121      0x26f /tmp/cczy9B5f.debug.temp.o
 .debug_abbrev  0x0000000000001390      0x24d /tmp/cciGwnff.debug.temp.o
 .debug_abbrev  0x00000000000015dd      0x212 /tmp/ccUiCzug.debug.temp.o
 .debug_abbrev  0x00000000000017ef      0x23c /tmp/ccnfazbe.debug.temp.o
 .debug_abbrev  0x0000000000001a2b      0x29e /tmp/ccPfTLle.debug.temp.o
 .debug_abbrev  0x0000000000001cc9      0x1be /tmp/ccKev4kf.debug.temp.o
 .debug_abbrev  0x0000000000001e87      0x290 /tmp/ccgeHAYf.debug.temp.o
 .debug_abbrev  0x0000000000002117      0x2d1 /tmp/ccRuhRGg.debug.temp.o
 .debug_abbrev  0x00000000000023e8      0x248 /tmp/cc39Dseg.debug.temp.o
 .debug_abbrev  0x0000000000002630      0x1c7 /tmp/ccKWJuSe.debug.temp.o
 .debug_abbrev  0x00000000000027f7      0x1da /tmp/ccg2nXId.debug.temp.o
 .debug_abbrev  0x00000000000029d1      0x26e /tmp/ccvC2mvd.debug.temp.o
 .debug_abbrev  0x0000000000002c3f      0x1ed /tmp/ccfaOzFd.debug.temp.o
 .debug_abbrev  0x0000000000002e2c      0x2d6 /tmp/cctueXmc.debug.temp.o
 .debug_abbrev  0x0000000000003102      0x21c /tmp/ccSDaNIf.debug.temp.o
 .debug_abbrev  0x000000000000331e      0x2ab /tmp/ccprf1tf.debug.temp.o
 .debug_abbrev  0x00000000000035c9      0x216 /tmp/ccI258ee.debug.temp.o
 .debug_abbrev  0x00000000000037df      0x284 /tmp/ccASYZxd.debug.temp.o
 .debug_abbrev  0x0000000000003a63      0x1cb /tmp/ccfSS4hd.debug.temp.o
 .debug_abbrev  0x0000000000003c2e      0x303 /tmp/ccsHfZMg.debug.temp.o
 .debug_abbrev  0x0000000000003f31      0x252 /tmp/ccv8uYrc.debug.temp.o
 .debug_abbrev  0x0000000000004183      0x2ad /tmp/ccMV9Qxf.debug.temp.o
 .debug_abbrev  0x0000000000004430      0x29c /tmp/cczIoffc.debug.temp.o
 .debug_abbrev  0x00000000000046cc      0x1e0 /tmp/ccGxoFpf.debug.temp.o
 .debug_abbrev  0x00000000000048ac      0x2ae /tmp/ccs59C3d.debug.temp.o
 .debug_abbrev  0x0000000000004b5a      0x28f /tmp/ccuoKxDd.debug.temp.o
 .debug_abbrev  0x0000000000004de9      0x284 /tmp/cc2cXsYe.debug.temp.o
 .debug_abbrev  0x000000000000506d      0x20b /tmp/ccTJEhnc.debug.temp.o
 .debug_abbrev  0x0000000000005278      0x22d /tmp/cc81pF0d.debug.temp.o
 .debug_abbrev  0x00000000000054a5      0x270 /tmp/ccim8BWe.debug.temp.o
 .debug_abbrev  0x0000000000005715      0x273 /tmp/cc2r7D3c.debug.temp.o
 .debug_abbrev  0x0000000000005988      0x259 /tmp/ccX5tWxc.debug.temp.o
 .debug_abbrev  0x0000000000005be1      0x2f5 /tmp/ccxfnqqd.debug.temp.o
 .debug_abbrev  0x0000000000005ed6      0x2e9 /tmp/ccPunF3f.debug.temp.o
 .debug_abbrev  0x00000000000061bf      0x2a1 /tmp/ccFlBO7e.debug.temp.o
 .debug_abbrev  0x0000000000006460      0x286 /tmp/cc9Q1z2f.debug.temp.o
 .debug_abbrev  0x00000000000066e6      0x33e /tmp/ccxvKeSc.debug.temp.o
 .debug_abbrev  0x0000000000006a24      0x27e /tmp/ccSwJZse.debug.temp.o
 .debug_abbrev  0x0000000000006ca2      0x2ee /tmp/ccrrtOjd.debug.temp.o
 .debug_abbrev  0x0000000000006f90      0x261 /tmp/cccQ3CMe.debug.temp.o
 .debug_abbrev  0x00000000000071f1      0x2f3 /tmp/cctwmyrf.debug.temp.o
 .debug_abbrev  0x00000000000074e4      0x238 /tmp/cc5XPYGe.debug.temp.o
 .debug_abbrev  0x000000000000771c      0x2cd /tmp/cc2UYM2c.debug.temp.o
 .debug_abbrev  0x00000000000079e9      0x1be /tmp/cc830lGf.debug.temp.o
 .debug_abbrev  0x0000000000007ba7      0x2e1 /tmp/cc1HF7bg.debug.temp.o

.debug_aranges  0x0000000000000000      0x3e0
 .debug_aranges
                0x0000000000000000       0x20 ./build/obj/crt0_v7m.o
 .debug_aranges
                0x0000000000000020       0x20 ./build/obj/vectors.o
 .debug_aranges
                0x0000000000000040       0x20 ./build/obj/chcoreasm_v7m.o
 .debug_aranges
                0x0000000000000060      0x380 /tmp/ch.elf.yKprcf.ltrans0.ltrans.o

.debug_str      0x0000000000000000     0x5864
 .debug_str     0x0000000000000000       0xe2 ./build/obj/crt0_v7m.o
 .debug_str     0x00000000000000e2       0x6d ./build/obj/vectors.o
                                         0xe1 (size before relaxing)
 .debug_str     0x000000000000014f       0x71 ./build/obj/chcoreasm_v7m.o
                                         0xe5 (size before relaxing)
 .debug_str     0x00000000000001c0      0x1bc /tmp/ch.elf.yKprcf.ltrans0.ltrans.o
                                        0x24a (size before relaxing)
 .debug_str     0x000000000000037c      0x44a /tmp/cckVrU0d.debug.temp.o
                                        0x53b (size before relaxing)
 .debug_str     0x00000000000007c6      0xa1c /tmp/cclC2Umf.debug.temp.o
                                        0xd59 (size before relaxing)
 .debug_str     0x00000000000011e2      0x125 /tmp/ccJKeLJc.debug.temp.o
                                        0xe20 (size before relaxing)
 .debug_str     0x0000000000001307      0x6f0 /tmp/ccJBHeWc.debug.temp.o
                                       0x1456 (size before relaxing)
 .debug_str     0x00000000000019f7       0xfa /tmp/ccjrzcld.debug.temp.o
                                       0x12ce (size before relaxing)
 .debug_str     0x0000000000001af1      0x2a9 /tmp/ccYW8hCd.debug.temp.o
                                        0xfbf (size before relaxing)
 .debug_str     0x0000000000001d9a      0x125 /tmp/cczy9B5f.debug.temp.o
                                        0xe8d (size before relaxing)
 .debug_str     0x0000000000001ebf       0xda /tmp/cciGwnff.debug.temp.o
                                        0xe41 (size before relaxing)
 .debug_str     0x0000000000001f99       0xcd /tmp/ccUiCzug.debug.temp.o
                                        0xdd6 (size before relaxing)
 .debug_str     0x0000000000002066      0x12e /tmp/ccnfazbe.debug.temp.o
                                        0xe8e (size before relaxing)
 .debug_str     0x0000000000002194      0x14c /tmp/ccPfTLle.debug.temp.o
                                        0xedb (size before relaxing)
 .debug_str     0x00000000000022e0       0x72 /tmp/ccKev4kf.debug.temp.o
                                        0xd6d (size before relaxing)
 .debug_str     0x0000000000002352      0x1e3 /tmp/ccgeHAYf.debug.temp.o
                                       0x1316 (size before relaxing)
 .debug_str     0x0000000000002535       0xfe /tmp/ccRuhRGg.debug.temp.o
                                       0x12d8 (size before relaxing)
 .debug_str     0x0000000000002633      0x194 /tmp/cc39Dseg.debug.temp.o
                                        0xea1 (size before relaxing)
 .debug_str     0x00000000000027c7      0x34c /tmp/ccKWJuSe.debug.temp.o
                                       0x1047 (size before relaxing)
 .debug_str     0x0000000000002b13      0x10b /tmp/ccg2nXId.debug.temp.o
                                        0xe0b (size before relaxing)
 .debug_str     0x0000000000002c1e      0x145 /tmp/ccvC2mvd.debug.temp.o
                                        0xef1 (size before relaxing)
 .debug_str     0x0000000000002d63       0x98 /tmp/ccfaOzFd.debug.temp.o
                                        0xe0f (size before relaxing)
 .debug_str     0x0000000000002dfb      0x2eb /tmp/cctueXmc.debug.temp.o
                                       0x13b5 (size before relaxing)
 .debug_str     0x00000000000030e6       0xc1 /tmp/ccSDaNIf.debug.temp.o
                                        0xe9b (size before relaxing)
 .debug_str     0x00000000000031a7      0x14f /tmp/ccprf1tf.debug.temp.o
                                        0xefa (size before relaxing)
 .debug_str     0x00000000000032f6      0x178 /tmp/ccI258ee.debug.temp.o
                                        0xec6 (size before relaxing)
 .debug_str     0x000000000000346e       0xc4 /tmp/ccASYZxd.debug.temp.o
                                        0xee9 (size before relaxing)
 .debug_str     0x0000000000003532       0x71 /tmp/ccfSS4hd.debug.temp.o
                                        0xd79 (size before relaxing)
 .debug_str     0x00000000000035a3      0x2f6 /tmp/ccsHfZMg.debug.temp.o
                                        0xb1f (size before relaxing)
 .debug_str     0x0000000000003899       0x9b /tmp/ccv8uYrc.debug.temp.o
                                        0x852 (size before relaxing)
 .debug_str     0x0000000000003934      0x17b /tmp/ccMV9Qxf.debug.temp.o
                                        0x935 (size before relaxing)
 .debug_str     0x0000000000003aaf      0x28f /tmp/cczIoffc.debug.temp.o
                                        0xaa8 (size before relaxing)
 .debug_str     0x0000000000003d3e       0xec /tmp/ccGxoFpf.debug.temp.o
                                        0x8db (size before relaxing)
 .debug_str     0x0000000000003e2a       0xd4 /tmp/ccs59C3d.debug.temp.o
                                        0xc2a (size before relaxing)
 .debug_str     0x0000000000003efe       0xec /tmp/ccuoKxDd.debug.temp.o
                                        0x893 (size before relaxing)
 .debug_str     0x0000000000003fea      0x1d0 /tmp/cc2cXsYe.debug.temp.o
                                        0x99d (size before relaxing)
 .debug_str     0x00000000000041ba       0xcd /tmp/ccTJEhnc.debug.temp.o
                                        0x876 (size before relaxing)
 .debug_str     0x0000000000004287       0xd1 /tmp/cc81pF0d.debug.temp.o
                                        0x841 (size before relaxing)
 .debug_str     0x0000000000004358       0xcf /tmp/ccim8BWe.debug.temp.o
                                        0x856 (size before relaxing)
 .debug_str     0x0000000000004427      0x16f /tmp/cc2r7D3c.debug.temp.o
                                        0x8f2 (size before relaxing)
 .debug_str     0x0000000000004596      0x1ae /tmp/ccX5tWxc.debug.temp.o
                                        0x928 (size before relaxing)
 .debug_str     0x0000000000004744      0x415 /tmp/ccxfnqqd.debug.temp.o
                                        0xfe9 (size before relaxing)
 .debug_str     0x0000000000004b59      0x165 /tmp/ccPunF3f.debug.temp.o
                                       0x10ff (size before relaxing)
 .debug_str     0x0000000000004cbe      0x15b /tmp/ccFlBO7e.debug.temp.o
                                        0xe91 (size before relaxing)
 .debug_str     0x0000000000004e19       0xe2 /tmp/cc9Q1z2f.debug.temp.o
                                        0xe4a (size before relaxing)
 .debug_str     0x0000000000004efb      0x21d /tmp/ccxvKeSc.debug.temp.o
                                       0x139d (size before relaxing)
 .debug_str     0x0000000000005118       0x94 /tmp/ccSwJZse.debug.temp.o
                                       0x11fd (size before relaxing)
 .debug_str     0x00000000000051ac       0xe5 /tmp/ccrrtOjd.debug.temp.o
                                       0x11dc (size before relaxing)
 .debug_str     0x0000000000005291       0xee /tmp/cccQ3CMe.debug.temp.o
                                       0x12e6 (size before relaxing)
 .debug_str     0x000000000000537f      0x1ab /tmp/cctwmyrf.debug.temp.o
                                       0x148d (size before relaxing)
 .debug_str     0x000000000000552a      0x123 /tmp/cc5XPYGe.debug.temp.o
                                        0xe48 (size before relaxing)
 .debug_str     0x000000000000564d      0x128 /tmp/cc2UYM2c.debug.temp.o
                                       0x128d (size before relaxing)
 .debug_str     0x0000000000005775       0x1f /tmp/cc830lGf.debug.temp.o
                                        0xd3e (size before relaxing)
 .debug_str     0x0000000000005794       0xd0 /tmp/cc1HF7bg.debug.temp.o
                                       0x137b (size before relaxing)

.debug_loc      0x0000000000000000     0xa143
 .debug_loc     0x0000000000000000     0xa143 /tmp/ch.elf.yKprcf.ltrans0.ltrans.o

.debug_ranges   0x0000000000000000     0x4898
 .debug_ranges  0x0000000000000000     0x4898 /tmp/ch.elf.yKprcf.ltrans0.ltrans.o

.debug_frame    0x0000000000000000     0x12ec
 .debug_frame   0x0000000000000000      0xe14 /tmp/ch.elf.yKprcf.ltrans0.ltrans.o
 .debug_frame   0x0000000000000e14       0x30 /home/rob/Data/rob/Projects/ChibiStudio/ChibiStudio_20/tools/GNU Tools ARM Embedded/9.2.1 2019q4/bin/../lib/gcc/arm-none-eabi/9.2.1/../../../../arm-none-eabi/lib/thumb/v7-m/nofp/libg.a(lib_a-atoi.o)
 .debug_frame   0x0000000000000e44       0x80 /home/rob/Data/rob/Projects/ChibiStudio/ChibiStudio_20/tools/GNU Tools ARM Embedded/9.2.1 2019q4/bin/../lib/gcc/arm-none-eabi/9.2.1/../../../../arm-none-eabi/lib/thumb/v7-m/nofp/libg.a(lib_a-strtol.o)
 .debug_frame   0x0000000000000ec4       0x38 /home/rob/Data/rob/Projects/ChibiStudio/ChibiStudio_20/tools/GNU Tools ARM Embedded/9.2.1 2019q4/bin/../lib/gcc/arm-none-eabi/9.2.1/../../../../arm-none-eabi/lib/thumb/v7-m/nofp/libg.a(lib_a-memset.o)
 .debug_frame   0x0000000000000efc       0x40 /home/rob/Data/rob/Projects/ChibiStudio/ChibiStudio_20/tools/GNU Tools ARM Embedded/9.2.1 2019q4/bin/../lib/gcc/arm-none-eabi/9.2.1/../../../../arm-none-eabi/lib/thumb/v7-m/nofp/libg.a(lib_a-strchr.o)
 .debug_frame   0x0000000000000f3c       0x34 /home/rob/Data/rob/Projects/ChibiStudio/ChibiStudio_20/tools/GNU Tools ARM Embedded/9.2.1 2019q4/bin/../lib/gcc/arm-none-eabi/9.2.1/../../../../arm-none-eabi/lib/thumb/v7-m/nofp/libg.a(lib_a-strcmp.o)
 .debug_frame   0x0000000000000f70       0x34 /home/rob/Data/rob/Projects/ChibiStudio/ChibiStudio_20/tools/GNU Tools ARM Embedded/9.2.1 2019q4/bin/../lib/gcc/arm-none-eabi/9.2.1/../../../../arm-none-eabi/lib/thumb/v7-m/nofp/libg.a(lib_a-strpbrk.o)
 .debug_frame   0x0000000000000fa4       0x34 /home/rob/Data/rob/Projects/ChibiStudio/ChibiStudio_20/tools/GNU Tools ARM Embedded/9.2.1 2019q4/bin/../lib/gcc/arm-none-eabi/9.2.1/../../../../arm-none-eabi/lib/thumb/v7-m/nofp/libg.a(lib_a-strspn.o)